Archive member included to satisfy reference by file (symbol)

C:/ST/STM32CubeIDE_1.17.0/STM32CubeIDE/plugins/com.st.stm32cube.ide.mcu.externaltools.gnu-tools-for-stm32.12.3.rel1.win32_1.1.0.202410251130/tools/bin/../lib/gcc/arm-none-eabi/12.3.1/../../../../arm-none-eabi/lib/thumb/v7e-m+fp/hard\libc_nano.a(libc_a-exit.o)
                              C:/ST/STM32CubeIDE_1.17.0/STM32CubeIDE/plugins/com.st.stm32cube.ide.mcu.externaltools.gnu-tools-for-stm32.12.3.rel1.win32_1.1.0.202410251130/tools/bin/../lib/gcc/arm-none-eabi/12.3.1/../../../../arm-none-eabi/lib/thumb/v7e-m+fp/hard/crt0.o (exit)
C:/ST/STM32CubeIDE_1.17.0/STM32CubeIDE/plugins/com.st.stm32cube.ide.mcu.externaltools.gnu-tools-for-stm32.12.3.rel1.win32_1.1.0.202410251130/tools/bin/../lib/gcc/arm-none-eabi/12.3.1/../../../../arm-none-eabi/lib/thumb/v7e-m+fp/hard\libc_nano.a(libc_a-findfp.o)
                              ./Middlewares/Third_Party/FreeRTOS/Source/tasks.o (__sf)
C:/ST/STM32CubeIDE_1.17.0/STM32CubeIDE/plugins/com.st.stm32cube.ide.mcu.externaltools.gnu-tools-for-stm32.12.3.rel1.win32_1.1.0.202410251130/tools/bin/../lib/gcc/arm-none-eabi/12.3.1/../../../../arm-none-eabi/lib/thumb/v7e-m+fp/hard\libc_nano.a(libc_a-fwalk.o)
                              C:/ST/STM32CubeIDE_1.17.0/STM32CubeIDE/plugins/com.st.stm32cube.ide.mcu.externaltools.gnu-tools-for-stm32.12.3.rel1.win32_1.1.0.202410251130/tools/bin/../lib/gcc/arm-none-eabi/12.3.1/../../../../arm-none-eabi/lib/thumb/v7e-m+fp/hard\libc_nano.a(libc_a-findfp.o) (_fwalk_sglue)
C:/ST/STM32CubeIDE_1.17.0/STM32CubeIDE/plugins/com.st.stm32cube.ide.mcu.externaltools.gnu-tools-for-stm32.12.3.rel1.win32_1.1.0.202410251130/tools/bin/../lib/gcc/arm-none-eabi/12.3.1/../../../../arm-none-eabi/lib/thumb/v7e-m+fp/hard\libc_nano.a(libc_a-stdio.o)
                              C:/ST/STM32CubeIDE_1.17.0/STM32CubeIDE/plugins/com.st.stm32cube.ide.mcu.externaltools.gnu-tools-for-stm32.12.3.rel1.win32_1.1.0.202410251130/tools/bin/../lib/gcc/arm-none-eabi/12.3.1/../../../../arm-none-eabi/lib/thumb/v7e-m+fp/hard\libc_nano.a(libc_a-findfp.o) (__sread)
C:/ST/STM32CubeIDE_1.17.0/STM32CubeIDE/plugins/com.st.stm32cube.ide.mcu.externaltools.gnu-tools-for-stm32.12.3.rel1.win32_1.1.0.202410251130/tools/bin/../lib/gcc/arm-none-eabi/12.3.1/../../../../arm-none-eabi/lib/thumb/v7e-m+fp/hard\libc_nano.a(libc_a-memset.o)
                              C:/ST/STM32CubeIDE_1.17.0/STM32CubeIDE/plugins/com.st.stm32cube.ide.mcu.externaltools.gnu-tools-for-stm32.12.3.rel1.win32_1.1.0.202410251130/tools/bin/../lib/gcc/arm-none-eabi/12.3.1/../../../../arm-none-eabi/lib/thumb/v7e-m+fp/hard/crt0.o (memset)
C:/ST/STM32CubeIDE_1.17.0/STM32CubeIDE/plugins/com.st.stm32cube.ide.mcu.externaltools.gnu-tools-for-stm32.12.3.rel1.win32_1.1.0.202410251130/tools/bin/../lib/gcc/arm-none-eabi/12.3.1/../../../../arm-none-eabi/lib/thumb/v7e-m+fp/hard\libc_nano.a(libc_a-closer.o)
                              C:/ST/STM32CubeIDE_1.17.0/STM32CubeIDE/plugins/com.st.stm32cube.ide.mcu.externaltools.gnu-tools-for-stm32.12.3.rel1.win32_1.1.0.202410251130/tools/bin/../lib/gcc/arm-none-eabi/12.3.1/../../../../arm-none-eabi/lib/thumb/v7e-m+fp/hard\libc_nano.a(libc_a-stdio.o) (_close_r)
C:/ST/STM32CubeIDE_1.17.0/STM32CubeIDE/plugins/com.st.stm32cube.ide.mcu.externaltools.gnu-tools-for-stm32.12.3.rel1.win32_1.1.0.202410251130/tools/bin/../lib/gcc/arm-none-eabi/12.3.1/../../../../arm-none-eabi/lib/thumb/v7e-m+fp/hard\libc_nano.a(libc_a-reent.o)
                              ./Middlewares/Third_Party/FreeRTOS/Source/tasks.o (_reclaim_reent)
C:/ST/STM32CubeIDE_1.17.0/STM32CubeIDE/plugins/com.st.stm32cube.ide.mcu.externaltools.gnu-tools-for-stm32.12.3.rel1.win32_1.1.0.202410251130/tools/bin/../lib/gcc/arm-none-eabi/12.3.1/../../../../arm-none-eabi/lib/thumb/v7e-m+fp/hard\libc_nano.a(libc_a-impure.o)
                              ./Middlewares/Third_Party/FreeRTOS/Source/tasks.o (_impure_ptr)
C:/ST/STM32CubeIDE_1.17.0/STM32CubeIDE/plugins/com.st.stm32cube.ide.mcu.externaltools.gnu-tools-for-stm32.12.3.rel1.win32_1.1.0.202410251130/tools/bin/../lib/gcc/arm-none-eabi/12.3.1/../../../../arm-none-eabi/lib/thumb/v7e-m+fp/hard\libc_nano.a(libc_a-lseekr.o)
                              C:/ST/STM32CubeIDE_1.17.0/STM32CubeIDE/plugins/com.st.stm32cube.ide.mcu.externaltools.gnu-tools-for-stm32.12.3.rel1.win32_1.1.0.202410251130/tools/bin/../lib/gcc/arm-none-eabi/12.3.1/../../../../arm-none-eabi/lib/thumb/v7e-m+fp/hard\libc_nano.a(libc_a-stdio.o) (_lseek_r)
C:/ST/STM32CubeIDE_1.17.0/STM32CubeIDE/plugins/com.st.stm32cube.ide.mcu.externaltools.gnu-tools-for-stm32.12.3.rel1.win32_1.1.0.202410251130/tools/bin/../lib/gcc/arm-none-eabi/12.3.1/../../../../arm-none-eabi/lib/thumb/v7e-m+fp/hard\libc_nano.a(libc_a-readr.o)
[...]
Memory Configuration

Name             Origin             Length             Attributes
CCMRAM           0x10000000         0x00010000         xrw
RAM              0x20000000         0x00020000         xrw
FLASH            0x08000000         0x00020000         xr
*default*        0x00000000         0xffffffff

Linker script and memory map

LOAD C:/ST/STM32CubeIDE_1.17.0/STM32CubeIDE/plugins/com.st.stm32cube.ide.mcu.externaltools.gnu-tools-for-stm32.12.3.rel1.win32_1.1.0.202410251130/tools/bin/../lib/gcc/arm-none-eabi/12.3.1/thumb/v7e-m+fp/hard/crti.o
LOAD C:/ST/STM32CubeIDE_1.17.0/STM32CubeIDE/plugins/com.st.stm32cube.ide.mcu.externaltools.gnu-tools-for-stm32.12.3.rel1.win32_1.1.0.202410251130/tools/bin/../lib/gcc/arm-none-eabi/12.3.1/thumb/v7e-m+fp/hard/crtbegin.o
LOAD C:/ST/STM32CubeIDE_1.17.0/STM32CubeIDE/plugins/com.st.stm32cube.ide.mcu.externaltools.gnu-tools-for-stm32.12.3.rel1.win32_1.1.0.202410251130/tools/bin/../lib/gcc/arm-none-eabi/12.3.1/../../../../arm-none-eabi/lib/thumb/v7e-m+fp/hard/crt0.o
LOAD ./Core/Src/bootloader.o
LOAD ./Core/Src/crc.o
LOAD ./Core/Src/dma.o
LOAD ./Core/Src/flash_spi.o
LOAD ./Core/Src/flash_utils.o
LOAD ./Core/Src/freertos.o
LOAD ./Core/Src/gpio.o
LOAD ./Core/Src/main.o
LOAD ./Core/Src/spi.o
LOAD ./Core/Src/spi_flash.o
LOAD ./Core/Src/stm32f4xx_hal_msp.o
LOAD ./Core/Src/stm32f4xx_hal_timebase_tim.o
LOAD ./Core/Src/stm32f4xx_it.o
LOAD ./Core/Src/syscalls.o
LOAD ./Core/Src/sysmem.o
LOAD ./Core/Src/system_stm32f4xx.o
LOAD ./Core/Src/usart.o
LOAD ./Core/Startup/startup_stm32f407vetx.o
LOAD ./Drivers/STM32F4xx_HAL_Driver/Src/stm32f4xx_hal.o
LOAD ./Drivers/STM32F4xx_HAL_Driver/Src/stm32f4xx_hal_cortex.o
LOAD ./Drivers/STM32F4xx_HAL_Driver/Src/stm32f4xx_hal_dma.o
LOAD ./Drivers/STM32F4xx_HAL_Driver/Src/stm32f4xx_hal_dma_ex.o
LOAD ./Drivers/STM32F4xx_HAL_Driver/Src/stm32f4xx_hal_exti.o
LOAD ./Drivers/STM32F4xx_HAL_Driver/Src/stm32f4xx_hal_flash.o
LOAD ./Drivers/STM32F4xx_HAL_Driver/Src/stm32f4xx_hal_flash_ex.o
LOAD ./Drivers/STM32F4xx_HAL_Driver/Src/stm32f4xx_hal_flash_ramfunc.o
LOAD ./Drivers/STM32F4xx_HAL_Driver/Src/stm32f4xx_hal_gpio.o
LOAD ./Drivers/STM32F4xx_HAL_Driver/Src/stm32f4xx_hal_pwr.o
LOAD ./Drivers/STM32F4xx_HAL_Driver/Src/stm32f4xx_hal_pwr_ex.o
LOAD ./Drivers/STM32F4xx_HAL_Driver/Src/stm32f4xx_hal_rcc.o
LOAD ./Drivers/STM32F4xx_HAL_Driver/Src/stm32f4xx_hal_rcc_ex.o
LOAD ./Drivers/STM32F4xx_HAL_Driver/Src/stm32f4xx_hal_spi.o
LOAD ./Drivers/STM32F4xx_HAL_Driver/Src/stm32f4xx_hal_tim.o
LOAD ./Drivers/STM32F4xx_HAL_Driver/Src/stm32f4xx_hal_tim_ex.o
LOAD ./Drivers/STM32F4xx_HAL_Driver/Src/stm32f4xx_hal_uart.o
LOAD ./Middlewares/Third_Party/FreeRTOS/Source/CMSIS_RTOS/cmsis_os.o
LOAD ./Middlewares/Third_Party/FreeRTOS/Source/croutine.o
LOAD ./Middlewares/Third_Party/FreeRTOS/Source/event_groups.o
LOAD ./Middlewares/Third_Party/FreeRTOS/Source/list.o
LOAD ./Middlewares/Third_Party/FreeRTOS/Source/queue.o
LOAD ./Middlewares/Third_Party/FreeRTOS/Source/stream_buffer.o
LOAD ./Middlewares/Third_Party/FreeRTOS/Source/tasks.o
LOAD ./Middlewares/Third_Party/FreeRTOS/Source/timers.o
LOAD ./Middlewares/Third_Party/FreeRTOS/Source/portable/GCC/ARM_CM4F/port.o
LOAD ./Middlewares/Third_Party/FreeRTOS/Source/portable/MemMang/heap_4.o
START GROUP
LOAD C:/ST/STM32CubeIDE_1.17.0/STM32CubeIDE/plugins/com.st.stm32cube.ide.mcu.externaltools.gnu-tools-for-stm32.12.3.rel1.win32_1.1.0.202410251130/tools/bin/../lib/gcc/arm-none-eabi/12.3.1/../../../../arm-none-eabi/lib/thumb/v7e-m+fp/hard\libc_nano.a
LOAD C:/ST/STM32CubeIDE_1.17.0/STM32CubeIDE/plugins/com.st.stm32cube.ide.mcu.externaltools.gnu-tools-for-stm32.12.3.rel1.win32_1.1.0.202410251130/tools/bin/../lib/gcc/arm-none-eabi/12.3.1/../../../../arm-none-eabi/lib/thumb/v7e-m+fp/hard\libm.a
END GROUP
START GROUP
LOAD C:/ST/STM32CubeIDE_1.17.0/STM32CubeIDE/plugins/com.st.stm32cube.ide.mcu.externaltools.gnu-tools-for-stm32.12.3.rel1.win32_1.1.0.202410251130/tools/bin/../lib/gcc/arm-none-eabi/12.3.1/thumb/v7e-m+fp/hard\libgcc.a
LOAD C:/ST/STM32CubeIDE_1.17.0/STM32CubeIDE/plugins/com.st.stm32cube.ide.mcu.externaltools.gnu-tools-for-stm32.12.3.rel1.win32_1.1.0.202410251130/tools/bin/../lib/gcc/arm-none-eabi/12.3.1/../../../../arm-none-eabi/lib/thumb/v7e-m+fp/hard\libc_nano.a
END GROUP
START GROUP
LOAD C:/ST/STM32CubeIDE_1.17.0/STM32CubeIDE/plugins/com.st.stm32cube.ide.mcu.externaltools.gnu-tools-for-stm32.12.3.rel1.win32_1.1.0.202410251130/tools/bin/../lib/gcc/arm-none-eabi/12.3.1/thumb/v7e-m+fp/hard\libgcc.a
LOAD C:/ST/STM32CubeIDE_1.17.0/STM32CubeIDE/plugins/com.st.stm32cube.ide.mcu.externaltools.gnu-tools-for-stm32.12.3.rel1.win32_1.1.0.202410251130/tools/bin/../lib/gcc/arm-none-eabi/12.3.1/../../../../arm-none-eabi/lib/thumb/v7e-m+fp/hard\libc_nano.a
LOAD C:/ST/STM32CubeIDE_1.17.0/STM32CubeIDE/plugins/com.st.stm32cube.ide.mcu.externaltools.gnu-tools-for-stm32.12.3.rel1.win32_1.1.0.202410251130/tools/bin/../lib/gcc/arm-none-eabi/12.3.1/../../../../arm-none-eabi/lib/thumb/v7e-m+fp/hard\libnosys.a
END GROUP
START GROUP
LOAD C:/ST/STM32CubeIDE_1.17.0/STM32CubeIDE/plugins/com.st.stm32cube.ide.mcu.externaltools.gnu-tools-for-stm32.12.3.rel1.win32_1.1.0.202410251130/tools/bin/../lib/gcc/arm-none-eabi/12.3.1/thumb/v7e-m+fp/hard\libgcc.a
LOAD C:/ST/STM32CubeIDE_1.17.0/STM32CubeIDE/plugins/com.st.stm32cube.ide.mcu.externaltools.gnu-tools-for-stm32.12.3.rel1.win32_1.1.0.202410251130/tools/bin/../lib/gcc/arm-none-eabi/12.3.1/../../../../arm-none-eabi/lib/thumb/v7e-m+fp/hard\libc_nano.a
LOAD C:/ST/STM32CubeIDE_1.17.0/STM32CubeIDE/plugins/com.st.stm32cube.ide.mcu.externaltools.gnu-tools-for-stm32.12.3.rel1.win32_1.1.0.202410251130/tools/bin/../lib/gcc/arm-none-eabi/12.3.1/../../../../arm-none-eabi/lib/thumb/v7e-m+fp/hard\libnosys.a
END GROUP
LOAD C:/ST/STM32CubeIDE_1.17.0/STM32CubeIDE/plugins/com.st.stm32cube.ide.mcu.externaltools.gnu-tools-for-stm32.12.3.rel1.win32_1.1.0.202410251130/tools/bin/../lib/gcc/arm-none-eabi/12.3.1/thumb/v7e-m+fp/hard/crtend.o
LOAD C:/ST/STM32CubeIDE_1.17.0/STM32CubeIDE/plugins/com.st.stm32cube.ide.mcu.externaltools.gnu-tools-for-stm32.12.3.rel1.win32_1.1.0.202410251130/tools/bin/../lib/gcc/arm-none-eabi/12.3.1/thumb/v7e-m+fp/hard/crtn.o
                0x20020000                        _estack = (ORIGIN (RAM) + LENGTH (RAM))
                0x00000200                        _Min_Heap_Size = 0x200
                0x00000400                        _Min_Stack_Size = 0x400

.isr_vector     0x08000000      0x188
                0x08000000                        . = ALIGN (0x4)
 *(.isr_vector)
 .isr_vector    0x08000000      0x188 ./Core/Startup/startup_stm32f407vetx.o
                0x08000000                g_pfnVectors
                0x08000188                        . = ALIGN (0x4)

.text           0x08000190     0x4f04
                0x08000190                        . = ALIGN (0x4)
 *(.text)
 .text          0x08000190       0x40 C:/ST/STM32CubeIDE_1.17.0/STM32CubeIDE/plugins/com.st.stm32cube.ide.mcu.externaltools.gnu-tools-for-stm32.12.3.rel1.win32_1.1.0.202410251130/tools/bin/../lib/gcc/arm-none-eabi/12.3.1/thumb/v7e-m+fp/hard/crtbegin.o
 .text          0x080001d0       0x30 C:/ST/STM32CubeIDE_1.17.0/STM32CubeIDE/plugins/com.st.stm32cube.ide.mcu.externaltools.gnu-tools-for-stm32.12.3.rel1.win32_1.1.0.202410251130/tools/bin/../lib/gcc/arm-none-eabi/12.3.1/thumb/v7e-m+fp/hard\libgcc.a(_aeabi_uldivmod.o)
                0x080001d0                __aeabi_uldivmod
 .text          0x08000200      0x2bc C:/ST/STM32CubeIDE_1.17.0/STM32CubeIDE/plugins/com.st.stm32cube.ide.mcu.externaltools.gnu-tools-for-stm32.12.3.rel1.win32_1.1.0.202410251130/tools/bin/../lib/gcc/arm-none-eabi/12.3.1/thumb/v7e-m+fp/hard\libgcc.a(_udivmoddi4.o)
                0x08000200                __udivmoddi4
 .text          0x080004bc        0x4 C:/ST/STM32CubeIDE_1.17.0/STM32CubeIDE/plugins/com.st.stm32cube.ide.mcu.externaltools.gnu-tools-for-stm32.12.3.rel1.win32_1.1.0.202410251130/tools/bin/../lib/gcc/arm-none-eabi/12.3.1/thumb/v7e-m+fp/hard\libgcc.a(_dvmd_tls.o)
                0x080004bc                __aeabi_idiv0
                0x080004bc                __aeabi_ldiv0
 *(.text*)
 .text.Bootloader_InitStatus
                0x080004c0       0x18 ./Core/Src/bootloader.o
 .text.Bootloader_EnterRecoveryMode
                0x080004d8       0x18 ./Core/Src/bootloader.o
 .text.Bootloader_ValidateApplication
                0x080004f0       0x60 ./Core/Src/bootloader.o
 .text.Bootloader_Init
                0x08000550       0x50 ./Core/Src/bootloader.o
                0x08000550                Bootloader_Init
 .text.Bootloader_GetStatus
                0x080005a0       0x24 ./Core/Src/bootloader.o
                0x080005a0                Bootloader_GetStatus
 .text.Bootloader_IsApplicationValid
                0x080005c4        0x8 ./Core/Src/bootloader.o
                0x080005c4                Bootloader_IsApplicationValid
 .text.Bootloader_JumpToApplication
                0x080005cc       0xf0 ./Core/Src/bootloader.o
                0x080005cc                Bootloader_JumpToApplication
 .text.Bootloader_CheckBackupFirmware
                0x080006bc       0x74 ./Core/Src/bootloader.o
                0x080006bc                Bootloader_CheckBackupFirmware
 .text.Bootloader_ProcessState
                0x08000730      0x1cc ./Core/Src/bootloader.o
 .text.Bootloader_Run
                0x080008fc        0x8 ./Core/Src/bootloader.o
                0x080008fc                Bootloader_Run
 .text.MX_DMA_Init
                0x08000904       0x44 ./Core/Src/dma.o
                0x08000904                MX_DMA_Init
 .text.W25QXX_ResetInfo
                0x08000948        0xe ./Core/Src/flash_spi.o
 .text.W25QXX_InitDevice
                0x08000956       0x14 ./Core/Src/flash_spi.o
                0x08000956                W25QXX_InitDevice
 .text.W25QXX_Delay
                0x0800096a       0x16 ./Core/Src/flash_spi.o
                0x0800096a                W25QXX_Delay
 .text.W25QXX_SPI
                0x08000980       0x26 ./Core/Src/flash_spi.o
                0x08000980                W25QXX_SPI
 .text.W25QXX_ReadID
                0x080009a6       0x4a ./Core/Src/flash_spi.o
                0x080009a6                W25QXX_ReadID
 .text.W25QXX_ReadUniqID
                0x080009f0       0x50 ./Core/Src/flash_spi.o
                0x080009f0                W25QXX_ReadUniqID
 .text.W25QXX_Init
                0x08000a40      0x1c4 ./Core/Src/flash_spi.o
                0x08000a40                W25QXX_Init
 .text.W25QXX_SectorToPage
                0x08000c04        0xe ./Core/Src/flash_spi.o
                0x08000c04                W25QXX_SectorToPage
 .text.W25QXX_ReadBytes
                0x08000c12       0x92 ./Core/Src/flash_spi.o
                0x08000c12                W25QXX_ReadBytes
 .text.W25QXX_ReadPage
                0x08000ca4       0xb0 ./Core/Src/flash_spi.o
                0x08000ca4                W25QXX_ReadPage
 .text.W25QXX_ReadSector
                0x08000d54       0x62 ./Core/Src/flash_spi.o
                0x08000d54                W25QXX_ReadSector
 .text.W25QXX_ReadSettings
                0x08000db6       0x16 ./Core/Src/flash_spi.o
                0x08000db6                W25QXX_ReadSettings
 .text.FLASH_Utils_Unlock
                0x08000dcc        0x8 ./Core/Src/flash_utils.o
                0x08000dcc                FLASH_Utils_Unlock
 .text.FLASH_Utils_Lock
                0x08000dd4        0x8 ./Core/Src/flash_utils.o
                0x08000dd4                FLASH_Utils_Lock
 .text.FLASH_Utils_GetSector
                0x08000ddc       0x9c ./Core/Src/flash_utils.o
                0x08000ddc                FLASH_Utils_GetSector
 .text.FLASH_Utils_EraseSector
                0x08000e78       0x22 ./Core/Src/flash_utils.o
                0x08000e78                FLASH_Utils_EraseSector
 *fill*         0x08000e9a        0x2 
 .text.FLASH_Utils_SetBootloaderKey
                0x08000e9c       0x2c ./Core/Src/flash_utils.o
                0x08000e9c                FLASH_Utils_SetBootloaderKey
 .text.FLASH_Utils_ResetBootloaderKey
                0x08000ec8       0x28 ./Core/Src/flash_utils.o
                0x08000ec8                FLASH_Utils_ResetBootloaderKey
 .text.FLASH_Utils_ReadBootloaderKey
                0x08000ef0        0xc ./Core/Src/flash_utils.o
                0x08000ef0                FLASH_Utils_ReadBootloaderKey
 .text.FLASH_Utils_ReadResetCounter
                0x08000efc       0x14 ./Core/Src/flash_utils.o
                0x08000efc                FLASH_Utils_ReadResetCounter
 .text.FLASH_Utils_IncrementResetCounter
                0x08000f10       0x34 ./Core/Src/flash_utils.o
                0x08000f10                FLASH_Utils_IncrementResetCounter
 .text.FLASH_Utils_ResetResetCounter
                0x08000f44       0x28 ./Core/Src/flash_utils.o
                0x08000f44                FLASH_Utils_ResetResetCounter
 .text.__NVIC_SystemReset
                0x08000f6c       0x24 ./Core/Src/freertos.o
 .text.StartMainTask
                0x08000f90       0x24 ./Core/Src/freertos.o
                0x08000f90                StartMainTask
 .text.UartTask
                0x08000fb4        0xa ./Core/Src/freertos.o
                0x08000fb4                UartTask
 .text.EthTask  0x08000fbe        0xa ./Core/Src/freertos.o
                0x08000fbe                EthTask
 .text.BootloaderTask
                0x08000fc8        0xe ./Core/Src/freertos.o
                0x08000fc8                BootloaderTask
 *fill*         0x08000fd6        0x2 
 .text.vApplicationGetIdleTaskMemory
                0x08000fd8       0x18 ./Core/Src/freertos.o
                0x08000fd8                vApplicationGetIdleTaskMemory
 .text.MX_FREERTOS_Init
                0x08000ff0       0xc8 ./Core/Src/freertos.o
                0x08000ff0                MX_FREERTOS_Init
 .text.MX_GPIO_Init
                0x080010b8       0xe0 ./Core/Src/gpio.o
                0x080010b8                MX_GPIO_Init
 .text.HAL_TIM_PeriodElapsedCallback
                0x08001198       0x18 ./Core/Src/main.o
                0x08001198                HAL_TIM_PeriodElapsedCallback
 .text.Error_Handler
                0x080011b0        0x4 ./Core/Src/main.o
                0x080011b0                Error_Handler
 .text.SystemClock_Config
                0x080011b4       0xa8 ./Core/Src/main.o
                0x080011b4                SystemClock_Config
 .text.main     0x0800125c       0x54 ./Core/Src/main.o
                0x0800125c                main
 .text.MX_SPI3_Init
                0x080012b0       0x40 ./Core/Src/spi.o
                0x080012b0                MX_SPI3_Init
 .text.HAL_SPI_MspInit
                0x080012f0       0x70 ./Core/Src/spi.o
                0x080012f0                HAL_SPI_MspInit
 .text.HAL_SPI_MspDeInit
                0x08001360       0x30 ./Core/Src/spi.o
                0x08001360                HAL_SPI_MspDeInit
 .text.SPI_Flash_GetFirmwareAddress
                0x08001390       0x14 ./Core/Src/spi_flash.o
 .text.SPI_Flash_Init
                0x080013a4       0xa4 ./Core/Src/spi_flash.o
                0x080013a4                SPI_Flash_Init
 .text.SPI_Flash_Read
                0x08001448       0x24 ./Core/Src/spi_flash.o
                0x08001448                SPI_Flash_Read
 .text.SPI_Flash_ReadFirmwareMetadata
                0x0800146c       0x28 ./Core/Src/spi_flash.o
                0x0800146c                SPI_Flash_ReadFirmwareMetadata
 .text.SPI_Flash_VerifyFirmware
                0x08001494       0x74 ./Core/Src/spi_flash.o
                0x08001494                SPI_Flash_VerifyFirmware
 .text.SPI_Flash_CopyFirmwareToInternal
                0x08001508      0x198 ./Core/Src/spi_flash.o
                0x08001508                SPI_Flash_CopyFirmwareToInternal
 .text.HAL_MspInit
                0x080016a0       0x44 ./Core/Src/stm32f4xx_hal_msp.o
                0x080016a0                HAL_MspInit
 .text.HAL_InitTick
                0x080016e4       0xa4 ./Core/Src/stm32f4xx_hal_timebase_tim.o
                0x080016e4                HAL_InitTick
 .text.NMI_Handler
                0x08001788        0x2 ./Core/Src/stm32f4xx_it.o
                0x08001788                NMI_Handler
 .text.HardFault_Handler
                0x0800178a        0x2 ./Core/Src/stm32f4xx_it.o
                0x0800178a                HardFault_Handler
 .text.MemManage_Handler
                0x0800178c        0x2 ./Core/Src/stm32f4xx_it.o
                0x0800178c                MemManage_Handler
 .text.BusFault_Handler
                0x0800178e        0x2 ./Core/Src/stm32f4xx_it.o
                0x0800178e                BusFault_Handler
 .text.UsageFault_Handler
                0x08001790        0x2 ./Core/Src/stm32f4xx_it.o
                0x08001790                UsageFault_Handler
 .text.DebugMon_Handler
                0x08001792        0x2 ./Core/Src/stm32f4xx_it.o
                0x08001792                DebugMon_Handler
 .text.DMA1_Stream5_IRQHandler
                0x08001794       0x10 ./Core/Src/stm32f4xx_it.o
                0x08001794                DMA1_Stream5_IRQHandler
 .text.DMA1_Stream6_IRQHandler
                0x080017a4       0x10 ./Core/Src/stm32f4xx_it.o
                0x080017a4                DMA1_Stream6_IRQHandler
 .text.USART2_IRQHandler
                0x080017b4       0x10 ./Core/Src/stm32f4xx_it.o
                0x080017b4                USART2_IRQHandler
 .text.TIM8_TRG_COM_TIM14_IRQHandler
                0x080017c4       0x10 ./Core/Src/stm32f4xx_it.o
                0x080017c4                TIM8_TRG_COM_TIM14_IRQHandler
 .text.SystemInit
                0x080017d4       0x14 ./Core/Src/system_stm32f4xx.o
                0x080017d4                SystemInit
 .text.MX_USART2_UART_Init
                0x080017e8       0x34 ./Core/Src/usart.o
                0x080017e8                MX_USART2_UART_Init
 .text.HAL_UART_MspInit
                0x0800181c       0xfc ./Core/Src/usart.o
                0x0800181c                HAL_UART_MspInit
 .text.HAL_UART_MspDeInit
                0x08001918       0x40 ./Core/Src/usart.o
                0x08001918                HAL_UART_MspDeInit
 .text.Reset_Handler
                0x08001958       0x50 ./Core/Startup/startup_stm32f407vetx.o
                0x08001958                Reset_Handler
 .text.Default_Handler
                0x080019a8        0x2 ./Core/Startup/startup_stm32f407vetx.o
                0x080019a8                RTC_Alarm_IRQHandler
                0x080019a8                HASH_RNG_IRQHandler
                0x080019a8                EXTI2_IRQHandler
                0x080019a8                TIM8_CC_IRQHandler
                0x080019a8                TIM1_CC_IRQHandler
                0x080019a8                DMA2_Stream5_IRQHandler
                0x080019a8                PVD_IRQHandler
                0x080019a8                SDIO_IRQHandler
                0x080019a8                TAMP_STAMP_IRQHandler
                0x080019a8                CAN2_RX1_IRQHandler
                0x080019a8                EXTI3_IRQHandler
                0x080019a8                TIM1_UP_TIM10_IRQHandler
                0x080019a8                TIM8_UP_TIM13_IRQHandler
                0x080019a8                I2C3_ER_IRQHandler
                0x080019a8                EXTI0_IRQHandler
                0x080019a8                I2C2_EV_IRQHandler
                0x080019a8                DMA1_Stream2_IRQHandler
                0x080019a8                CAN1_RX0_IRQHandler
                0x080019a8                FPU_IRQHandler
                0x080019a8                OTG_HS_WKUP_IRQHandler
                0x080019a8                CAN2_SCE_IRQHandler
                0x080019a8                DMA2_Stream2_IRQHandler
                0x080019a8                SPI1_IRQHandler
                0x080019a8                TIM6_DAC_IRQHandler
                0x080019a8                TIM1_BRK_TIM9_IRQHandler
                0x080019a8                DCMI_IRQHandler
                0x080019a8                CAN2_RX0_IRQHandler
                0x080019a8                DMA2_Stream3_IRQHandler
                0x080019a8                USART6_IRQHandler
                0x080019a8                USART3_IRQHandler
                0x080019a8                CAN1_RX1_IRQHandler
                0x080019a8                UART5_IRQHandler
                0x080019a8                DMA2_Stream0_IRQHandler
                0x080019a8                TIM4_IRQHandler
                0x080019a8                I2C1_EV_IRQHandler
                0x080019a8                DMA1_Stream1_IRQHandler
                0x080019a8                UART4_IRQHandler
                0x080019a8                TIM3_IRQHandler
                0x080019a8                RCC_IRQHandler
                0x080019a8                TIM8_BRK_TIM12_IRQHandler
                0x080019a8                Default_Handler
                0x080019a8                EXTI15_10_IRQHandler
                0x080019a8                ADC_IRQHandler
                0x080019a8                DMA1_Stream7_IRQHandler
                0x080019a8                TIM7_IRQHandler
                0x080019a8                CAN2_TX_IRQHandler
                0x080019a8                TIM5_IRQHandler
                0x080019a8                DMA2_Stream7_IRQHandler
                0x080019a8                I2C3_EV_IRQHandler
                0x080019a8                EXTI9_5_IRQHandler
                0x080019a8                RTC_WKUP_IRQHandler
                0x080019a8                ETH_WKUP_IRQHandler
                0x080019a8                SPI2_IRQHandler
                0x080019a8                OTG_HS_EP1_IN_IRQHandler
                0x080019a8                DMA1_Stream0_IRQHandler
                0x080019a8                CAN1_TX_IRQHandler
                0x080019a8                EXTI4_IRQHandler
                0x080019a8                FSMC_IRQHandler
                0x080019a8                ETH_IRQHandler
                0x080019a8                OTG_HS_EP1_OUT_IRQHandler
                0x080019a8                WWDG_IRQHandler
                0x080019a8                TIM2_IRQHandler
                0x080019a8                OTG_FS_WKUP_IRQHandler
                0x080019a8                TIM1_TRG_COM_TIM11_IRQHandler
                0x080019a8                OTG_HS_IRQHandler
                0x080019a8                EXTI1_IRQHandler
                0x080019a8                I2C2_ER_IRQHandler
                0x080019a8                DMA2_Stream1_IRQHandler
                0x080019a8                CAN1_SCE_IRQHandler
                0x080019a8                FLASH_IRQHandler
                0x080019a8                DMA2_Stream4_IRQHandler
                0x080019a8                USART1_IRQHandler
                0x080019a8                OTG_FS_IRQHandler
                0x080019a8                SPI3_IRQHandler
                0x080019a8                DMA1_Stream4_IRQHandler
                0x080019a8                I2C1_ER_IRQHandler
                0x080019a8                DMA2_Stream6_IRQHandler
                0x080019a8                DMA1_Stream3_IRQHandler
 *fill*         0x080019aa        0x2 
 .text.HAL_Init
                0x080019ac       0x34 ./Drivers/STM32F4xx_HAL_Driver/Src/stm32f4xx_hal.o
                0x080019ac                HAL_Init
 .text.HAL_IncTick
                0x080019e0       0x18 ./Drivers/STM32F4xx_HAL_Driver/Src/stm32f4xx_hal.o
                0x080019e0                HAL_IncTick
 .text.HAL_GetTick
                0x080019f8        0xc ./Drivers/STM32F4xx_HAL_Driver/Src/stm32f4xx_hal.o
                0x080019f8                HAL_GetTick
 .text.HAL_Delay
                0x08001a04       0x28 ./Drivers/STM32F4xx_HAL_Driver/Src/stm32f4xx_hal.o
                0x08001a04                HAL_Delay
 .text.__NVIC_EnableIRQ
                0x08001a2c       0x1c ./Drivers/STM32F4xx_HAL_Driver/Src/stm32f4xx_hal_cortex.o
 .text.__NVIC_DisableIRQ
                0x08001a48       0x24 ./Drivers/STM32F4xx_HAL_Driver/Src/stm32f4xx_hal_cortex.o
 .text.__NVIC_SetPriority
                0x08001a6c       0x28 ./Drivers/STM32F4xx_HAL_Driver/Src/stm32f4xx_hal_cortex.o
 .text.NVIC_EncodePriority
                0x08001a94       0x3e ./Drivers/STM32F4xx_HAL_Driver/Src/stm32f4xx_hal_cortex.o
 *fill*         0x08001ad2        0x2 
 .text.HAL_NVIC_SetPriorityGrouping
                0x08001ad4       0x24 ./Drivers/STM32F4xx_HAL_Driver/Src/stm32f4xx_hal_cortex.o
                0x08001ad4                HAL_NVIC_SetPriorityGrouping
 .text.HAL_NVIC_SetPriority
                0x08001af8       0x20 ./Drivers/STM32F4xx_HAL_Driver/Src/stm32f4xx_hal_cortex.o
                0x08001af8                HAL_NVIC_SetPriority
 .text.HAL_NVIC_EnableIRQ
                0x08001b18        0x8 ./Drivers/STM32F4xx_HAL_Driver/Src/stm32f4xx_hal_cortex.o
                0x08001b18                HAL_NVIC_EnableIRQ
 .text.HAL_NVIC_DisableIRQ
                0x08001b20        0x8 ./Drivers/STM32F4xx_HAL_Driver/Src/stm32f4xx_hal_cortex.o
                0x08001b20                HAL_NVIC_DisableIRQ
 .text.DMA_CalcBaseAndBitshift
                0x08001b28       0x44 ./Drivers/STM32F4xx_HAL_Driver/Src/stm32f4xx_hal_dma.o
 .text.DMA_CheckFifoParam
                0x08001b6c       0x8e ./Drivers/STM32F4xx_HAL_Driver/Src/stm32f4xx_hal_dma.o
 *fill*         0x08001bfa        0x2 
 .text.HAL_DMA_Init
                0x08001bfc       0xcc ./Drivers/STM32F4xx_HAL_Driver/Src/stm32f4xx_hal_dma.o
                0x08001bfc                HAL_DMA_Init
 .text.HAL_DMA_DeInit
                0x08001cc8       0x64 ./Drivers/STM32F4xx_HAL_Driver/Src/stm32f4xx_hal_dma.o
                0x08001cc8                HAL_DMA_DeInit
 .text.HAL_DMA_Abort
                0x08001d2c       0x94 ./Drivers/STM32F4xx_HAL_Driver/Src/stm32f4xx_hal_dma.o
                0x08001d2c                HAL_DMA_Abort
 .text.HAL_DMA_Abort_IT
                0x08001dc0       0x26 ./Drivers/STM32F4xx_HAL_Driver/Src/stm32f4xx_hal_dma.o
                0x08001dc0                HAL_DMA_Abort_IT
 *fill*         0x08001de6        0x2 
 .text.HAL_DMA_IRQHandler
                0x08001de8      0x1dc ./Drivers/STM32F4xx_HAL_Driver/Src/stm32f4xx_hal_dma.o
                0x08001de8                HAL_DMA_IRQHandler
 .text.FLASH_Program_DoubleWord
                0x08001fc4       0x30 ./Drivers/STM32F4xx_HAL_Driver/Src/stm32f4xx_hal_flash.o
 .text.FLASH_Program_Word
                0x08001ff4       0x24 ./Drivers/STM32F4xx_HAL_Driver/Src/stm32f4xx_hal_flash.o
 .text.FLASH_Program_HalfWord
                0x08002018       0x24 ./Drivers/STM32F4xx_HAL_Driver/Src/stm32f4xx_hal_flash.o
 .text.FLASH_Program_Byte
                0x0800203c       0x20 ./Drivers/STM32F4xx_HAL_Driver/Src/stm32f4xx_hal_flash.o
 .text.FLASH_SetErrorCode
                0x0800205c       0x8c ./Drivers/STM32F4xx_HAL_Driver/Src/stm32f4xx_hal_flash.o
 .text.HAL_FLASH_Unlock
                0x080020e8       0x30 ./Drivers/STM32F4xx_HAL_Driver/Src/stm32f4xx_hal_flash.o
                0x080020e8                HAL_FLASH_Unlock
 .text.HAL_FLASH_Lock
                0x08002118       0x14 ./Drivers/STM32F4xx_HAL_Driver/Src/stm32f4xx_hal_flash.o
                0x08002118                HAL_FLASH_Lock
 .text.FLASH_WaitForLastOperation
                0x0800212c       0x60 ./Drivers/STM32F4xx_HAL_Driver/Src/stm32f4xx_hal_flash.o
                0x0800212c                FLASH_WaitForLastOperation
 .text.HAL_FLASH_Program
                0x0800218c       0x7c ./Drivers/STM32F4xx_HAL_Driver/Src/stm32f4xx_hal_flash.o
                0x0800218c                HAL_FLASH_Program
 .text.FLASH_MassErase
                0x08002208       0x24 ./Drivers/STM32F4xx_HAL_Driver/Src/stm32f4xx_hal_flash_ex.o
 .text.FLASH_Erase_Sector
                0x0800222c       0x4c ./Drivers/STM32F4xx_HAL_Driver/Src/stm32f4xx_hal_flash_ex.o
                0x0800222c                FLASH_Erase_Sector
 .text.FLASH_FlushCaches
                0x08002278       0x60 ./Drivers/STM32F4xx_HAL_Driver/Src/stm32f4xx_hal_flash_ex.o
                0x08002278                FLASH_FlushCaches
 .text.HAL_FLASHEx_Erase
                0x080022d8       0x94 ./Drivers/STM32F4xx_HAL_Driver/Src/stm32f4xx_hal_flash_ex.o
                0x080022d8                HAL_FLASHEx_Erase
 .text.HAL_GPIO_Init
                0x0800236c      0x1ec ./Drivers/STM32F4xx_HAL_Driver/Src/stm32f4xx_hal_gpio.o
                0x0800236c                HAL_GPIO_Init
 .text.HAL_GPIO_DeInit
                0x08002558      0x134 ./Drivers/STM32F4xx_HAL_Driver/Src/stm32f4xx_hal_gpio.o
                0x08002558                HAL_GPIO_DeInit
 .text.HAL_GPIO_WritePin
                0x0800268c        0xc ./Drivers/STM32F4xx_HAL_Driver/Src/stm32f4xx_hal_gpio.o
                0x0800268c                HAL_GPIO_WritePin
 .text.HAL_RCC_OscConfig
                0x08002698      0x3f8 ./Drivers/STM32F4xx_HAL_Driver/Src/stm32f4xx_hal_rcc.o
                0x08002698                HAL_RCC_OscConfig
 .text.HAL_RCC_GetSysClockFreq
                0x08002a90       0xa8 ./Drivers/STM32F4xx_HAL_Driver/Src/stm32f4xx_hal_rcc.o
                0x08002a90                HAL_RCC_GetSysClockFreq
 .text.HAL_RCC_ClockConfig
                0x08002b38      0x160 ./Drivers/STM32F4xx_HAL_Driver/Src/stm32f4xx_hal_rcc.o
                0x08002b38                HAL_RCC_ClockConfig
 .text.HAL_RCC_GetHCLKFreq
                0x08002c98        0xc ./Drivers/STM32F4xx_HAL_Driver/Src/stm32f4xx_hal_rcc.o
                0x08002c98                HAL_RCC_GetHCLKFreq
 .text.HAL_RCC_GetPCLK1Freq
                0x08002ca4       0x20 ./Drivers/STM32F4xx_HAL_Driver/Src/stm32f4xx_hal_rcc.o
                0x08002ca4                HAL_RCC_GetPCLK1Freq
 .text.HAL_RCC_GetPCLK2Freq
                0x08002cc4       0x20 ./Drivers/STM32F4xx_HAL_Driver/Src/stm32f4xx_hal_rcc.o
                0x08002cc4                HAL_RCC_GetPCLK2Freq
 .text.HAL_RCC_GetClockConfig
                0x08002ce4       0x3c ./Drivers/STM32F4xx_HAL_Driver/Src/stm32f4xx_hal_rcc.o
                0x08002ce4                HAL_RCC_GetClockConfig
 .text.HAL_RCC_DeInit
                0x08002d20      0x13c ./Drivers/STM32F4xx_HAL_Driver/Src/stm32f4xx_hal_rcc_ex.o
                0x08002d20                HAL_RCC_DeInit
 .text.SPI_WaitFlagStateUntilTimeout
                0x08002e5c       0xc8 ./Drivers/STM32F4xx_HAL_Driver/Src/stm32f4xx_hal_spi.o
 .text.SPI_EndRxTxTransaction
                0x08002f24       0x80 ./Drivers/STM32F4xx_HAL_Driver/Src/stm32f4xx_hal_spi.o
 .text.SPI_EndRxTransaction
                0x08002fa4       0x8c ./Drivers/STM32F4xx_HAL_Driver/Src/stm32f4xx_hal_spi.o
 .text.HAL_SPI_Init
                0x08003030       0xbe ./Drivers/STM32F4xx_HAL_Driver/Src/stm32f4xx_hal_spi.o
                0x08003030                HAL_SPI_Init
 .text.HAL_SPI_DeInit
                0x080030ee       0x2c ./Drivers/STM32F4xx_HAL_Driver/Src/stm32f4xx_hal_spi.o
                0x080030ee                HAL_SPI_DeInit
 .text.HAL_SPI_TransmitReceive
                0x0800311a      0x244 ./Drivers/STM32F4xx_HAL_Driver/Src/stm32f4xx_hal_spi.o
                0x0800311a                HAL_SPI_TransmitReceive
 .text.HAL_SPI_Receive
                0x0800335e      0x17e ./Drivers/STM32F4xx_HAL_Driver/Src/stm32f4xx_hal_spi.o
                0x0800335e                HAL_SPI_Receive
 .text.HAL_TIM_Base_MspInit
                0x080034dc        0x2 ./Drivers/STM32F4xx_HAL_Driver/Src/stm32f4xx_hal_tim.o
                0x080034dc                HAL_TIM_Base_MspInit
 .text.HAL_TIM_Base_MspDeInit
                0x080034de        0x2 ./Drivers/STM32F4xx_HAL_Driver/Src/stm32f4xx_hal_tim.o
                0x080034de                HAL_TIM_Base_MspDeInit
 .text.HAL_TIM_Base_DeInit
                0x080034e0       0x5e ./Drivers/STM32F4xx_HAL_Driver/Src/stm32f4xx_hal_tim.o
                0x080034e0                HAL_TIM_Base_DeInit
 *fill*         0x0800353e        0x2 
 .text.HAL_TIM_Base_Start_IT
                0x08003540       0x88 ./Drivers/STM32F4xx_HAL_Driver/Src/stm32f4xx_hal_tim.o
                0x08003540                HAL_TIM_Base_Start_IT
 .text.HAL_TIM_OC_DelayElapsedCallback
                0x080035c8        0x2 ./Drivers/STM32F4xx_HAL_Driver/Src/stm32f4xx_hal_tim.o
                0x080035c8                HAL_TIM_OC_DelayElapsedCallback
 .text.HAL_TIM_IC_CaptureCallback
                0x080035ca        0x2 ./Drivers/STM32F4xx_HAL_Driver/Src/stm32f4xx_hal_tim.o
                0x080035ca                HAL_TIM_IC_CaptureCallback
 .text.HAL_TIM_PWM_PulseFinishedCallback
                0x080035cc        0x2 ./Drivers/STM32F4xx_HAL_Driver/Src/stm32f4xx_hal_tim.o
                0x080035cc                HAL_TIM_PWM_PulseFinishedCallback
 .text.HAL_TIM_TriggerCallback
                0x080035ce        0x2 ./Drivers/STM32F4xx_HAL_Driver/Src/stm32f4xx_hal_tim.o
                0x080035ce                HAL_TIM_TriggerCallback
 .text.HAL_TIM_IRQHandler
                0x080035d0      0x15e ./Drivers/STM32F4xx_HAL_Driver/Src/stm32f4xx_hal_tim.o
                0x080035d0                HAL_TIM_IRQHandler
 *fill*         0x0800372e        0x2 
 .text.TIM_Base_SetConfig
                0x08003730       0xd8 ./Drivers/STM32F4xx_HAL_Driver/Src/stm32f4xx_hal_tim.o
                0x08003730                TIM_Base_SetConfig
 .text.HAL_TIM_Base_Init
                0x08003808       0x58 ./Drivers/STM32F4xx_HAL_Driver/Src/stm32f4xx_hal_tim.o
                0x08003808                HAL_TIM_Base_Init
 .text.HAL_TIMEx_CommutCallback
                0x08003860        0x2 ./Drivers/STM32F4xx_HAL_Driver/Src/stm32f4xx_hal_tim_ex.o
                0x08003860                HAL_TIMEx_CommutCallback
 .text.HAL_TIMEx_BreakCallback
                0x08003862        0x2 ./Drivers/STM32F4xx_HAL_Driver/Src/stm32f4xx_hal_tim_ex.o
                0x08003862                HAL_TIMEx_BreakCallback
 .text.UART_EndRxTransfer
                0x08003864       0x5c ./Drivers/STM32F4xx_HAL_Driver/Src/stm32f4xx_hal_uart.o
 .text.UART_Transmit_IT
                0x080038c0       0x60 ./Drivers/STM32F4xx_HAL_Driver/Src/stm32f4xx_hal_uart.o
 .text.UART_SetConfig
                0x08003920      0x110 ./Drivers/STM32F4xx_HAL_Driver/Src/stm32f4xx_hal_uart.o
 .text.HAL_UART_Init
                0x08003a30       0x60 ./Drivers/STM32F4xx_HAL_Driver/Src/stm32f4xx_hal_uart.o
                0x08003a30                HAL_UART_Init
 .text.HAL_UART_DeInit
                0x08003a90       0x34 ./Drivers/STM32F4xx_HAL_Driver/Src/stm32f4xx_hal_uart.o
                0x08003a90                HAL_UART_DeInit
 .text.HAL_UART_TxCpltCallback
                0x08003ac4        0x2 ./Drivers/STM32F4xx_HAL_Driver/Src/stm32f4xx_hal_uart.o
                0x08003ac4                HAL_UART_TxCpltCallback
 .text.UART_EndTransmit_IT
                0x08003ac6       0x1a ./Drivers/STM32F4xx_HAL_Driver/Src/stm32f4xx_hal_uart.o
 .text.HAL_UART_RxCpltCallback
                0x08003ae0        0x2 ./Drivers/STM32F4xx_HAL_Driver/Src/stm32f4xx_hal_uart.o
                0x08003ae0                HAL_UART_RxCpltCallback
 .text.HAL_UART_ErrorCallback
                0x08003ae2        0x2 ./Drivers/STM32F4xx_HAL_Driver/Src/stm32f4xx_hal_uart.o
                0x08003ae2                HAL_UART_ErrorCallback
 .text.UART_DMAAbortOnError
                0x08003ae4       0x10 ./Drivers/STM32F4xx_HAL_Driver/Src/stm32f4xx_hal_uart.o
 .text.HAL_UARTEx_RxEventCallback
                0x08003af4        0x2 ./Drivers/STM32F4xx_HAL_Driver/Src/stm32f4xx_hal_uart.o
                0x08003af4                HAL_UARTEx_RxEventCallback
 .text.UART_Receive_IT
                0x08003af6       0xe6 ./Drivers/STM32F4xx_HAL_Driver/Src/stm32f4xx_hal_uart.o
 .text.HAL_UART_IRQHandler
                0x08003bdc      0x284 ./Drivers/STM32F4xx_HAL_Driver/Src/stm32f4xx_hal_uart.o
                0x08003bdc                HAL_UART_IRQHandler
 .text.makeFreeRtosPriority
                0x08003e60        0xc ./Middlewares/Third_Party/FreeRTOS/Source/CMSIS_RTOS/cmsis_os.o
 .text.osKernelStart
                0x08003e6c        0xa ./Middlewares/Third_Party/FreeRTOS/Source/CMSIS_RTOS/cmsis_os.o
                0x08003e6c                osKernelStart
 .text.osThreadCreate
                0x08003e76       0x66 ./Middlewares/Third_Party/FreeRTOS/Source/CMSIS_RTOS/cmsis_os.o
                0x08003e76                osThreadCreate
 .text.osDelay  0x08003edc        0xe ./Middlewares/Third_Party/FreeRTOS/Source/CMSIS_RTOS/cmsis_os.o
                0x08003edc                osDelay
 .text.osMessageCreate
                0x08003eea       0x2a ./Middlewares/Third_Party/FreeRTOS/Source/CMSIS_RTOS/cmsis_os.o
                0x08003eea                osMessageCreate
 .text.vListInitialise
                0x08003f14       0x16 ./Middlewares/Third_Party/FreeRTOS/Source/list.o
                0x08003f14                vListInitialise
 .text.vListInitialiseItem
                0x08003f2a        0x6 ./Middlewares/Third_Party/FreeRTOS/Source/list.o
                0x08003f2a                vListInitialiseItem
 .text.vListInsertEnd
                0x08003f30       0x16 ./Middlewares/Third_Party/FreeRTOS/Source/list.o
                0x08003f30                vListInsertEnd
 .text.vListInsert
                0x08003f46       0x32 ./Middlewares/Third_Party/FreeRTOS/Source/list.o
                0x08003f46                vListInsert
 .text.uxListRemove
                0x08003f78       0x26 ./Middlewares/Third_Party/FreeRTOS/Source/list.o
                0x08003f78                uxListRemove
 .text.xQueueGenericReset
                0x08003f9e       0x84 ./Middlewares/Third_Party/FreeRTOS/Source/queue.o
                0x08003f9e                xQueueGenericReset
 .text.prvInitialiseNewQueue
                0x08004022       0x1c ./Middlewares/Third_Party/FreeRTOS/Source/queue.o
 .text.xQueueGenericCreateStatic
                0x0800403e       0x94 ./Middlewares/Third_Party/FreeRTOS/Source/queue.o
                0x0800403e                xQueueGenericCreateStatic
 .text.xQueueGenericCreate
                0x080040d2       0x48 ./Middlewares/Third_Party/FreeRTOS/Source/queue.o
                0x080040d2                xQueueGenericCreate
 *fill*         0x0800411a        0x2 
 .text.prvResetNextTaskUnblockTime
                0x0800411c       0x2c ./Middlewares/Third_Party/FreeRTOS/Source/tasks.o
 .text.prvInitialiseNewTask
                0x08004148       0xbc ./Middlewares/Third_Party/FreeRTOS/Source/tasks.o
 .text.prvInitialiseTaskLists
                0x08004204       0x68 ./Middlewares/Third_Party/FreeRTOS/Source/tasks.o
 .text.prvAddNewTaskToReadyList
                0x0800426c       0xa8 ./Middlewares/Third_Party/FreeRTOS/Source/tasks.o
 .text.prvDeleteTCB
                0x08004314       0x40 ./Middlewares/Third_Party/FreeRTOS/Source/tasks.o
 .text.prvCheckTasksWaitingTermination
                0x08004354       0x4c ./Middlewares/Third_Party/FreeRTOS/Source/tasks.o
 .text.prvIdleTask
                0x080043a0       0x28 ./Middlewares/Third_Party/FreeRTOS/Source/tasks.o
 .text.prvAddCurrentTaskToDelayedList
                0x080043c8       0x98 ./Middlewares/Third_Party/FreeRTOS/Source/tasks.o
 .text.xTaskCreateStatic
                0x08004460       0x76 ./Middlewares/Third_Party/FreeRTOS/Source/tasks.o
                0x08004460                xTaskCreateStatic
 .text.xTaskCreate
                0x080044d6       0x64 ./Middlewares/Third_Party/FreeRTOS/Source/tasks.o
                0x080044d6                xTaskCreate
 *fill*         0x0800453a        0x2 
 .text.vTaskStartScheduler
                0x0800453c       0x84 ./Middlewares/Third_Party/FreeRTOS/Source/tasks.o
                0x0800453c                vTaskStartScheduler
 .text.vTaskSuspendAll
                0x080045c0       0x10 ./Middlewares/Third_Party/FreeRTOS/Source/tasks.o
                0x080045c0                vTaskSuspendAll
 .text.xTaskIncrementTick
                0x080045d0      0x118 ./Middlewares/Third_Party/FreeRTOS/Source/tasks.o
                0x080045d0                xTaskIncrementTick
 .text.xTaskResumeAll
                0x080046e8       0xf8 ./Middlewares/Third_Party/FreeRTOS/Source/tasks.o
                0x080046e8                xTaskResumeAll
 .text.vTaskDelay
                0x080047e0       0x4c ./Middlewares/Third_Party/FreeRTOS/Source/tasks.o
                0x080047e0                vTaskDelay
 .text.vTaskSwitchContext
                0x0800482c       0xa4 ./Middlewares/Third_Party/FreeRTOS/Source/tasks.o
                0x0800482c                vTaskSwitchContext
 .text.xTaskRemoveFromEventList
                0x080048d0       0x8c ./Middlewares/Third_Party/FreeRTOS/Source/tasks.o
                0x080048d0                xTaskRemoveFromEventList
 .text.prvTaskExitError
                0x0800495c       0x40 ./Middlewares/Third_Party/FreeRTOS/Source/portable/GCC/ARM_CM4F/port.o
 .text.prvPortStartFirstTask
                0x0800499c       0x28 ./Middlewares/Third_Party/FreeRTOS/Source/portable/GCC/ARM_CM4F/port.o
 .text.vPortEnableVFP
                0x080049c4       0x14 ./Middlewares/Third_Party/FreeRTOS/Source/portable/GCC/ARM_CM4F/port.o
 .text.pxPortInitialiseStack
                0x080049d8       0x2c ./Middlewares/Third_Party/FreeRTOS/Source/portable/GCC/ARM_CM4F/port.o
                0x080049d8                pxPortInitialiseStack
 *fill*         0x08004a04        0xc 
 .text.SVC_Handler
                0x08004a10       0x24 ./Middlewares/Third_Party/FreeRTOS/Source/portable/GCC/ARM_CM4F/port.o
                0x08004a10                SVC_Handler
 .text.vPortEnterCritical
                0x08004a34       0x44 ./Middlewares/Third_Party/FreeRTOS/Source/portable/GCC/ARM_CM4F/port.o
                0x08004a34                vPortEnterCritical
 .text.vPortExitCritical
                0x08004a78       0x2c ./Middlewares/Third_Party/FreeRTOS/Source/portable/GCC/ARM_CM4F/port.o
                0x08004a78                vPortExitCritical
 *fill*         0x08004aa4        0xc 
 .text.PendSV_Handler
                0x08004ab0       0x64 ./Middlewares/Third_Party/FreeRTOS/Source/portable/GCC/ARM_CM4F/port.o
                0x08004ab0                PendSV_Handler
 .text.SysTick_Handler
                0x08004b14       0x2c ./Middlewares/Third_Party/FreeRTOS/Source/portable/GCC/ARM_CM4F/port.o
                0x08004b14                SysTick_Handler
 .text.vPortSetupTimerInterrupt
                0x08004b40       0x28 ./Middlewares/Third_Party/FreeRTOS/Source/portable/GCC/ARM_CM4F/port.o
                0x08004b40                vPortSetupTimerInterrupt
 .text.xPortStartScheduler
                0x08004b68      0x118 ./Middlewares/Third_Party/FreeRTOS/Source/portable/GCC/ARM_CM4F/port.o
                0x08004b68                xPortStartScheduler
 .text.prvHeapInit
                0x08004c80       0x64 ./Middlewares/Third_Party/FreeRTOS/Source/portable/MemMang/heap_4.o
 .text.prvInsertBlockIntoFreeList
                0x08004ce4       0x64 ./Middlewares/Third_Party/FreeRTOS/Source/portable/MemMang/heap_4.o
 .text.pvPortMalloc
                0x08004d48      0x104 ./Middlewares/Third_Party/FreeRTOS/Source/portable/MemMang/heap_4.o
                0x08004d48                pvPortMalloc
 .text.vPortFree
                0x08004e4c       0x7c ./Middlewares/Third_Party/FreeRTOS/Source/portable/MemMang/heap_4.o
                0x08004e4c                vPortFree
 .text.memset   0x08004ec8       0x10 C:/ST/STM32CubeIDE_1.17.0/STM32CubeIDE/plugins/com.st.stm32cube.ide.mcu.externaltools.gnu-tools-for-stm32.12.3.rel1.win32_1.1.0.202410251130/tools/bin/../lib/gcc/arm-none-eabi/12.3.1/../../../../arm-none-eabi/lib/thumb/v7e-m+fp/hard\libc_nano.a(libc_a-memset.o)
                0x08004ec8                memset
 .text._reclaim_reent
                0x08004ed8       0xac C:/ST/STM32CubeIDE_1.17.0/STM32CubeIDE/plugins/com.st.stm32cube.ide.mcu.externaltools.gnu-tools-for-stm32.12.3.rel1.win32_1.1.0.202410251130/tools/bin/../lib/gcc/arm-none-eabi/12.3.1/../../../../arm-none-eabi/lib/thumb/v7e-m+fp/hard\libc_nano.a(libc_a-reent.o)
                0x08004ed8                _reclaim_reent
 .text.__libc_init_array
                0x08004f84       0x48 C:/ST/STM32CubeIDE_1.17.0/STM32CubeIDE/plugins/com.st.stm32cube.ide.mcu.externaltools.gnu-tools-for-stm32.12.3.rel1.win32_1.1.0.202410251130/tools/bin/../lib/gcc/arm-none-eabi/12.3.1/../../../../arm-none-eabi/lib/thumb/v7e-m+fp/hard\libc_nano.a(libc_a-init.o)
                0x08004f84                __libc_init_array
 .text.__retarget_lock_acquire_recursive
                0x08004fcc        0x2 C:/ST/STM32CubeIDE_1.17.0/STM32CubeIDE/plugins/com.st.stm32cube.ide.mcu.externaltools.gnu-tools-for-stm32.12.3.rel1.win32_1.1.0.202410251130/tools/bin/../lib/gcc/arm-none-eabi/12.3.1/../../../../arm-none-eabi/lib/thumb/v7e-m+fp/hard\libc_nano.a(libc_a-lock.o)
                0x08004fcc                __retarget_lock_acquire_recursive
 .text.__retarget_lock_release_recursive
                0x08004fce        0x2 C:/ST/STM32CubeIDE_1.17.0/STM32CubeIDE/plugins/com.st.stm32cube.ide.mcu.externaltools.gnu-tools-for-stm32.12.3.rel1.win32_1.1.0.202410251130/tools/bin/../lib/gcc/arm-none-eabi/12.3.1/../../../../arm-none-eabi/lib/thumb/v7e-m+fp/hard\libc_nano.a(libc_a-lock.o)
                0x08004fce                __retarget_lock_release_recursive
 .text._free_r  0x08004fd0       0x94 C:/ST/STM32CubeIDE_1.17.0/STM32CubeIDE/plugins/com.st.stm32cube.ide.mcu.externaltools.gnu-tools-for-stm32.12.3.rel1.win32_1.1.0.202410251130/tools/bin/../lib/gcc/arm-none-eabi/12.3.1/../../../../arm-none-eabi/lib/thumb/v7e-m+fp/hard\libc_nano.a(libc_a-freer.o)
                0x08004fd0                _free_r
 .text.__malloc_lock
                0x08005064        0xc C:/ST/STM32CubeIDE_1.17.0/STM32CubeIDE/plugins/com.st.stm32cube.ide.mcu.externaltools.gnu-tools-for-stm32.12.3.rel1.win32_1.1.0.202410251130/tools/bin/../lib/gcc/arm-none-eabi/12.3.1/../../../../arm-none-eabi/lib/thumb/v7e-m+fp/hard\libc_nano.a(libc_a-mlock.o)
                0x08005064                __malloc_lock
 .text.__malloc_unlock
                0x08005070        0xc C:/ST/STM32CubeIDE_1.17.0/STM32CubeIDE/plugins/com.st.stm32cube.ide.mcu.externaltools.gnu-tools-for-stm32.12.3.rel1.win32_1.1.0.202410251130/tools/bin/../lib/gcc/arm-none-eabi/12.3.1/../../../../arm-none-eabi/lib/thumb/v7e-m+fp/hard\libc_nano.a(libc_a-mlock.o)
                0x08005070                __malloc_unlock
 *(.glue_7)
 .glue_7        0x0800507c        0x0 linker stubs
 *(.glue_7t)
 .glue_7t       0x0800507c        0x0 linker stubs
 *(.eh_frame)
 .eh_frame      0x0800507c        0x0 C:/ST/STM32CubeIDE_1.17.0/STM32CubeIDE/plugins/com.st.stm32cube.ide.mcu.externaltools.gnu-tools-for-stm32.12.3.rel1.win32_1.1.0.202410251130/tools/bin/../lib/gcc/arm-none-eabi/12.3.1/thumb/v7e-m+fp/hard/crtbegin.o
 *(.init)
 .init          0x0800507c        0x4 C:/ST/STM32CubeIDE_1.17.0/STM32CubeIDE/plugins/com.st.stm32cube.ide.mcu.externaltools.gnu-tools-for-stm32.12.3.rel1.win32_1.1.0.202410251130/tools/bin/../lib/gcc/arm-none-eabi/12.3.1/thumb/v7e-m+fp/hard/crti.o
                0x0800507c                _init
 .init          0x08005080        0x8 C:/ST/STM32CubeIDE_1.17.0/STM32CubeIDE/plugins/com.st.stm32cube.ide.mcu.externaltools.gnu-tools-for-stm32.12.3.rel1.win32_1.1.0.202410251130/tools/bin/../lib/gcc/arm-none-eabi/12.3.1/thumb/v7e-m+fp/hard/crtn.o
 *(.fini)
 .fini          0x08005088        0x4 C:/ST/STM32CubeIDE_1.17.0/STM32CubeIDE/plugins/com.st.stm32cube.ide.mcu.externaltools.gnu-tools-for-stm32.12.3.rel1.win32_1.1.0.202410251130/tools/bin/../lib/gcc/arm-none-eabi/12.3.1/thumb/v7e-m+fp/hard/crti.o
                0x08005088                _fini
 .fini          0x0800508c        0x8 C:/ST/STM32CubeIDE_1.17.0/STM32CubeIDE/plugins/com.st.stm32cube.ide.mcu.externaltools.gnu-tools-for-stm32.12.3.rel1.win32_1.1.0.202410251130/tools/bin/../lib/gcc/arm-none-eabi/12.3.1/thumb/v7e-m+fp/hard/crtn.o
                0x08005094                        . = ALIGN (0x4)
                0x08005094                        _etext = .

.vfp11_veneer   0x08005094        0x0
 .vfp11_veneer  0x08005094        0x0 linker stubs

.v4_bx          0x08005094        0x0
 .v4_bx         0x08005094        0x0 linker stubs

.iplt           0x08005094        0x0
 .iplt          0x08005094        0x0 C:/ST/STM32CubeIDE_1.17.0/STM32CubeIDE/plugins/com.st.stm32cube.ide.mcu.externaltools.gnu-tools-for-stm32.12.3.rel1.win32_1.1.0.202410251130/tools/bin/../lib/gcc/arm-none-eabi/12.3.1/thumb/v7e-m+fp/hard/crtbegin.o

.rodata         0x08005094       0xf0
                0x08005094                        . = ALIGN (0x4)
 *(.rodata)
 .rodata        0x08005094       0x80 ./Core/Src/freertos.o
 .rodata        0x08005114       0x18 ./Core/Src/spi_flash.o
 *(.rodata*)
 .rodata.str1.4
                0x0800512c       0x2d ./Core/Src/freertos.o
 *fill*         0x08005159        0x3 
 .rodata.APBPrescTable
                0x0800515c        0x8 ./Core/Src/system_stm32f4xx.o
                0x0800515c                APBPrescTable
 .rodata.AHBPrescTable
                0x08005164       0x10 ./Core/Src/system_stm32f4xx.o
                0x08005164                AHBPrescTable
 .rodata.flagBitshiftOffset.0
                0x08005174        0x8 ./Drivers/STM32F4xx_HAL_Driver/Src/stm32f4xx_hal_dma.o
 .rodata.vTaskStartScheduler.str1.4
                0x0800517c        0x5 ./Middlewares/Third_Party/FreeRTOS/Source/tasks.o
                0x08005184                        . = ALIGN (0x4)
 *fill*         0x08005181        0x3 

.ARM.extab      0x08005184        0x0
                0x08005184                        . = ALIGN (0x4)
 *(.ARM.extab* .gnu.linkonce.armextab.*)
                0x08005184                        . = ALIGN (0x4)

.ARM            0x08005184        0x8
                0x08005184                        . = ALIGN (0x4)
                0x08005184                        __exidx_start = .
 *(.ARM.exidx*)
 .ARM.exidx     0x08005184        0x8 C:/ST/STM32CubeIDE_1.17.0/STM32CubeIDE/plugins/com.st.stm32cube.ide.mcu.externaltools.gnu-tools-for-stm32.12.3.rel1.win32_1.1.0.202410251130/tools/bin/../lib/gcc/arm-none-eabi/12.3.1/thumb/v7e-m+fp/hard\libgcc.a(_udivmoddi4.o)
                0x0800518c                        __exidx_end = .
                0x0800518c                        . = ALIGN (0x4)

.preinit_array  0x0800518c        0x0
                0x0800518c                        . = ALIGN (0x4)
                0x0800518c                        PROVIDE (__preinit_array_start = .)
 *(.preinit_array*)
                0x0800518c                        PROVIDE (__preinit_array_end = .)
                0x0800518c                        . = ALIGN (0x4)

.init_array     0x0800518c        0x4
                0x0800518c                        . = ALIGN (0x4)
                0x0800518c                        PROVIDE (__init_array_start = .)
 *(SORT_BY_NAME(.init_array.*))
 *(.init_array*)
 .init_array    0x0800518c        0x4 C:/ST/STM32CubeIDE_1.17.0/STM32CubeIDE/plugins/com.st.stm32cube.ide.mcu.externaltools.gnu-tools-for-stm32.12.3.rel1.win32_1.1.0.202410251130/tools/bin/../lib/gcc/arm-none-eabi/12.3.1/thumb/v7e-m+fp/hard/crtbegin.o
                0x08005190                        PROVIDE (__init_array_end = .)
                0x08005190                        . = ALIGN (0x4)

.fini_array     0x08005190        0x4
                0x08005190                        . = ALIGN (0x4)
                [!provide]                        PROVIDE (__fini_array_start = .)
 *(SORT_BY_NAME(.fini_array.*))
 *(.fini_array*)
 .fini_array    0x08005190        0x4 C:/ST/STM32CubeIDE_1.17.0/STM32CubeIDE/plugins/com.st.stm32cube.ide.mcu.externaltools.gnu-tools-for-stm32.12.3.rel1.win32_1.1.0.202410251130/tools/bin/../lib/gcc/arm-none-eabi/12.3.1/thumb/v7e-m+fp/hard/crtbegin.o
                [!provide]                        PROVIDE (__fini_array_end = .)
                0x08005194                        . = ALIGN (0x4)
                0x08005194                        _sidata = LOADADDR (.data)

.rel.dyn        0x08005194        0x0
 .rel.iplt      0x08005194        0x0 C:/ST/STM32CubeIDE_1.17.0/STM32CubeIDE/plugins/com.st.stm32cube.ide.mcu.externaltools.gnu-tools-for-stm32.12.3.rel1.win32_1.1.0.202410251130/tools/bin/../lib/gcc/arm-none-eabi/12.3.1/thumb/v7e-m+fp/hard/crtbegin.o

.data           0x20000000       0x60 load address 0x08005194
                0x20000000                        . = ALIGN (0x4)
                0x20000000                        _sdata = .
 *(.data)
 *(.data*)
 .data.SystemCoreClock
                0x20000000        0x4 ./Core/Src/system_stm32f4xx.o
                0x20000000                SystemCoreClock
 .data.uwTickFreq
                0x20000004        0x1 ./Drivers/STM32F4xx_HAL_Driver/Src/stm32f4xx_hal.o
                0x20000004                uwTickFreq
 *fill*         0x20000005        0x3 
 .data.uwTickPrio
                0x20000008        0x4 ./Drivers/STM32F4xx_HAL_Driver/Src/stm32f4xx_hal.o
                0x20000008                uwTickPrio
 .data.uxCriticalNesting
                0x2000000c        0x4 ./Middlewares/Third_Party/FreeRTOS/Source/portable/GCC/ARM_CM4F/port.o
 .data._impure_ptr
                0x20000010        0x4 C:/ST/STM32CubeIDE_1.17.0/STM32CubeIDE/plugins/com.st.stm32cube.ide.mcu.externaltools.gnu-tools-for-stm32.12.3.rel1.win32_1.1.0.202410251130/tools/bin/../lib/gcc/arm-none-eabi/12.3.1/../../../../arm-none-eabi/lib/thumb/v7e-m+fp/hard\libc_nano.a(libc_a-impure.o)
                0x20000010                _impure_ptr
 .data._impure_data
                0x20000014       0x4c C:/ST/STM32CubeIDE_1.17.0/STM32CubeIDE/plugins/com.st.stm32cube.ide.mcu.externaltools.gnu-tools-for-stm32.12.3.rel1.win32_1.1.0.202410251130/tools/bin/../lib/gcc/arm-none-eabi/12.3.1/../../../../arm-none-eabi/lib/thumb/v7e-m+fp/hard\libc_nano.a(libc_a-impure.o)
                0x20000014                _impure_data
 *(.RamFunc)
 *(.RamFunc*)
                0x20000060                        . = ALIGN (0x4)
                0x20000060                        _edata = .
                0x080051f4                        _siccmram = LOADADDR (.ccmram)

.igot.plt       0x20000060        0x0 load address 0x080051f4
 .igot.plt      0x20000060        0x0 C:/ST/STM32CubeIDE_1.17.0/STM32CubeIDE/plugins/com.st.stm32cube.ide.mcu.externaltools.gnu-tools-for-stm32.12.3.rel1.win32_1.1.0.202410251130/tools/bin/../lib/gcc/arm-none-eabi/12.3.1/thumb/v7e-m+fp/hard/crtbegin.o

.ccmram         0x10000000        0x0 load address 0x080051f4
                0x10000000                        . = ALIGN (0x4)
                0x10000000                        _sccmram = .
 *(.ccmram)
 *(.ccmram*)
                0x10000000                        . = ALIGN (0x4)
                0x10000000                        _eccmram = .
                0x10000000                        . = ALIGN (0x4)

.bss            0x20000060     0x6850
                0x20000060                        _sbss = .
                0x20000060                        __bss_start__ = _sbss
 *(.bss)
 .bss           0x20000060       0x1c C:/ST/STM32CubeIDE_1.17.0/STM32CubeIDE/plugins/com.st.stm32cube.ide.mcu.externaltools.gnu-tools-for-stm32.12.3.rel1.win32_1.1.0.202410251130/tools/bin/../lib/gcc/arm-none-eabi/12.3.1/thumb/v7e-m+fp/hard/crtbegin.o
 *(.bss*)
 .bss.RecoveryReason
                0x2000007c        0x1 ./Core/Src/bootloader.o
 *fill*         0x2000007d        0x3 
 .bss.BootloaderStatus
                0x20000080       0x18 ./Core/Src/bootloader.o
                0x20000080                BootloaderStatus
 .bss.xIdleStack
                0x20000098      0x200 ./Core/Src/freertos.o
 .bss.xIdleTaskTCBBuffer
                0x20000298       0xa0 ./Core/Src/freertos.o
 .bss.rxDataUART2Handle
                0x20000338        0x4 ./Core/Src/freertos.o
                0x20000338                rxDataUART2Handle
 .bss.bootloaderTaskHandle
                0x2000033c        0x4 ./Core/Src/freertos.o
                0x2000033c                bootloaderTaskHandle
 .bss.ethTaskHandle
                0x20000340        0x4 ./Core/Src/freertos.o
                0x20000340                ethTaskHandle
 .bss.uartTaskHandle
                0x20000344        0x4 ./Core/Src/freertos.o
                0x20000344                uartTaskHandle
 .bss.mainTaskHandle
                0x20000348        0x4 ./Core/Src/freertos.o
                0x20000348                mainTaskHandle
 .bss.settings  0x2000034c       0x94 ./Core/Src/main.o
                0x2000034c                settings
 .bss.w25qxx_dev
                0x200003e0       0x4c ./Core/Src/main.o
                0x200003e0                w25qxx_dev
 .bss.hspi3     0x2000042c       0x58 ./Core/Src/spi.o
                0x2000042c                hspi3
 .bss.flashInitialized
                0x20000484        0x1 ./Core/Src/spi_flash.o
 *fill*         0x20000485        0x3 
 .bss.flashLayout
                0x20000488       0x20 ./Core/Src/spi_flash.o
 .bss.htim14    0x200004a8       0x48 ./Core/Src/stm32f4xx_hal_timebase_tim.o
                0x200004a8                htim14
 .bss.hdma_usart2_rx
                0x200004f0       0x60 ./Core/Src/usart.o
                0x200004f0                hdma_usart2_rx
 .bss.hdma_usart2_tx
                0x20000550       0x60 ./Core/Src/usart.o
                0x20000550                hdma_usart2_tx
 .bss.huart2    0x200005b0       0x48 ./Core/Src/usart.o
                0x200005b0                huart2
 .bss.uwTick    0x200005f8        0x4 ./Drivers/STM32F4xx_HAL_Driver/Src/stm32f4xx_hal.o
                0x200005f8                uwTick
 .bss.pFlash    0x200005fc       0x20 ./Drivers/STM32F4xx_HAL_Driver/Src/stm32f4xx_hal_flash.o
                0x200005fc                pFlash
 .bss.uxSchedulerSuspended
                0x2000061c        0x4 ./Middlewares/Third_Party/FreeRTOS/Source/tasks.o
 .bss.xIdleTaskHandle
                0x20000620        0x4 ./Middlewares/Third_Party/FreeRTOS/Source/tasks.o
 .bss.xNextTaskUnblockTime
                0x20000624        0x4 ./Middlewares/Third_Party/FreeRTOS/Source/tasks.o
 .bss.uxTaskNumber
                0x20000628        0x4 ./Middlewares/Third_Party/FreeRTOS/Source/tasks.o
 .bss.xNumOfOverflows
                0x2000062c        0x4 ./Middlewares/Third_Party/FreeRTOS/Source/tasks.o
 .bss.xYieldPending
                0x20000630        0x4 ./Middlewares/Third_Party/FreeRTOS/Source/tasks.o
 .bss.xPendedTicks
                0x20000634        0x4 ./Middlewares/Third_Party/FreeRTOS/Source/tasks.o
 .bss.xSchedulerRunning
                0x20000638        0x4 ./Middlewares/Third_Party/FreeRTOS/Source/tasks.o
 .bss.uxTopReadyPriority
                0x2000063c        0x4 ./Middlewares/Third_Party/FreeRTOS/Source/tasks.o
 .bss.xTickCount
                0x20000640        0x4 ./Middlewares/Third_Party/FreeRTOS/Source/tasks.o
 .bss.uxCurrentNumberOfTasks
                0x20000644        0x4 ./Middlewares/Third_Party/FreeRTOS/Source/tasks.o
 .bss.xSuspendedTaskList
                0x20000648       0x14 ./Middlewares/Third_Party/FreeRTOS/Source/tasks.o
 .bss.uxDeletedTasksWaitingCleanUp
                0x2000065c        0x4 ./Middlewares/Third_Party/FreeRTOS/Source/tasks.o
 .bss.xTasksWaitingTermination
                0x20000660       0x14 ./Middlewares/Third_Party/FreeRTOS/Source/tasks.o
 .bss.xPendingReadyList
                0x20000674       0x14 ./Middlewares/Third_Party/FreeRTOS/Source/tasks.o
 .bss.pxOverflowDelayedTaskList
                0x20000688        0x4 ./Middlewares/Third_Party/FreeRTOS/Source/tasks.o
 .bss.pxDelayedTaskList
                0x2000068c        0x4 ./Middlewares/Third_Party/FreeRTOS/Source/tasks.o
 .bss.xDelayedTaskList2
                0x20000690       0x14 ./Middlewares/Third_Party/FreeRTOS/Source/tasks.o
 .bss.xDelayedTaskList1
                0x200006a4       0x14 ./Middlewares/Third_Party/FreeRTOS/Source/tasks.o
 .bss.pxReadyTasksLists
                0x200006b8       0x8c ./Middlewares/Third_Party/FreeRTOS/Source/tasks.o
 .bss.pxCurrentTCB
                0x20000744        0x4 ./Middlewares/Third_Party/FreeRTOS/Source/tasks.o
                0x20000744                pxCurrentTCB
 .bss.ulMaxPRIGROUPValue
                0x20000748        0x4 ./Middlewares/Third_Party/FreeRTOS/Source/portable/GCC/ARM_CM4F/port.o
 .bss.ucMaxSysCallPriority
                0x2000074c        0x1 ./Middlewares/Third_Party/FreeRTOS/Source/portable/GCC/ARM_CM4F/port.o
 *fill*         0x2000074d        0x3 
 .bss.xBlockAllocatedBit
                0x20000750        0x4 ./Middlewares/Third_Party/FreeRTOS/Source/portable/MemMang/heap_4.o
 .bss.xNumberOfSuccessfulFrees
                0x20000754        0x4 ./Middlewares/Third_Party/FreeRTOS/Source/portable/MemMang/heap_4.o
 .bss.xNumberOfSuccessfulAllocations
                0x20000758        0x4 ./Middlewares/Third_Party/FreeRTOS/Source/portable/MemMang/heap_4.o
 .bss.xMinimumEverFreeBytesRemaining
                0x2000075c        0x4 ./Middlewares/Third_Party/FreeRTOS/Source/portable/MemMang/heap_4.o
 .bss.xFreeBytesRemaining
                0x20000760        0x4 ./Middlewares/Third_Party/FreeRTOS/Source/portable/MemMang/heap_4.o
 .bss.pxEnd     0x20000764        0x4 ./Middlewares/Third_Party/FreeRTOS/Source/portable/MemMang/heap_4.o
 .bss.xStart    0x20000768        0x8 ./Middlewares/Third_Party/FreeRTOS/Source/portable/MemMang/heap_4.o
 .bss.ucHeap    0x20000770     0x6000 ./Middlewares/Third_Party/FreeRTOS/Source/portable/MemMang/heap_4.o
 .bss.__sf      0x20006770      0x138 C:/ST/STM32CubeIDE_1.17.0/STM32CubeIDE/plugins/com.st.stm32cube.ide.mcu.externaltools.gnu-tools-for-stm32.12.3.rel1.win32_1.1.0.202410251130/tools/bin/../lib/gcc/arm-none-eabi/12.3.1/../../../../arm-none-eabi/lib/thumb/v7e-m+fp/hard\libc_nano.a(libc_a-findfp.o)
                0x20006770                __sf
 .bss.__lock___malloc_recursive_mutex
                0x200068a8        0x1 C:/ST/STM32CubeIDE_1.17.0/STM32CubeIDE/plugins/com.st.stm32cube.ide.mcu.externaltools.gnu-tools-for-stm32.12.3.rel1.win32_1.1.0.202410251130/tools/bin/../lib/gcc/arm-none-eabi/12.3.1/../../../../arm-none-eabi/lib/thumb/v7e-m+fp/hard\libc_nano.a(libc_a-lock.o)
                0x200068a8                __lock___malloc_recursive_mutex
 *fill*         0x200068a9        0x3 
 .bss.__malloc_free_list
                0x200068ac        0x4 C:/ST/STM32CubeIDE_1.17.0/STM32CubeIDE/plugins/com.st.stm32cube.ide.mcu.externaltools.gnu-tools-for-stm32.12.3.rel1.win32_1.1.0.202410251130/tools/bin/../lib/gcc/arm-none-eabi/12.3.1/../../../../arm-none-eabi/lib/thumb/v7e-m+fp/hard\libc_nano.a(libc_a-mallocr.o)
                0x200068ac                __malloc_free_list
 *(COMMON)
                0x200068b0                        . = ALIGN (0x4)
                0x200068b0                        _ebss = .
                0x200068b0                        __bss_end__ = _ebss

._user_heap_stack
                0x200068b0      0x600
                0x200068b0                        . = ALIGN (0x8)
                [!provide]                        PROVIDE (end = .)
                0x200068b0                        PROVIDE (_end = .)
                0x20006ab0                        . = (. + _Min_Heap_Size)
 *fill*         0x200068b0      0x200 
                0x20006eb0                        . = (. + _Min_Stack_Size)
 *fill*         0x20006ab0      0x400 
                0x20006eb0                        . = ALIGN (0x8)

/DISCARD/
 libc.a(*)
 libm.a(*)
 libgcc.a(*)

.ARM.attributes
                0x00000000       0x30
 *(.ARM.attributes)
 .ARM.attributes
                0x00000000       0x22 C:/ST/STM32CubeIDE_1.17.0/STM32CubeIDE/plugins/com.st.stm32cube.ide.mcu.externaltools.gnu-tools-for-stm32.12.3.rel1.win32_1.1.0.202410251130/tools/bin/../lib/gcc/arm-none-eabi/12.3.1/thumb/v7e-m+fp/hard/crti.o
 .ARM.attributes
                0x00000022       0x34 C:/ST/STM32CubeIDE_1.17.0/STM32CubeIDE/plugins/com.st.stm32cube.ide.mcu.externaltools.gnu-tools-for-stm32.12.3.rel1.win32_1.1.0.202410251130/tools/bin/../lib/gcc/arm-none-eabi/12.3.1/thumb/v7e-m+fp/hard/crtbegin.o
 .ARM.attributes
                0x00000056       0x34 ./Core/Src/bootloader.o
 .ARM.attributes
                0x0000008a       0x34 ./Core/Src/dma.o
 .ARM.attributes
                0x000000be       0x34 ./Core/Src/flash_spi.o
 .ARM.attributes
                0x000000f2       0x34 ./Core/Src/flash_utils.o
 .ARM.attributes
                0x00000126       0x34 ./Core/Src/freertos.o
 .ARM.attributes
                0x0000015a       0x34 ./Core/Src/gpio.o
 .ARM.attributes
                0x0000018e       0x34 ./Core/Src/main.o
 .ARM.attributes
                0x000001c2       0x34 ./Core/Src/spi.o
 .ARM.attributes
                0x000001f6       0x34 ./Core/Src/spi_flash.o
 .ARM.attributes
                0x0000022a       0x34 ./Core/Src/stm32f4xx_hal_msp.o
 .ARM.attributes
                0x0000025e       0x34 ./Core/Src/stm32f4xx_hal_timebase_tim.o
 .ARM.attributes
                0x00000292       0x34 ./Core/Src/stm32f4xx_it.o
 .ARM.attributes
                0x000002c6       0x34 ./Core/Src/system_stm32f4xx.o
 .ARM.attributes
                0x000002fa       0x34 ./Core/Src/usart.o
 .ARM.attributes
                0x0000032e       0x21 ./Core/Startup/startup_stm32f407vetx.o
 .ARM.attributes
                0x0000034f       0x34 ./Drivers/STM32F4xx_HAL_Driver/Src/stm32f4xx_hal.o
 .ARM.attributes
                0x00000383       0x34 ./Drivers/STM32F4xx_HAL_Driver/Src/stm32f4xx_hal_cortex.o
 .ARM.attributes
                0x000003b7       0x34 ./Drivers/STM32F4xx_HAL_Driver/Src/stm32f4xx_hal_dma.o
 .ARM.attributes
                0x000003eb       0x34 ./Drivers/STM32F4xx_HAL_Driver/Src/stm32f4xx_hal_flash.o
 .ARM.attributes
                0x0000041f       0x34 ./Drivers/STM32F4xx_HAL_Driver/Src/stm32f4xx_hal_flash_ex.o
 .ARM.attributes
                0x00000453       0x34 ./Drivers/STM32F4xx_HAL_Driver/Src/stm32f4xx_hal_gpio.o
 .ARM.attributes
                0x00000487       0x34 ./Drivers/STM32F4xx_HAL_Driver/Src/stm32f4xx_hal_rcc.o
 .ARM.attributes
                0x000004bb       0x34 ./Drivers/STM32F4xx_HAL_Driver/Src/stm32f4xx_hal_rcc_ex.o
 .ARM.attributes
                0x000004ef       0x34 ./Drivers/STM32F4xx_HAL_Driver/Src/stm32f4xx_hal_spi.o
 .ARM.attributes
                0x00000523       0x34 ./Drivers/STM32F4xx_HAL_Driver/Src/stm32f4xx_hal_tim.o
 .ARM.attributes
                0x00000557       0x34 ./Drivers/STM32F4xx_HAL_Driver/Src/stm32f4xx_hal_tim_ex.o
 .ARM.attributes
                0x0000058b       0x34 ./Drivers/STM32F4xx_HAL_Driver/Src/stm32f4xx_hal_uart.o
 .ARM.attributes
                0x000005bf       0x34 ./Middlewares/Third_Party/FreeRTOS/Source/CMSIS_RTOS/cmsis_os.o
 .ARM.attributes
                0x000005f3       0x34 ./Middlewares/Third_Party/FreeRTOS/Source/list.o
 .ARM.attributes
                0x00000627       0x34 ./Middlewares/Third_Party/FreeRTOS/Source/queue.o
 .ARM.attributes
                0x0000065b       0x34 ./Middlewares/Third_Party/FreeRTOS/Source/tasks.o
 .ARM.attributes
                0x0000068f       0x34 ./Middlewares/Third_Party/FreeRTOS/Source/portable/GCC/ARM_CM4F/port.o
 .ARM.attributes
                0x000006c3       0x34 ./Middlewares/Third_Party/FreeRTOS/Source/portable/MemMang/heap_4.o
 .ARM.attributes
                0x000006f7       0x34 C:/ST/STM32CubeIDE_1.17.0/STM32CubeIDE/plugins/com.st.stm32cube.ide.mcu.externaltools.gnu-tools-for-stm32.12.3.rel1.win32_1.1.0.202410251130/tools/bin/../lib/gcc/arm-none-eabi/12.3.1/../../../../arm-none-eabi/lib/thumb/v7e-m+fp/hard\libc_nano.a(libc_a-findfp.o)
 .ARM.attributes
                0x0000072b       0x34 C:/ST/STM32CubeIDE_1.17.0/STM32CubeIDE/plugins/com.st.stm32cube.ide.mcu.externaltools.gnu-tools-for-stm32.12.3.rel1.win32_1.1.0.202410251130/tools/bin/../lib/gcc/arm-none-eabi/12.3.1/../../../../arm-none-eabi/lib/thumb/v7e-m+fp/hard\libc_nano.a(libc_a-memset.o)
 .ARM.attributes
                0x0000075f       0x34 C:/ST/STM32CubeIDE_1.17.0/STM32CubeIDE/plugins/com.st.stm32cube.ide.mcu.externaltools.gnu-tools-for-stm32.12.3.rel1.win32_1.1.0.202410251130/tools/bin/../lib/gcc/arm-none-eabi/12.3.1/../../../../arm-none-eabi/lib/thumb/v7e-m+fp/hard\libc_nano.a(libc_a-reent.o)
 .ARM.attributes
                0x00000793       0x34 C:/ST/STM32CubeIDE_1.17.0/STM32CubeIDE/plugins/com.st.stm32cube.ide.mcu.externaltools.gnu-tools-for-stm32.12.3.rel1.win32_1.1.0.202410251130/tools/bin/../lib/gcc/arm-none-eabi/12.3.1/../../../../arm-none-eabi/lib/thumb/v7e-m+fp/hard\libc_nano.a(libc_a-impure.o)
 .ARM.attributes
                0x000007c7       0x34 C:/ST/STM32CubeIDE_1.17.0/STM32CubeIDE/plugins/com.st.stm32cube.ide.mcu.externaltools.gnu-tools-for-stm32.12.3.rel1.win32_1.1.0.202410251130/tools/bin/../lib/gcc/arm-none-eabi/12.3.1/../../../../arm-none-eabi/lib/thumb/v7e-m+fp/hard\libc_nano.a(libc_a-init.o)
 .ARM.attributes
                0x000007fb       0x34 C:/ST/STM32CubeIDE_1.17.0/STM32CubeIDE/plugins/com.st.stm32cube.ide.mcu.externaltools.gnu-tools-for-stm32.12.3.rel1.win32_1.1.0.202410251130/tools/bin/../lib/gcc/arm-none-eabi/12.3.1/../../../../arm-none-eabi/lib/thumb/v7e-m+fp/hard\libc_nano.a(libc_a-lock.o)
 .ARM.attributes
                0x0000082f       0x34 C:/ST/STM32CubeIDE_1.17.0/STM32CubeIDE/plugins/com.st.stm32cube.ide.mcu.externaltools.gnu-tools-for-stm32.12.3.rel1.win32_1.1.0.202410251130/tools/bin/../lib/gcc/arm-none-eabi/12.3.1/../../../../arm-none-eabi/lib/thumb/v7e-m+fp/hard\libc_nano.a(libc_a-freer.o)
 .ARM.attributes
                0x00000863       0x34 C:/ST/STM32CubeIDE_1.17.0/STM32CubeIDE/plugins/com.st.stm32cube.ide.mcu.externaltools.gnu-tools-for-stm32.12.3.rel1.win32_1.1.0.202410251130/tools/bin/../lib/gcc/arm-none-eabi/12.3.1/../../../../arm-none-eabi/lib/thumb/v7e-m+fp/hard\libc_nano.a(libc_a-mallocr.o)
 .ARM.attributes
                0x00000897       0x34 C:/ST/STM32CubeIDE_1.17.0/STM32CubeIDE/plugins/com.st.stm32cube.ide.mcu.externaltools.gnu-tools-for-stm32.12.3.rel1.win32_1.1.0.202410251130/tools/bin/../lib/gcc/arm-none-eabi/12.3.1/../../../../arm-none-eabi/lib/thumb/v7e-m+fp/hard\libc_nano.a(libc_a-mlock.o)
 .ARM.attributes
                0x000008cb       0x22 C:/ST/STM32CubeIDE_1.17.0/STM32CubeIDE/plugins/com.st.stm32cube.ide.mcu.externaltools.gnu-tools-for-stm32.12.3.rel1.win32_1.1.0.202410251130/tools/bin/../lib/gcc/arm-none-eabi/12.3.1/thumb/v7e-m+fp/hard\libgcc.a(_aeabi_uldivmod.o)
 .ARM.attributes
                0x000008ed       0x34 C:/ST/STM32CubeIDE_1.17.0/STM32CubeIDE/plugins/com.st.stm32cube.ide.mcu.externaltools.gnu-tools-for-stm32.12.3.rel1.win32_1.1.0.202410251130/tools/bin/../lib/gcc/arm-none-eabi/12.3.1/thumb/v7e-m+fp/hard\libgcc.a(_udivmoddi4.o)
 .ARM.attributes
                0x00000921       0x22 C:/ST/STM32CubeIDE_1.17.0/STM32CubeIDE/plugins/com.st.stm32cube.ide.mcu.externaltools.gnu-tools-for-stm32.12.3.rel1.win32_1.1.0.202410251130/tools/bin/../lib/gcc/arm-none-eabi/12.3.1/thumb/v7e-m+fp/hard\libgcc.a(_dvmd_tls.o)
 .ARM.attributes
                0x00000943       0x22 C:/ST/STM32CubeIDE_1.17.0/STM32CubeIDE/plugins/com.st.stm32cube.ide.mcu.externaltools.gnu-tools-for-stm32.12.3.rel1.win32_1.1.0.202410251130/tools/bin/../lib/gcc/arm-none-eabi/12.3.1/thumb/v7e-m+fp/hard/crtn.o
OUTPUT(STM32F4_Bootloader.elf elf32-littlearm)
LOAD linker stubs
LOAD C:/ST/STM32CubeIDE_1.17.0/STM32CubeIDE/plugins/com.st.stm32cube.ide.mcu.externaltools.gnu-tools-for-stm32.12.3.rel1.win32_1.1.0.202410251130/tools/bin/../lib/gcc/arm-none-eabi/12.3.1/../../../../arm-none-eabi/lib/thumb/v7e-m+fp/hard\libc.a
LOAD C:/ST/STM32CubeIDE_1.17.0/STM32CubeIDE/plugins/com.st.stm32cube.ide.mcu.externaltools.gnu-tools-for-stm32.12.3.rel1.win32_1.1.0.202410251130/tools/bin/../lib/gcc/arm-none-eabi/12.3.1/../../../../arm-none-eabi/lib/thumb/v7e-m+fp/hard\libm.a
LOAD C:/ST/STM32CubeIDE_1.17.0/STM32CubeIDE/plugins/com.st.stm32cube.ide.mcu.externaltools.gnu-tools-for-stm32.12.3.rel1.win32_1.1.0.202410251130/tools/bin/../lib/gcc/arm-none-eabi/12.3.1/thumb/v7e-m+fp/hard\libgcc.a

.debug_info     0x00000000    0x25693
 .debug_info    0x00000000     0x1a7a ./Core/Src/bootloader.o
 .debug_info    0x00001a7a      0x516 ./Core/Src/dma.o
 .debug_info    0x00001f90     0x2af2 ./Core/Src/flash_spi.o
 .debug_info    0x00004a82      0x73c ./Core/Src/flash_utils.o
 .debug_info    0x000051be     0x1202 ./Core/Src/freertos.o
 .debug_info    0x000063c0      0x4bf ./Core/Src/gpio.o
 .debug_info    0x0000687f     0x14be ./Core/Src/main.o
 .debug_info    0x00007d3d      0x9ac ./Core/Src/spi.o
 .debug_info    0x000086e9     0x189f ./Core/Src/spi_flash.o
 .debug_info    0x00009f88      0x4dc ./Core/Src/stm32f4xx_hal_msp.o
 .debug_info    0x0000a464      0xc94 ./Core/Src/stm32f4xx_hal_timebase_tim.o
 .debug_info    0x0000b0f8      0x9dd ./Core/Src/stm32f4xx_it.o
 .debug_info    0x0000bad5      0x52b ./Core/Src/system_stm32f4xx.o
 .debug_info    0x0000c000      0xceb ./Core/Src/usart.o
 .debug_info    0x0000cceb      0x9e6 ./Drivers/STM32F4xx_HAL_Driver/Src/stm32f4xx_hal.o
 .debug_info    0x0000d6d1      0xf8c ./Drivers/STM32F4xx_HAL_Driver/Src/stm32f4xx_hal_cortex.o
 .debug_info    0x0000e65d      0xadd ./Drivers/STM32F4xx_HAL_Driver/Src/stm32f4xx_hal_dma.o
 .debug_info    0x0000f13a      0x710 ./Drivers/STM32F4xx_HAL_Driver/Src/stm32f4xx_hal_flash.o
 .debug_info    0x0000f84a      0x806 ./Drivers/STM32F4xx_HAL_Driver/Src/stm32f4xx_hal_flash_ex.o
 .debug_info    0x00010050      0x708 ./Drivers/STM32F4xx_HAL_Driver/Src/stm32f4xx_hal_gpio.o
 .debug_info    0x00010758      0xa73 ./Drivers/STM32F4xx_HAL_Driver/Src/stm32f4xx_hal_rcc.o
 .debug_info    0x000111cb      0x659 ./Drivers/STM32F4xx_HAL_Driver/Src/stm32f4xx_hal_rcc_ex.o
 .debug_info    0x00011824     0x1d9d ./Drivers/STM32F4xx_HAL_Driver/Src/stm32f4xx_hal_spi.o
 .debug_info    0x000135c1     0x3be4 ./Drivers/STM32F4xx_HAL_Driver/Src/stm32f4xx_hal_tim.o
 .debug_info    0x000171a5     0x1acc ./Drivers/STM32F4xx_HAL_Driver/Src/stm32f4xx_hal_tim_ex.o
 .debug_info    0x00018c71     0x3fd3 ./Drivers/STM32F4xx_HAL_Driver/Src/stm32f4xx_hal_uart.o
 .debug_info    0x0001cc44     0x2a78 ./Middlewares/Third_Party/FreeRTOS/Source/CMSIS_RTOS/cmsis_os.o
 .debug_info    0x0001f6bc      0x2c3 ./Middlewares/Third_Party/FreeRTOS/Source/list.o
 .debug_info    0x0001f97f     0x2272 ./Middlewares/Third_Party/FreeRTOS/Source/queue.o
 .debug_info    0x00021bf1     0x2fad ./Middlewares/Third_Party/FreeRTOS/Source/tasks.o
 .debug_info    0x00024b9e      0x55e ./Middlewares/Third_Party/FreeRTOS/Source/portable/GCC/ARM_CM4F/port.o
 .debug_info    0x000250fc      0x597 ./Middlewares/Third_Party/FreeRTOS/Source/portable/MemMang/heap_4.o

.debug_abbrev   0x00000000     0x4fdb
 .debug_abbrev  0x00000000      0x42a ./Core/Src/bootloader.o
 .debug_abbrev  0x0000042a      0x12d ./Core/Src/dma.o
 .debug_abbrev  0x00000557      0x332 ./Core/Src/flash_spi.o
 .debug_abbrev  0x00000889      0x203 ./Core/Src/flash_utils.o
 .debug_abbrev  0x00000a8c      0x2ad ./Core/Src/freertos.o
 .debug_abbrev  0x00000d39      0x166 ./Core/Src/gpio.o
 .debug_abbrev  0x00000e9f      0x28a ./Core/Src/main.o
 .debug_abbrev  0x00001129      0x213 ./Core/Src/spi.o
 .debug_abbrev  0x0000133c      0x331 ./Core/Src/spi_flash.o
 .debug_abbrev  0x0000166d      0x122 ./Core/Src/stm32f4xx_hal_msp.o
 .debug_abbrev  0x0000178f      0x234 ./Core/Src/stm32f4xx_hal_timebase_tim.o
 .debug_abbrev  0x000019c3      0x193 ./Core/Src/stm32f4xx_it.o
 .debug_abbrev  0x00001b56      0x120 ./Core/Src/system_stm32f4xx.o
 .debug_abbrev  0x00001c76      0x23b ./Core/Src/usart.o
 .debug_abbrev  0x00001eb1      0x242 ./Drivers/STM32F4xx_HAL_Driver/Src/stm32f4xx_hal.o
 .debug_abbrev  0x000020f3      0x39e ./Drivers/STM32F4xx_HAL_Driver/Src/stm32f4xx_hal_cortex.o
 .debug_abbrev  0x00002491      0x2c2 ./Drivers/STM32F4xx_HAL_Driver/Src/stm32f4xx_hal_dma.o
 .debug_abbrev  0x00002753      0x291 ./Drivers/STM32F4xx_HAL_Driver/Src/stm32f4xx_hal_flash.o
 .debug_abbrev  0x000029e4      0x26a ./Drivers/STM32F4xx_HAL_Driver/Src/stm32f4xx_hal_flash_ex.o
 .debug_abbrev  0x00002c4e      0x204 ./Drivers/STM32F4xx_HAL_Driver/Src/stm32f4xx_hal_gpio.o
 .debug_abbrev  0x00002e52      0x2c8 ./Drivers/STM32F4xx_HAL_Driver/Src/stm32f4xx_hal_rcc.o
 .debug_abbrev  0x0000311a      0x1c5 ./Drivers/STM32F4xx_HAL_Driver/Src/stm32f4xx_hal_rcc_ex.o
 .debug_abbrev  0x000032df      0x28d ./Drivers/STM32F4xx_HAL_Driver/Src/stm32f4xx_hal_spi.o
 .debug_abbrev  0x0000356c      0x273 ./Drivers/STM32F4xx_HAL_Driver/Src/stm32f4xx_hal_tim.o
 .debug_abbrev  0x000037df      0x271 ./Drivers/STM32F4xx_HAL_Driver/Src/stm32f4xx_hal_tim_ex.o
 .debug_abbrev  0x00003a50      0x331 ./Drivers/STM32F4xx_HAL_Driver/Src/stm32f4xx_hal_uart.o
 .debug_abbrev  0x00003d81      0x462 ./Middlewares/Third_Party/FreeRTOS/Source/CMSIS_RTOS/cmsis_os.o
 .debug_abbrev  0x000041e3      0x10c ./Middlewares/Third_Party/FreeRTOS/Source/list.o
 .debug_abbrev  0x000042ef      0x3ec ./Middlewares/Third_Party/FreeRTOS/Source/queue.o
 .debug_abbrev  0x000046db      0x406 ./Middlewares/Third_Party/FreeRTOS/Source/tasks.o
 .debug_abbrev  0x00004ae1      0x295 ./Middlewares/Third_Party/FreeRTOS/Source/portable/GCC/ARM_CM4F/port.o
 .debug_abbrev  0x00004d76      0x265 ./Middlewares/Third_Party/FreeRTOS/Source/portable/MemMang/heap_4.o

.debug_loclists
                0x00000000     0xe8f1
 .debug_loclists
                0x00000000      0x198 ./Core/Src/bootloader.o
 .debug_loclists
                0x00000198      0xbcc ./Core/Src/flash_spi.o
 .debug_loclists
                0x00000d64      0x3a8 ./Core/Src/flash_utils.o
 .debug_loclists
                0x0000110c       0x68 ./Core/Src/freertos.o
 .debug_loclists
                0x00001174       0x34 ./Core/Src/main.o
 .debug_loclists
                0x000011a8       0x5c ./Core/Src/spi.o
 .debug_loclists
                0x00001204      0x788 ./Core/Src/spi_flash.o
 .debug_loclists
                0x0000198c       0x9b ./Core/Src/stm32f4xx_hal_timebase_tim.o
 .debug_loclists
                0x00001a27       0xdb ./Core/Src/system_stm32f4xx.o
 .debug_loclists
                0x00001b02       0x50 ./Core/Src/usart.o
 .debug_loclists
                0x00001b52       0xc9 ./Drivers/STM32F4xx_HAL_Driver/Src/stm32f4xx_hal.o
 .debug_loclists
                0x00001c1b      0x439 ./Drivers/STM32F4xx_HAL_Driver/Src/stm32f4xx_hal_cortex.o
 .debug_loclists
                0x00002054      0x763 ./Drivers/STM32F4xx_HAL_Driver/Src/stm32f4xx_hal_dma.o
 .debug_loclists
                0x000027b7      0x262 ./Drivers/STM32F4xx_HAL_Driver/Src/stm32f4xx_hal_flash.o
 .debug_loclists
                0x00002a19      0x35e ./Drivers/STM32F4xx_HAL_Driver/Src/stm32f4xx_hal_flash_ex.o
 .debug_loclists
                0x00002d77      0x356 ./Drivers/STM32F4xx_HAL_Driver/Src/stm32f4xx_hal_gpio.o
 .debug_loclists
                0x000030cd      0x3a9 ./Drivers/STM32F4xx_HAL_Driver/Src/stm32f4xx_hal_rcc.o
 .debug_loclists
                0x00003476      0x249 ./Drivers/STM32F4xx_HAL_Driver/Src/stm32f4xx_hal_rcc_ex.o
 .debug_loclists
                0x000036bf     0x14cb ./Drivers/STM32F4xx_HAL_Driver/Src/stm32f4xx_hal_spi.o
 .debug_loclists
                0x00004b8a     0x3331 ./Drivers/STM32F4xx_HAL_Driver/Src/stm32f4xx_hal_tim.o
 .debug_loclists
                0x00007ebb     0x129e ./Drivers/STM32F4xx_HAL_Driver/Src/stm32f4xx_hal_tim_ex.o
 .debug_loclists
                0x00009159     0x29f1 ./Drivers/STM32F4xx_HAL_Driver/Src/stm32f4xx_hal_uart.o
 .debug_loclists
                0x0000bb4a      0xb4d ./Middlewares/Third_Party/FreeRTOS/Source/CMSIS_RTOS/cmsis_os.o
 .debug_loclists
                0x0000c697       0x6f ./Middlewares/Third_Party/FreeRTOS/Source/list.o
 .debug_loclists
                0x0000c706      0xd38 ./Middlewares/Third_Party/FreeRTOS/Source/queue.o
 .debug_loclists
                0x0000d43e     0x114d ./Middlewares/Third_Party/FreeRTOS/Source/tasks.o
 .debug_loclists
                0x0000e58b       0xbb ./Middlewares/Third_Party/FreeRTOS/Source/portable/GCC/ARM_CM4F/port.o
 .debug_loclists
                0x0000e646      0x2ab ./Middlewares/Third_Party/FreeRTOS/Source/portable/MemMang/heap_4.o

.debug_aranges  0x00000000     0x1848
 .debug_aranges
                0x00000000       0x80 ./Core/Src/bootloader.o
 .debug_aranges
                0x00000080       0x20 ./Core/Src/dma.o
 .debug_aranges
                0x000000a0      0x128 ./Core/Src/flash_spi.o
 .debug_aranges
                0x000001c8       0x80 ./Core/Src/flash_utils.o
 .debug_aranges
                0x00000248       0x50 ./Core/Src/freertos.o
 .debug_aranges
                0x00000298       0x20 ./Core/Src/gpio.o
 .debug_aranges
                0x000002b8       0x38 ./Core/Src/main.o
 .debug_aranges
                0x000002f0       0x30 ./Core/Src/spi.o
 .debug_aranges
                0x00000320       0x90 ./Core/Src/spi_flash.o
 .debug_aranges
                0x000003b0       0x20 ./Core/Src/stm32f4xx_hal_msp.o
 .debug_aranges
                0x000003d0       0x30 ./Core/Src/stm32f4xx_hal_timebase_tim.o
 .debug_aranges
                0x00000400       0x68 ./Core/Src/stm32f4xx_it.o
 .debug_aranges
                0x00000468       0x28 ./Core/Src/system_stm32f4xx.o
 .debug_aranges
                0x00000490       0x30 ./Core/Src/usart.o
 .debug_aranges
                0x000004c0       0xf0 ./Drivers/STM32F4xx_HAL_Driver/Src/stm32f4xx_hal.o
 .debug_aranges
                0x000005b0       0xe8 ./Drivers/STM32F4xx_HAL_Driver/Src/stm32f4xx_hal_cortex.o
 .debug_aranges
                0x00000698       0x90 ./Drivers/STM32F4xx_HAL_Driver/Src/stm32f4xx_hal_dma.o
 .debug_aranges
                0x00000728       0xa0 ./Drivers/STM32F4xx_HAL_Driver/Src/stm32f4xx_hal_flash.o
 .debug_aranges
                0x000007c8       0x98 ./Drivers/STM32F4xx_HAL_Driver/Src/stm32f4xx_hal_flash_ex.o
 .debug_aranges
                0x00000860       0x58 ./Drivers/STM32F4xx_HAL_Driver/Src/stm32f4xx_hal_gpio.o
 .debug_aranges
                0x000008b8       0x88 ./Drivers/STM32F4xx_HAL_Driver/Src/stm32f4xx_hal_rcc.o
 .debug_aranges
                0x00000940       0x48 ./Drivers/STM32F4xx_HAL_Driver/Src/stm32f4xx_hal_rcc_ex.o
 .debug_aranges
                0x00000988      0x1d0 ./Drivers/STM32F4xx_HAL_Driver/Src/stm32f4xx_hal_spi.o
 .debug_aranges
                0x00000b58      0x3d0 ./Drivers/STM32F4xx_HAL_Driver/Src/stm32f4xx_hal_tim.o
 .debug_aranges
                0x00000f28      0x168 ./Drivers/STM32F4xx_HAL_Driver/Src/stm32f4xx_hal_tim_ex.o
 .debug_aranges
                0x00001090      0x208 ./Drivers/STM32F4xx_HAL_Driver/Src/stm32f4xx_hal_uart.o
 .debug_aranges
                0x00001298      0x1d8 ./Middlewares/Third_Party/FreeRTOS/Source/CMSIS_RTOS/cmsis_os.o
 .debug_aranges
                0x00001470       0x40 ./Middlewares/Third_Party/FreeRTOS/Source/list.o
 .debug_aranges
                0x000014b0      0x108 ./Middlewares/Third_Party/FreeRTOS/Source/queue.o
 .debug_aranges
                0x000015b8      0x1b8 ./Middlewares/Third_Party/FreeRTOS/Source/tasks.o
 .debug_aranges
                0x00001770       0x80 ./Middlewares/Third_Party/FreeRTOS/Source/portable/GCC/ARM_CM4F/port.o
 .debug_aranges
                0x000017f0       0x58 ./Middlewares/Third_Party/FreeRTOS/Source/portable/MemMang/heap_4.o

.debug_rnglists
                0x00000000     0x140b
 .debug_rnglists
                0x00000000       0x84 ./Core/Src/bootloader.o
 .debug_rnglists
                0x00000084       0x13 ./Core/Src/dma.o
 .debug_rnglists
                0x00000097      0x12c ./Core/Src/flash_spi.o
 .debug_rnglists
                0x000001c3       0x5c ./Core/Src/flash_utils.o
 .debug_rnglists
                0x0000021f       0x38 ./Core/Src/freertos.o
 .debug_rnglists
                0x00000257       0x14 ./Core/Src/gpio.o
 .debug_rnglists
                0x0000026b       0x26 ./Core/Src/main.o
 .debug_rnglists
                0x00000291       0x1f ./Core/Src/spi.o
 .debug_rnglists
                0x000002b0       0xbf ./Core/Src/spi_flash.o
 .debug_rnglists
                0x0000036f       0x13 ./Core/Src/stm32f4xx_hal_msp.o
 .debug_rnglists
                0x00000382       0x20 ./Core/Src/stm32f4xx_hal_timebase_tim.o
 .debug_rnglists
                0x000003a2       0x49 ./Core/Src/stm32f4xx_it.o
 .debug_rnglists
                0x000003eb       0x1a ./Core/Src/system_stm32f4xx.o
 .debug_rnglists
                0x00000405       0x20 ./Core/Src/usart.o
 .debug_rnglists
                0x00000425       0xaf ./Drivers/STM32F4xx_HAL_Driver/Src/stm32f4xx_hal.o
 .debug_rnglists
                0x000004d4       0xa9 ./Drivers/STM32F4xx_HAL_Driver/Src/stm32f4xx_hal_cortex.o
 .debug_rnglists
                0x0000057d       0x6c ./Drivers/STM32F4xx_HAL_Driver/Src/stm32f4xx_hal_dma.o
 .debug_rnglists
                0x000005e9       0x75 ./Drivers/STM32F4xx_HAL_Driver/Src/stm32f4xx_hal_flash.o
 .debug_rnglists
                0x0000065e       0x6f ./Drivers/STM32F4xx_HAL_Driver/Src/stm32f4xx_hal_flash_ex.o
 .debug_rnglists
                0x000006cd       0x3f ./Drivers/STM32F4xx_HAL_Driver/Src/stm32f4xx_hal_gpio.o
 .debug_rnglists
                0x0000070c       0x75 ./Drivers/STM32F4xx_HAL_Driver/Src/stm32f4xx_hal_rcc.o
 .debug_rnglists
                0x00000781       0x33 ./Drivers/STM32F4xx_HAL_Driver/Src/stm32f4xx_hal_rcc_ex.o
 .debug_rnglists
                0x000007b4      0x16a ./Drivers/STM32F4xx_HAL_Driver/Src/stm32f4xx_hal_spi.o
 .debug_rnglists
                0x0000091e      0x302 ./Drivers/STM32F4xx_HAL_Driver/Src/stm32f4xx_hal_tim.o
 .debug_rnglists
                0x00000c20      0x11b ./Drivers/STM32F4xx_HAL_Driver/Src/stm32f4xx_hal_tim_ex.o
 .debug_rnglists
                0x00000d3b      0x1a1 ./Drivers/STM32F4xx_HAL_Driver/Src/stm32f4xx_hal_uart.o
 .debug_rnglists
                0x00000edc      0x15f ./Middlewares/Third_Party/FreeRTOS/Source/CMSIS_RTOS/cmsis_os.o
 .debug_rnglists
                0x0000103b       0x2b ./Middlewares/Third_Party/FreeRTOS/Source/list.o
 .debug_rnglists
                0x00001066      0x134 ./Middlewares/Third_Party/FreeRTOS/Source/queue.o
 .debug_rnglists
                0x0000119a      0x1c9 ./Middlewares/Third_Party/FreeRTOS/Source/tasks.o
 .debug_rnglists
                0x00001363       0x69 ./Middlewares/Third_Party/FreeRTOS/Source/portable/GCC/ARM_CM4F/port.o
 .debug_rnglists
                0x000013cc       0x3f ./Middlewares/Third_Party/FreeRTOS/Source/portable/MemMang/heap_4.o

.debug_macro    0x00000000    0x25317
 .debug_macro   0x00000000      0x2fe ./Core/Src/bootloader.o
 .debug_macro   0x000002fe      0xab4 ./Core/Src/bootloader.o
 .debug_macro   0x00000db2      0x2a1 ./Core/Src/bootloader.o
 .debug_macro   0x00001053       0x2e ./Core/Src/bootloader.o
 .debug_macro   0x00001081       0x2f ./Core/Src/bootloader.o
 .debug_macro   0x000010b0       0x22 ./Core/Src/bootloader.o
 .debug_macro   0x000010d2       0x8e ./Core/Src/bootloader.o
 .debug_macro   0x00001160       0x51 ./Core/Src/bootloader.o
 .debug_macro   0x000011b1      0x103 ./Core/Src/bootloader.o
 .debug_macro   0x000012b4       0x6a ./Core/Src/bootloader.o
 .debug_macro   0x0000131e      0x1df ./Core/Src/bootloader.o
 .debug_macro   0x000014fd       0x1c ./Core/Src/bootloader.o
 .debug_macro   0x00001519       0x22 ./Core/Src/bootloader.o
 .debug_macro   0x0000153b       0xfb ./Core/Src/bootloader.o
 .debug_macro   0x00001636     0x1011 ./Core/Src/bootloader.o
 .debug_macro   0x00002647      0x11f ./Core/Src/bootloader.o
 .debug_macro   0x00002766    0x15e97 ./Core/Src/bootloader.o
 .debug_macro   0x000185fd       0x6d ./Core/Src/bootloader.o
 .debug_macro   0x0001866a     0x368c ./Core/Src/bootloader.o
 .debug_macro   0x0001bcf6      0x189 ./Core/Src/bootloader.o
 .debug_macro   0x0001be7f       0x5c ./Core/Src/bootloader.o
 .debug_macro   0x0001bedb      0x980 ./Core/Src/bootloader.o
 .debug_macro   0x0001c85b      0x9e9 ./Core/Src/bootloader.o
 .debug_macro   0x0001d244      0x115 ./Core/Src/bootloader.o
 .debug_macro   0x0001d359      0x13e ./Core/Src/bootloader.o
 .debug_macro   0x0001d497       0xa5 ./Core/Src/bootloader.o
 .debug_macro   0x0001d53c      0x174 ./Core/Src/bootloader.o
 .debug_macro   0x0001d6b0      0x287 ./Core/Src/bootloader.o
 .debug_macro   0x0001d937       0x5f ./Core/Src/bootloader.o
 .debug_macro   0x0001d996      0x236 ./Core/Src/bootloader.o
 .debug_macro   0x0001dbcc      0x12c ./Core/Src/bootloader.o
 .debug_macro   0x0001dcf8      0x21e ./Core/Src/bootloader.o
 .debug_macro   0x0001df16       0x2e ./Core/Src/bootloader.o
 .debug_macro   0x0001df44      0x127 ./Core/Src/bootloader.o
 .debug_macro   0x0001e06b       0x7e ./Core/Src/bootloader.o
 .debug_macro   0x0001e0e9       0x89 ./Core/Src/bootloader.o
 .debug_macro   0x0001e172      0x225 ./Core/Src/bootloader.o
 .debug_macro   0x0001e397      0x8ed ./Core/Src/bootloader.o
 .debug_macro   0x0001ec84       0x4d ./Core/Src/bootloader.o
 .debug_macro   0x0001ecd1      0x2aa ./Core/Src/bootloader.o
 .debug_macro   0x0001ef7b      0x12d ./Core/Src/bootloader.o
 .debug_macro   0x0001f0a8       0x40 ./Core/Src/bootloader.o
 .debug_macro   0x0001f0e8       0x8c ./Core/Src/bootloader.o
 .debug_macro   0x0001f174       0x34 ./Core/Src/bootloader.o
 .debug_macro   0x0001f1a8       0x61 ./Core/Src/bootloader.o
 .debug_macro   0x0001f209       0x2a ./Core/Src/bootloader.o
 .debug_macro   0x0001f233       0x43 ./Core/Src/bootloader.o
 .debug_macro   0x0001f276       0x34 ./Core/Src/bootloader.o
 .debug_macro   0x0001f2aa       0x16 ./Core/Src/bootloader.o
 .debug_macro   0x0001f2c0       0x43 ./Core/Src/bootloader.o
 .debug_macro   0x0001f303       0x34 ./Core/Src/bootloader.o
 .debug_macro   0x0001f337       0x10 ./Core/Src/bootloader.o
 .debug_macro   0x0001f347       0x58 ./Core/Src/bootloader.o
 .debug_macro   0x0001f39f       0x8e ./Core/Src/bootloader.o
 .debug_macro   0x0001f42d       0x1c ./Core/Src/bootloader.o
 .debug_macro   0x0001f449      0x177 ./Core/Src/bootloader.o
 .debug_macro   0x0001f5c0      0x369 ./Core/Src/bootloader.o
 .debug_macro   0x0001f929       0x10 ./Core/Src/bootloader.o
 .debug_macro   0x0001f939       0x35 ./Core/Src/bootloader.o
 .debug_macro   0x0001f96e       0x20 ./Core/Src/bootloader.o
 .debug_macro   0x0001f98e       0x66 ./Core/Src/bootloader.o
 .debug_macro   0x0001f9f4      0x2f4 ./Core/Src/dma.o
 .debug_macro   0x0001fce8      0x380 ./Core/Src/flash_spi.o
 .debug_macro   0x00020068       0xf1 ./Core/Src/flash_spi.o
 .debug_macro   0x00020159      0x15a ./Core/Src/flash_spi.o
 .debug_macro   0x000202b3       0xde ./Core/Src/flash_spi.o
 .debug_macro   0x00020391       0x1c ./Core/Src/flash_spi.o
 .debug_macro   0x000203ad       0x26 ./Core/Src/flash_spi.o
 .debug_macro   0x000203d3       0x10 ./Core/Src/flash_spi.o
 .debug_macro   0x000203e3      0x4fe ./Core/Src/flash_spi.o
 .debug_macro   0x000208e1       0xb5 ./Core/Src/flash_spi.o
 .debug_macro   0x00020996       0xaa ./Core/Src/flash_spi.o
 .debug_macro   0x00020a40       0x91 ./Core/Src/flash_spi.o
 .debug_macro   0x00020ad1       0x8d ./Core/Src/flash_spi.o
 .debug_macro   0x00020b5e       0x7e ./Core/Src/flash_spi.o
 .debug_macro   0x00020bdc       0x19 ./Core/Src/flash_spi.o
 .debug_macro   0x00020bf5       0xf2 ./Core/Src/flash_spi.o
 .debug_macro   0x00020ce7       0x86 ./Core/Src/flash_spi.o
 .debug_macro   0x00020d6d      0x2bf ./Core/Src/flash_utils.o
 .debug_macro   0x0002102c       0x3a ./Core/Src/flash_utils.o
 .debug_macro   0x00021066      0x3bd ./Core/Src/freertos.o
 .debug_macro   0x00021423      0x2f4 ./Core/Src/gpio.o
 .debug_macro   0x00021717      0x3db ./Core/Src/main.o
 .debug_macro   0x00021af2       0xf1 ./Core/Src/main.o
 .debug_macro   0x00021be3       0x16 ./Core/Src/main.o
 .debug_macro   0x00021bf9      0x2f4 ./Core/Src/spi.o
 .debug_macro   0x00021eed      0x2f6 ./Core/Src/spi_flash.o
 .debug_macro   0x000221e3      0x2ea ./Core/Src/stm32f4xx_hal_msp.o
 .debug_macro   0x000224cd      0x1d8 ./Core/Src/stm32f4xx_hal_timebase_tim.o
 .debug_macro   0x000226a5      0x2f4 ./Core/Src/stm32f4xx_it.o
 .debug_macro   0x00022999      0x1d8 ./Core/Src/system_stm32f4xx.o
 .debug_macro   0x00022b71      0x2f4 ./Core/Src/usart.o
 .debug_macro   0x00022e65      0x238 ./Drivers/STM32F4xx_HAL_Driver/Src/stm32f4xx_hal.o
 .debug_macro   0x0002309d      0x1d8 ./Drivers/STM32F4xx_HAL_Driver/Src/stm32f4xx_hal_cortex.o
 .debug_macro   0x00023275      0x1de ./Drivers/STM32F4xx_HAL_Driver/Src/stm32f4xx_hal_dma.o
 .debug_macro   0x00023453      0x1de ./Drivers/STM32F4xx_HAL_Driver/Src/stm32f4xx_hal_flash.o
 .debug_macro   0x00023631      0x1de ./Drivers/STM32F4xx_HAL_Driver/Src/stm32f4xx_hal_flash_ex.o
 .debug_macro   0x0002380f      0x1de ./Drivers/STM32F4xx_HAL_Driver/Src/stm32f4xx_hal_gpio.o
 .debug_macro   0x000239ed      0x1fc ./Drivers/STM32F4xx_HAL_Driver/Src/stm32f4xx_hal_rcc.o
 .debug_macro   0x00023be9      0x1d8 ./Drivers/STM32F4xx_HAL_Driver/Src/stm32f4xx_hal_rcc_ex.o
 .debug_macro   0x00023dc1      0x1e7 ./Drivers/STM32F4xx_HAL_Driver/Src/stm32f4xx_hal_spi.o
 .debug_macro   0x00023fa8      0x1d9 ./Drivers/STM32F4xx_HAL_Driver/Src/stm32f4xx_hal_tim.o
 .debug_macro   0x00024181      0x1d8 ./Drivers/STM32F4xx_HAL_Driver/Src/stm32f4xx_hal_tim_ex.o
 .debug_macro   0x00024359      0x1d9 ./Drivers/STM32F4xx_HAL_Driver/Src/stm32f4xx_hal_uart.o
 .debug_macro   0x00024532      0x210 ./Middlewares/Third_Party/FreeRTOS/Source/CMSIS_RTOS/cmsis_os.o
 .debug_macro   0x00024742       0xe9 ./Middlewares/Third_Party/FreeRTOS/Source/CMSIS_RTOS/cmsis_os.o
 .debug_macro   0x0002482b      0x199 ./Middlewares/Third_Party/FreeRTOS/Source/list.o
 .debug_macro   0x000249c4      0x228 ./Middlewares/Third_Party/FreeRTOS/Source/queue.o
 .debug_macro   0x00024bec       0x16 ./Middlewares/Third_Party/FreeRTOS/Source/queue.o
 .debug_macro   0x00024c02       0x87 ./Middlewares/Third_Party/FreeRTOS/Source/queue.o
 .debug_macro   0x00024c89      0x28b ./Middlewares/Third_Party/FreeRTOS/Source/tasks.o
 .debug_macro   0x00024f14       0x10 ./Middlewares/Third_Party/FreeRTOS/Source/tasks.o
 .debug_macro   0x00024f24      0x233 ./Middlewares/Third_Party/FreeRTOS/Source/portable/GCC/ARM_CM4F/port.o
 .debug_macro   0x00025157      0x1c0 ./Middlewares/Third_Party/FreeRTOS/Source/portable/MemMang/heap_4.o

.debug_line     0x00000000    0x2787b
 .debug_line    0x00000000      0xe48 ./Core/Src/bootloader.o
 .debug_line    0x00000e48      0x90a ./Core/Src/dma.o
 .debug_line    0x00001752     0x197c ./Core/Src/flash_spi.o
 .debug_line    0x000030ce      0xc02 ./Core/Src/flash_utils.o
 .debug_line    0x00003cd0      0xbfa ./Core/Src/freertos.o
 .debug_line    0x000048ca      0x988 ./Core/Src/gpio.o
 .debug_line    0x00005252      0xbf8 ./Core/Src/main.o
 .debug_line    0x00005e4a      0xa06 ./Core/Src/spi.o