Archive member included to satisfy reference by file (symbol)

C:/ST/STM32CubeIDE_1.17.0/STM32CubeIDE/plugins/com.st.stm32cube.ide.mcu.externaltools.gnu-tools-for-stm32.12.3.rel1.win32_1.1.0.202410251130/tools/bin/../lib/gcc/arm-none-eabi/12.3.1/../../../../arm-none-eabi/lib/thumb/v7e-m+fp/hard\libc_nano.a(libc_a-exit.o)
                              C:/ST/STM32CubeIDE_1.17.0/STM32CubeIDE/plugins/com.st.stm32cube.ide.mcu.externaltools.gnu-tools-for-stm32.12.3.rel1.win32_1.1.0.202410251130/tools/bin/../lib/gcc/arm-none-eabi/12.3.1/../../../../arm-none-eabi/lib/thumb/v7e-m+fp/hard/crt0.o (exit)
C:/ST/STM32CubeIDE_1.17.0/STM32CubeIDE/plugins/com.st.stm32cube.ide.mcu.externaltools.gnu-tools-for-stm32.12.3.rel1.win32_1.1.0.202410251130/tools/bin/../lib/gcc/arm-none-eabi/12.3.1/../../../../arm-none-eabi/lib/thumb/v7e-m+fp/hard\libc_nano.a(libc_a-findfp.o)
                              ./Middlewares/Third_Party/FreeRTOS/Source/tasks.o (__sf)
C:/ST/STM32CubeIDE_1.17.0/STM32CubeIDE/plugins/com.st.stm32cube.ide.mcu.externaltools.gnu-tools-for-stm32.12.3.rel1.win32_1.1.0.202410251130/tools/bin/../lib/gcc/arm-none-eabi/12.3.1/../../../../arm-none-eabi/lib/thumb/v7e-m+fp/hard\libc_nano.a(libc_a-fwalk.o)
                              C:/ST/STM32CubeIDE_1.17.0/STM32CubeIDE/plugins/com.st.stm32cube.ide.mcu.externaltools.gnu-tools-for-stm32.12.3.rel1.win32_1.1.0.202410251130/tools/bin/../lib/gcc/arm-none-eabi/12.3.1/../../../../arm-none-eabi/lib/thumb/v7e-m+fp/hard\libc_nano.a(libc_a-findfp.o) (_fwalk_sglue)
C:/ST/STM32CubeIDE_1.17.0/STM32CubeIDE/plugins/com.st.stm32cube.ide.mcu.externaltools.gnu-tools-for-stm32.12.3.rel1.win32_1.1.0.202410251130/tools/bin/../lib/gcc/arm-none-eabi/12.3.1/../../../../arm-none-eabi/lib/thumb/v7e-m+fp/hard\libc_nano.a(libc_a-stdio.o)
                              C:/ST/STM32CubeIDE_1.17.0/STM32CubeIDE/plugins/com.st.stm32cube.ide.mcu.externaltools.gnu-tools-for-stm32.12.3.rel1.win32_1.1.0.202410251130/tools/bin/../lib/gcc/arm-none-eabi/12.3.1/../../../../arm-none-eabi/lib/thumb/v7e-m+fp/hard\libc_nano.a(libc_a-findfp.o) (__sread)
C:/ST/STM32CubeIDE_1.17.0/STM32CubeIDE/plugins/com.st.stm32cube.ide.mcu.externaltools.gnu-tools-for-stm32.12.3.rel1.win32_1.1.0.202410251130/tools/bin/../lib/gcc/arm-none-eabi/12.3.1/../../../../arm-none-eabi/lib/thumb/v7e-m+fp/hard\libc_nano.a(libc_a-memset.o)
                              C:/ST/STM32CubeIDE_1.17.0/STM32CubeIDE/plugins/com.st.stm32cube.ide.mcu.externaltools.gnu-tools-for-stm32.12.3.rel1.win32_1.1.0.202410251130/tools/bin/../lib/gcc/arm-none-eabi/12.3.1/../../../../arm-none-eabi/lib/thumb/v7e-m+fp/hard/crt0.o (memset)
C:/ST/STM32CubeIDE_1.17.0/STM32CubeIDE/plugins/com.st.stm32cube.ide.mcu.externaltools.gnu-tools-for-stm32.12.3.rel1.win32_1.1.0.202410251130/tools/bin/../lib/gcc/arm-none-eabi/12.3.1/../../../../arm-none-eabi/lib/thumb/v7e-m+fp/hard\libc_nano.a(libc_a-closer.o)
                              C:/ST/STM32CubeIDE_1.17.0/STM32CubeIDE/plugins/com.st.stm32cube.ide.mcu.externaltools.gnu-tools-for-stm32.12.3.rel1.win32_1.1.0.202410251130/tools/bin/../lib/gcc/arm-none-eabi/12.3.1/../../../../arm-none-eabi/lib/thumb/v7e-m+fp/hard\libc_nano.a(libc_a-stdio.o) (_close_r)
C:/ST/STM32CubeIDE_1.17.0/STM32CubeIDE/plugins/com.st.stm32cube.ide.mcu.externaltools.gnu-tools-for-stm32.12.3.rel1.win32_1.1.0.202410251130/tools/bin/../lib/gcc/arm-none-eabi/12.3.1/../../../../arm-none-eabi/lib/thumb/v7e-m+fp/hard\libc_nano.a(libc_a-reent.o)
                              ./Middlewares/Third_Party/FreeRTOS/Source/tasks.o (_reclaim_reent)
C:/ST/STM32CubeIDE_1.17.0/STM32CubeIDE/plugins/com.st.stm32cube.ide.mcu.externaltools.gnu-tools-for-stm32.12.3.rel1.win32_1.1.0.202410251130/tools/bin/../lib/gcc/arm-none-eabi/12.3.1/../../../../arm-none-eabi/lib/thumb/v7e-m+fp/hard\libc_nano.a(libc_a-impure.o)
                              ./Middlewares/Third_Party/FreeRTOS/Source/tasks.o (_impure_ptr)
C:/ST/STM32CubeIDE_1.17.0/STM32CubeIDE/plugins/com.st.stm32cube.ide.mcu.externaltools.gnu-tools-for-stm32.12.3.rel1.win32_1.1.0.202410251130/tools/bin/../lib/gcc/arm-none-eabi/12.3.1/../../../../arm-none-eabi/lib/thumb/v7e-m+fp/hard\libc_nano.a(libc_a-lseekr.o)
                              C:/ST/STM32CubeIDE_1.17.0/STM32CubeIDE/plugins/com.st.stm32cube.ide.mcu.externaltools.gnu-tools-for-stm32.12.3.rel1.win32_1.1.0.202410251130/tools/bin/../lib/gcc/arm-none-eabi/12.3.1/../../../../arm-none-eabi/lib/thumb/v7e-m+fp/hard\libc_nano.a(libc_a-stdio.o) (_lseek_r)
C:/ST/STM32CubeIDE_1.17.0/STM32CubeIDE/plugins/com.st.stm32cube.ide.mcu.externaltools.gnu-tools-for-stm32.12.3.rel1.win32_1.1.0.202410251130/tools/bin/../lib/gcc/arm-none-eabi/12.3.1/../../../../arm-none-eabi/lib/thumb/v7e-m+fp/hard\libc_nano.a(libc_a-readr.o)
[...]
Memory Configuration

Name             Origin             Length             Attributes
CCMRAM           0x10000000         0x00010000         xrw
RAM              0x20000000         0x00020000         xrw
FLASH            0x08000000         0x0000c000         xr
BOOT_DATA        0x0800c000         0x00004000         xr
APP              0x08010000         0x00070000         xr
*default*        0x00000000         0xffffffff

Linker script and memory map

LOAD C:/ST/STM32CubeIDE_1.17.0/STM32CubeIDE/plugins/com.st.stm32cube.ide.mcu.externaltools.gnu-tools-for-stm32.12.3.rel1.win32_1.1.0.202410251130/tools/bin/../lib/gcc/arm-none-eabi/12.3.1/thumb/v7e-m+fp/hard/crti.o
LOAD C:/ST/STM32CubeIDE_1.17.0/STM32CubeIDE/plugins/com.st.stm32cube.ide.mcu.externaltools.gnu-tools-for-stm32.12.3.rel1.win32_1.1.0.202410251130/tools/bin/../lib/gcc/arm-none-eabi/12.3.1/thumb/v7e-m+fp/hard/crtbegin.o
LOAD C:/ST/STM32CubeIDE_1.17.0/STM32CubeIDE/plugins/com.st.stm32cube.ide.mcu.externaltools.gnu-tools-for-stm32.12.3.rel1.win32_1.1.0.202410251130/tools/bin/../lib/gcc/arm-none-eabi/12.3.1/../../../../arm-none-eabi/lib/thumb/v7e-m+fp/hard/crt0.o
LOAD ./Core/Src/bootloader.o
LOAD ./Core/Src/crc.o
LOAD ./Core/Src/dma.o
LOAD ./Core/Src/flash_spi.o
LOAD ./Core/Src/freertos.o
LOAD ./Core/Src/gpio.o
LOAD ./Core/Src/main.o
LOAD ./Core/Src/spi.o
LOAD ./Core/Src/stm32f4xx_hal_msp.o
LOAD ./Core/Src/stm32f4xx_hal_timebase_tim.o
LOAD ./Core/Src/stm32f4xx_it.o
LOAD ./Core/Src/syscalls.o
LOAD ./Core/Src/sysmem.o
LOAD ./Core/Src/system_stm32f4xx.o
LOAD ./Core/Src/usart.o
LOAD ./Core/Startup/startup_stm32f407vetx.o
LOAD ./Drivers/STM32F4xx_HAL_Driver/Src/stm32f4xx_hal.o
LOAD ./Drivers/STM32F4xx_HAL_Driver/Src/stm32f4xx_hal_cortex.o
LOAD ./Drivers/STM32F4xx_HAL_Driver/Src/stm32f4xx_hal_dma.o
LOAD ./Drivers/STM32F4xx_HAL_Driver/Src/stm32f4xx_hal_dma_ex.o
LOAD ./Drivers/STM32F4xx_HAL_Driver/Src/stm32f4xx_hal_exti.o
LOAD ./Drivers/STM32F4xx_HAL_Driver/Src/stm32f4xx_hal_flash.o
LOAD ./Drivers/STM32F4xx_HAL_Driver/Src/stm32f4xx_hal_flash_ex.o
LOAD ./Drivers/STM32F4xx_HAL_Driver/Src/stm32f4xx_hal_flash_ramfunc.o
LOAD ./Drivers/STM32F4xx_HAL_Driver/Src/stm32f4xx_hal_gpio.o
LOAD ./Drivers/STM32F4xx_HAL_Driver/Src/stm32f4xx_hal_pwr.o
LOAD ./Drivers/STM32F4xx_HAL_Driver/Src/stm32f4xx_hal_pwr_ex.o
LOAD ./Drivers/STM32F4xx_HAL_Driver/Src/stm32f4xx_hal_rcc.o
LOAD ./Drivers/STM32F4xx_HAL_Driver/Src/stm32f4xx_hal_rcc_ex.o
LOAD ./Drivers/STM32F4xx_HAL_Driver/Src/stm32f4xx_hal_spi.o
LOAD ./Drivers/STM32F4xx_HAL_Driver/Src/stm32f4xx_hal_tim.o
LOAD ./Drivers/STM32F4xx_HAL_Driver/Src/stm32f4xx_hal_tim_ex.o
LOAD ./Drivers/STM32F4xx_HAL_Driver/Src/stm32f4xx_hal_uart.o
LOAD ./Middlewares/Third_Party/FreeRTOS/Source/CMSIS_RTOS/cmsis_os.o
LOAD ./Middlewares/Third_Party/FreeRTOS/Source/croutine.o
LOAD ./Middlewares/Third_Party/FreeRTOS/Source/event_groups.o
LOAD ./Middlewares/Third_Party/FreeRTOS/Source/list.o
LOAD ./Middlewares/Third_Party/FreeRTOS/Source/queue.o
LOAD ./Middlewares/Third_Party/FreeRTOS/Source/stream_buffer.o
LOAD ./Middlewares/Third_Party/FreeRTOS/Source/tasks.o
LOAD ./Middlewares/Third_Party/FreeRTOS/Source/timers.o
LOAD ./Middlewares/Third_Party/FreeRTOS/Source/portable/GCC/ARM_CM4F/port.o
LOAD ./Middlewares/Third_Party/FreeRTOS/Source/portable/MemMang/heap_4.o
START GROUP
LOAD C:/ST/STM32CubeIDE_1.17.0/STM32CubeIDE/plugins/com.st.stm32cube.ide.mcu.externaltools.gnu-tools-for-stm32.12.3.rel1.win32_1.1.0.202410251130/tools/bin/../lib/gcc/arm-none-eabi/12.3.1/../../../../arm-none-eabi/lib/thumb/v7e-m+fp/hard\libc_nano.a
LOAD C:/ST/STM32CubeIDE_1.17.0/STM32CubeIDE/plugins/com.st.stm32cube.ide.mcu.externaltools.gnu-tools-for-stm32.12.3.rel1.win32_1.1.0.202410251130/tools/bin/../lib/gcc/arm-none-eabi/12.3.1/../../../../arm-none-eabi/lib/thumb/v7e-m+fp/hard\libm.a
END GROUP
START GROUP
LOAD C:/ST/STM32CubeIDE_1.17.0/STM32CubeIDE/plugins/com.st.stm32cube.ide.mcu.externaltools.gnu-tools-for-stm32.12.3.rel1.win32_1.1.0.202410251130/tools/bin/../lib/gcc/arm-none-eabi/12.3.1/thumb/v7e-m+fp/hard\libgcc.a
LOAD C:/ST/STM32CubeIDE_1.17.0/STM32CubeIDE/plugins/com.st.stm32cube.ide.mcu.externaltools.gnu-tools-for-stm32.12.3.rel1.win32_1.1.0.202410251130/tools/bin/../lib/gcc/arm-none-eabi/12.3.1/../../../../arm-none-eabi/lib/thumb/v7e-m+fp/hard\libc_nano.a
END GROUP
START GROUP
LOAD C:/ST/STM32CubeIDE_1.17.0/STM32CubeIDE/plugins/com.st.stm32cube.ide.mcu.externaltools.gnu-tools-for-stm32.12.3.rel1.win32_1.1.0.202410251130/tools/bin/../lib/gcc/arm-none-eabi/12.3.1/thumb/v7e-m+fp/hard\libgcc.a
LOAD C:/ST/STM32CubeIDE_1.17.0/STM32CubeIDE/plugins/com.st.stm32cube.ide.mcu.externaltools.gnu-tools-for-stm32.12.3.rel1.win32_1.1.0.202410251130/tools/bin/../lib/gcc/arm-none-eabi/12.3.1/../../../../arm-none-eabi/lib/thumb/v7e-m+fp/hard\libc_nano.a
LOAD C:/ST/STM32CubeIDE_1.17.0/STM32CubeIDE/plugins/com.st.stm32cube.ide.mcu.externaltools.gnu-tools-for-stm32.12.3.rel1.win32_1.1.0.202410251130/tools/bin/../lib/gcc/arm-none-eabi/12.3.1/../../../../arm-none-eabi/lib/thumb/v7e-m+fp/hard\libnosys.a
END GROUP
START GROUP
LOAD C:/ST/STM32CubeIDE_1.17.0/STM32CubeIDE/plugins/com.st.stm32cube.ide.mcu.externaltools.gnu-tools-for-stm32.12.3.rel1.win32_1.1.0.202410251130/tools/bin/../lib/gcc/arm-none-eabi/12.3.1/thumb/v7e-m+fp/hard\libgcc.a
LOAD C:/ST/STM32CubeIDE_1.17.0/STM32CubeIDE/plugins/com.st.stm32cube.ide.mcu.externaltools.gnu-tools-for-stm32.12.3.rel1.win32_1.1.0.202410251130/tools/bin/../lib/gcc/arm-none-eabi/12.3.1/../../../../arm-none-eabi/lib/thumb/v7e-m+fp/hard\libc_nano.a
LOAD C:/ST/STM32CubeIDE_1.17.0/STM32CubeIDE/plugins/com.st.stm32cube.ide.mcu.externaltools.gnu-tools-for-stm32.12.3.rel1.win32_1.1.0.202410251130/tools/bin/../lib/gcc/arm-none-eabi/12.3.1/../../../../arm-none-eabi/lib/thumb/v7e-m+fp/hard\libnosys.a
END GROUP
LOAD C:/ST/STM32CubeIDE_1.17.0/STM32CubeIDE/plugins/com.st.stm32cube.ide.mcu.externaltools.gnu-tools-for-stm32.12.3.rel1.win32_1.1.0.202410251130/tools/bin/../lib/gcc/arm-none-eabi/12.3.1/thumb/v7e-m+fp/hard/crtend.o
LOAD C:/ST/STM32CubeIDE_1.17.0/STM32CubeIDE/plugins/com.st.stm32cube.ide.mcu.externaltools.gnu-tools-for-stm32.12.3.rel1.win32_1.1.0.202410251130/tools/bin/../lib/gcc/arm-none-eabi/12.3.1/thumb/v7e-m+fp/hard/crtn.o
                0x20020000                        _estack = (ORIGIN (RAM) + LENGTH (RAM))
                0x00000200                        _Min_Heap_Size = 0x200
                0x00000400                        _Min_Stack_Size = 0x400

.isr_vector     0x08000000      0x188
                0x08000000                        . = ALIGN (0x4)
 *(.isr_vector)
 .isr_vector    0x08000000      0x188 ./Core/Startup/startup_stm32f407vetx.o
                0x08000000                g_pfnVectors
                0x08000188                        . = ALIGN (0x4)

.text           0x08000190     0x4a90
                0x08000190                        . = ALIGN (0x4)
 *(.text)
 .text          0x08000190       0x40 C:/ST/STM32CubeIDE_1.17.0/STM32CubeIDE/plugins/com.st.stm32cube.ide.mcu.externaltools.gnu-tools-for-stm32.12.3.rel1.win32_1.1.0.202410251130/tools/bin/../lib/gcc/arm-none-eabi/12.3.1/thumb/v7e-m+fp/hard/crtbegin.o
 .text          0x080001d0       0x30 C:/ST/STM32CubeIDE_1.17.0/STM32CubeIDE/plugins/com.st.stm32cube.ide.mcu.externaltools.gnu-tools-for-stm32.12.3.rel1.win32_1.1.0.202410251130/tools/bin/../lib/gcc/arm-none-eabi/12.3.1/thumb/v7e-m+fp/hard\libgcc.a(_aeabi_uldivmod.o)
                0x080001d0                __aeabi_uldivmod
 .text          0x08000200      0x2bc C:/ST/STM32CubeIDE_1.17.0/STM32CubeIDE/plugins/com.st.stm32cube.ide.mcu.externaltools.gnu-tools-for-stm32.12.3.rel1.win32_1.1.0.202410251130/tools/bin/../lib/gcc/arm-none-eabi/12.3.1/thumb/v7e-m+fp/hard\libgcc.a(_udivmoddi4.o)
                0x08000200                __udivmoddi4
 .text          0x080004bc        0x4 C:/ST/STM32CubeIDE_1.17.0/STM32CubeIDE/plugins/com.st.stm32cube.ide.mcu.externaltools.gnu-tools-for-stm32.12.3.rel1.win32_1.1.0.202410251130/tools/bin/../lib/gcc/arm-none-eabi/12.3.1/thumb/v7e-m+fp/hard\libgcc.a(_dvmd_tls.o)
                0x080004bc                __aeabi_idiv0
                0x080004bc                __aeabi_ldiv0
 *(.text*)
 .text.__NVIC_SystemReset
                0x080004c0       0x24 ./Core/Src/bootloader.o
 .text.Bootloader_EnterRecoveryMode
                0x080004e4       0x18 ./Core/Src/bootloader.o
 .text.Bootloader_ValidateApplication
                0x080004fc       0x60 ./Core/Src/bootloader.o
 .text.Bootloader_InitStatus
                0x0800055c       0x7c ./Core/Src/bootloader.o
 .text.Bootloader_VerifyApplication
                0x080005d8       0x24 ./Core/Src/bootloader.o
 .text.Bootloader_CheckAndInitFlash
                0x080005fc       0x84 ./Core/Src/bootloader.o
 .text.Bootloader_UpdateProgress
                0x08000680       0x58 ./Core/Src/bootloader.o
 .text.Bootloader_JumpToApplication
                0x080006d8       0x44 ./Core/Src/bootloader.o
                0x080006d8                Bootloader_JumpToApplication
 .text.Bootloader_CheckBackupFirmware
                0x0800071c       0x80 ./Core/Src/bootloader.o
                0x0800071c                Bootloader_CheckBackupFirmware
 .text.FLASH_Utils_Unlock
                0x0800079c        0x8 ./Core/Src/bootloader.o
                0x0800079c                FLASH_Utils_Unlock
 .text.FLASH_Utils_Lock
                0x080007a4        0x8 ./Core/Src/bootloader.o
                0x080007a4                FLASH_Utils_Lock
 .text.FLASH_Utils_GetSector
                0x080007ac       0x9c ./Core/Src/bootloader.o
                0x080007ac                FLASH_Utils_GetSector
 .text.FLASH_Utils_EraseSector
                0x08000848       0x22 ./Core/Src/bootloader.o
                0x08000848                FLASH_Utils_EraseSector
 *fill*         0x0800086a        0x2 
 .text.Bootloader_ResetApplication
                0x0800086c       0x34 ./Core/Src/bootloader.o
 .text.FLASH_Utils_Write
                0x080008a0       0x2e ./Core/Src/bootloader.o
                0x080008a0                FLASH_Utils_Write
 *fill*         0x080008ce        0x2 
 .text.Bootloader_CopyFirmwareFromSPI
                0x080008d0       0x80 ./Core/Src/bootloader.o
 .text.Bootloader_SaveStatus
                0x08000950       0x5c ./Core/Src/bootloader.o
                0x08000950                Bootloader_SaveStatus
 .text.Bootloader_ProcessState
                0x080009ac      0x28c ./Core/Src/bootloader.o
 .text.Bootloader_Run
                0x08000c38        0x8 ./Core/Src/bootloader.o
                0x08000c38                Bootloader_Run
 .text.FLASH_Utils_Read
                0x08000c40       0x10 ./Core/Src/bootloader.o
                0x08000c40                FLASH_Utils_Read
 .text.Bootloader_LoadStatus
                0x08000c50       0x48 ./Core/Src/bootloader.o
                0x08000c50                Bootloader_LoadStatus
 .text.Bootloader_Init
                0x08000c98       0x78 ./Core/Src/bootloader.o
                0x08000c98                Bootloader_Init
 .text.CRC_Calculate
                0x08000d10       0x78 ./Core/Src/crc.o
                0x08000d10                CRC_Calculate
 .text.MX_DMA_Init
                0x08000d88       0x44 ./Core/Src/dma.o
                0x08000d88                MX_DMA_Init
 .text.W25QXX_ResetInfo
                0x08000dcc        0xe ./Core/Src/flash_spi.o
 .text.W25QXX_InitDevice
                0x08000dda       0x14 ./Core/Src/flash_spi.o
                0x08000dda                W25QXX_InitDevice
 .text.W25QXX_Delay
                0x08000dee       0x16 ./Core/Src/flash_spi.o
                0x08000dee                W25QXX_Delay
 .text.W25QXX_SPI
                0x08000e04       0x26 ./Core/Src/flash_spi.o
                0x08000e04                W25QXX_SPI
 .text.W25QXX_ReadID
                0x08000e2a       0x4a ./Core/Src/flash_spi.o
                0x08000e2a                W25QXX_ReadID
 .text.W25QXX_ReadUniqID
                0x08000e74       0x50 ./Core/Src/flash_spi.o
                0x08000e74                W25QXX_ReadUniqID
 .text.W25QXX_Init
                0x08000ec4      0x1c8 ./Core/Src/flash_spi.o
                0x08000ec4                W25QXX_Init
 .text.W25QXX_ReadBytes
                0x0800108c       0x92 ./Core/Src/flash_spi.o
                0x0800108c                W25QXX_ReadBytes
 *fill*         0x0800111e        0x2 
 .text.__NVIC_SystemReset
                0x08001120       0x24 ./Core/Src/freertos.o
 .text.StartMainTask
                0x08001144       0x7c ./Core/Src/freertos.o
                0x08001144                StartMainTask
 .text.UartTask
                0x080011c0        0xa ./Core/Src/freertos.o
                0x080011c0                UartTask
 .text.EthTask  0x080011ca        0xa ./Core/Src/freertos.o
                0x080011ca                EthTask
 .text.BootloaderTask
                0x080011d4       0x16 ./Core/Src/freertos.o
                0x080011d4                BootloaderTask
 *fill*         0x080011ea        0x2 
 .text.vApplicationGetIdleTaskMemory
                0x080011ec       0x18 ./Core/Src/freertos.o
                0x080011ec                vApplicationGetIdleTaskMemory
 .text.MX_FREERTOS_Init
                0x08001204       0xc8 ./Core/Src/freertos.o
                0x08001204                MX_FREERTOS_Init
 .text.MX_GPIO_Init
                0x080012cc       0xe0 ./Core/Src/gpio.o
                0x080012cc                MX_GPIO_Init
 .text.InitSpiFlash
                0x080013ac       0xbc ./Core/Src/main.o
 .text.HAL_TIM_PeriodElapsedCallback
                0x08001468       0x18 ./Core/Src/main.o
                0x08001468                HAL_TIM_PeriodElapsedCallback
 .text.Error_Handler
                0x08001480        0x4 ./Core/Src/main.o
                0x08001480                Error_Handler
 .text.SystemClock_Config
                0x08001484       0xa8 ./Core/Src/main.o
                0x08001484                SystemClock_Config
 .text.main     0x0800152c       0x2c ./Core/Src/main.o
                0x0800152c                main
 .text.MX_SPI3_Init
                0x08001558       0x40 ./Core/Src/spi.o
                0x08001558                MX_SPI3_Init
 .text.HAL_SPI_MspInit
                0x08001598       0x70 ./Core/Src/spi.o
                0x08001598                HAL_SPI_MspInit
 .text.HAL_MspInit
                0x08001608       0x44 ./Core/Src/stm32f4xx_hal_msp.o
                0x08001608                HAL_MspInit
 .text.HAL_InitTick
                0x0800164c       0xa4 ./Core/Src/stm32f4xx_hal_timebase_tim.o
                0x0800164c                HAL_InitTick
 .text.NMI_Handler
                0x080016f0        0x2 ./Core/Src/stm32f4xx_it.o
                0x080016f0                NMI_Handler
 .text.HardFault_Handler
                0x080016f2        0x2 ./Core/Src/stm32f4xx_it.o
                0x080016f2                HardFault_Handler
 .text.MemManage_Handler
                0x080016f4        0x2 ./Core/Src/stm32f4xx_it.o
                0x080016f4                MemManage_Handler
 .text.BusFault_Handler
                0x080016f6        0x2 ./Core/Src/stm32f4xx_it.o
                0x080016f6                BusFault_Handler
 .text.UsageFault_Handler
                0x080016f8        0x2 ./Core/Src/stm32f4xx_it.o
                0x080016f8                UsageFault_Handler
 .text.DebugMon_Handler
                0x080016fa        0x2 ./Core/Src/stm32f4xx_it.o
                0x080016fa                DebugMon_Handler
 .text.DMA1_Stream5_IRQHandler
                0x080016fc       0x10 ./Core/Src/stm32f4xx_it.o
                0x080016fc                DMA1_Stream5_IRQHandler
 .text.DMA1_Stream6_IRQHandler
                0x0800170c       0x10 ./Core/Src/stm32f4xx_it.o
                0x0800170c                DMA1_Stream6_IRQHandler
 .text.USART2_IRQHandler
                0x0800171c       0x10 ./Core/Src/stm32f4xx_it.o
                0x0800171c                USART2_IRQHandler
 .text.TIM8_TRG_COM_TIM14_IRQHandler
                0x0800172c       0x10 ./Core/Src/stm32f4xx_it.o
                0x0800172c                TIM8_TRG_COM_TIM14_IRQHandler
 .text.SystemInit
                0x0800173c       0x14 ./Core/Src/system_stm32f4xx.o
                0x0800173c                SystemInit
 .text.MX_USART2_UART_Init
                0x08001750       0x34 ./Core/Src/usart.o
                0x08001750                MX_USART2_UART_Init
 .text.HAL_UART_MspInit
                0x08001784       0xfc ./Core/Src/usart.o
                0x08001784                HAL_UART_MspInit
 .text.Reset_Handler
                0x08001880       0x50 ./Core/Startup/startup_stm32f407vetx.o
                0x08001880                Reset_Handler
 .text.Default_Handler
                0x080018d0        0x2 ./Core/Startup/startup_stm32f407vetx.o
                0x080018d0                RTC_Alarm_IRQHandler
                0x080018d0                HASH_RNG_IRQHandler
                0x080018d0                EXTI2_IRQHandler
                0x080018d0                TIM8_CC_IRQHandler
                0x080018d0                TIM1_CC_IRQHandler
                0x080018d0                DMA2_Stream5_IRQHandler
                0x080018d0                PVD_IRQHandler
                0x080018d0                SDIO_IRQHandler
                0x080018d0                TAMP_STAMP_IRQHandler
                0x080018d0                CAN2_RX1_IRQHandler
                0x080018d0                EXTI3_IRQHandler
                0x080018d0                TIM1_UP_TIM10_IRQHandler
                0x080018d0                TIM8_UP_TIM13_IRQHandler
                0x080018d0                I2C3_ER_IRQHandler
                0x080018d0                EXTI0_IRQHandler
                0x080018d0                I2C2_EV_IRQHandler
                0x080018d0                DMA1_Stream2_IRQHandler
                0x080018d0                CAN1_RX0_IRQHandler
                0x080018d0                FPU_IRQHandler
                0x080018d0                OTG_HS_WKUP_IRQHandler
                0x080018d0                CAN2_SCE_IRQHandler
                0x080018d0                DMA2_Stream2_IRQHandler
                0x080018d0                SPI1_IRQHandler
                0x080018d0                TIM6_DAC_IRQHandler
                0x080018d0                TIM1_BRK_TIM9_IRQHandler
                0x080018d0                DCMI_IRQHandler
                0x080018d0                CAN2_RX0_IRQHandler
                0x080018d0                DMA2_Stream3_IRQHandler
                0x080018d0                USART6_IRQHandler
                0x080018d0                USART3_IRQHandler
                0x080018d0                CAN1_RX1_IRQHandler
                0x080018d0                UART5_IRQHandler
                0x080018d0                DMA2_Stream0_IRQHandler
                0x080018d0                TIM4_IRQHandler
                0x080018d0                I2C1_EV_IRQHandler
                0x080018d0                DMA1_Stream1_IRQHandler
                0x080018d0                UART4_IRQHandler
                0x080018d0                TIM3_IRQHandler
                0x080018d0                RCC_IRQHandler
                0x080018d0                TIM8_BRK_TIM12_IRQHandler
                0x080018d0                Default_Handler
                0x080018d0                EXTI15_10_IRQHandler
                0x080018d0                ADC_IRQHandler
                0x080018d0                DMA1_Stream7_IRQHandler
                0x080018d0                TIM7_IRQHandler
                0x080018d0                CAN2_TX_IRQHandler
                0x080018d0                TIM5_IRQHandler
                0x080018d0                DMA2_Stream7_IRQHandler
                0x080018d0                I2C3_EV_IRQHandler
                0x080018d0                EXTI9_5_IRQHandler
                0x080018d0                RTC_WKUP_IRQHandler
                0x080018d0                ETH_WKUP_IRQHandler
                0x080018d0                SPI2_IRQHandler
                0x080018d0                OTG_HS_EP1_IN_IRQHandler
                0x080018d0                DMA1_Stream0_IRQHandler
                0x080018d0                CAN1_TX_IRQHandler
                0x080018d0                EXTI4_IRQHandler
                0x080018d0                FSMC_IRQHandler
                0x080018d0                ETH_IRQHandler
                0x080018d0                OTG_HS_EP1_OUT_IRQHandler
                0x080018d0                WWDG_IRQHandler
                0x080018d0                TIM2_IRQHandler
                0x080018d0                OTG_FS_WKUP_IRQHandler
                0x080018d0                TIM1_TRG_COM_TIM11_IRQHandler
                0x080018d0                OTG_HS_IRQHandler
                0x080018d0                EXTI1_IRQHandler
                0x080018d0                I2C2_ER_IRQHandler
                0x080018d0                DMA2_Stream1_IRQHandler
                0x080018d0                CAN1_SCE_IRQHandler
                0x080018d0                FLASH_IRQHandler
                0x080018d0                DMA2_Stream4_IRQHandler
                0x080018d0                USART1_IRQHandler
                0x080018d0                OTG_FS_IRQHandler
                0x080018d0                SPI3_IRQHandler
                0x080018d0                DMA1_Stream4_IRQHandler
                0x080018d0                I2C1_ER_IRQHandler
                0x080018d0                DMA2_Stream6_IRQHandler
                0x080018d0                DMA1_Stream3_IRQHandler
 *fill*         0x080018d2        0x2 
 .text.HAL_Init
                0x080018d4       0x34 ./Drivers/STM32F4xx_HAL_Driver/Src/stm32f4xx_hal.o
                0x080018d4                HAL_Init
 .text.HAL_IncTick
                0x08001908       0x18 ./Drivers/STM32F4xx_HAL_Driver/Src/stm32f4xx_hal.o
                0x08001908                HAL_IncTick
 .text.HAL_GetTick
                0x08001920        0xc ./Drivers/STM32F4xx_HAL_Driver/Src/stm32f4xx_hal.o
                0x08001920                HAL_GetTick
 .text.HAL_Delay
                0x0800192c       0x28 ./Drivers/STM32F4xx_HAL_Driver/Src/stm32f4xx_hal.o
                0x0800192c                HAL_Delay
 .text.__NVIC_EnableIRQ
                0x08001954       0x1c ./Drivers/STM32F4xx_HAL_Driver/Src/stm32f4xx_hal_cortex.o
 .text.__NVIC_SetPriority
                0x08001970       0x28 ./Drivers/STM32F4xx_HAL_Driver/Src/stm32f4xx_hal_cortex.o
 .text.NVIC_EncodePriority
                0x08001998       0x3e ./Drivers/STM32F4xx_HAL_Driver/Src/stm32f4xx_hal_cortex.o
 *fill*         0x080019d6        0x2 
 .text.HAL_NVIC_SetPriorityGrouping
                0x080019d8       0x24 ./Drivers/STM32F4xx_HAL_Driver/Src/stm32f4xx_hal_cortex.o
                0x080019d8                HAL_NVIC_SetPriorityGrouping
 .text.HAL_NVIC_SetPriority
                0x080019fc       0x20 ./Drivers/STM32F4xx_HAL_Driver/Src/stm32f4xx_hal_cortex.o
                0x080019fc                HAL_NVIC_SetPriority
 .text.HAL_NVIC_EnableIRQ
                0x08001a1c        0x8 ./Drivers/STM32F4xx_HAL_Driver/Src/stm32f4xx_hal_cortex.o
                0x08001a1c                HAL_NVIC_EnableIRQ
 .text.DMA_CalcBaseAndBitshift
                0x08001a24       0x44 ./Drivers/STM32F4xx_HAL_Driver/Src/stm32f4xx_hal_dma.o
 .text.DMA_CheckFifoParam
                0x08001a68       0x8e ./Drivers/STM32F4xx_HAL_Driver/Src/stm32f4xx_hal_dma.o
 *fill*         0x08001af6        0x2 
 .text.HAL_DMA_Init
                0x08001af8       0xcc ./Drivers/STM32F4xx_HAL_Driver/Src/stm32f4xx_hal_dma.o
                0x08001af8                HAL_DMA_Init
 .text.HAL_DMA_Abort
                0x08001bc4       0x94 ./Drivers/STM32F4xx_HAL_Driver/Src/stm32f4xx_hal_dma.o
                0x08001bc4                HAL_DMA_Abort
 .text.HAL_DMA_Abort_IT
                0x08001c58       0x26 ./Drivers/STM32F4xx_HAL_Driver/Src/stm32f4xx_hal_dma.o
                0x08001c58                HAL_DMA_Abort_IT
 *fill*         0x08001c7e        0x2 
 .text.HAL_DMA_IRQHandler
                0x08001c80      0x1dc ./Drivers/STM32F4xx_HAL_Driver/Src/stm32f4xx_hal_dma.o
                0x08001c80                HAL_DMA_IRQHandler
 .text.FLASH_Program_DoubleWord
                0x08001e5c       0x30 ./Drivers/STM32F4xx_HAL_Driver/Src/stm32f4xx_hal_flash.o
 .text.FLASH_Program_Word
                0x08001e8c       0x24 ./Drivers/STM32F4xx_HAL_Driver/Src/stm32f4xx_hal_flash.o
 .text.FLASH_Program_HalfWord
                0x08001eb0       0x24 ./Drivers/STM32F4xx_HAL_Driver/Src/stm32f4xx_hal_flash.o
 .text.FLASH_Program_Byte
                0x08001ed4       0x20 ./Drivers/STM32F4xx_HAL_Driver/Src/stm32f4xx_hal_flash.o
 .text.FLASH_SetErrorCode
                0x08001ef4       0x8c ./Drivers/STM32F4xx_HAL_Driver/Src/stm32f4xx_hal_flash.o
 .text.HAL_FLASH_Unlock
                0x08001f80       0x30 ./Drivers/STM32F4xx_HAL_Driver/Src/stm32f4xx_hal_flash.o
                0x08001f80                HAL_FLASH_Unlock
 .text.HAL_FLASH_Lock
                0x08001fb0       0x14 ./Drivers/STM32F4xx_HAL_Driver/Src/stm32f4xx_hal_flash.o
                0x08001fb0                HAL_FLASH_Lock
 .text.FLASH_WaitForLastOperation
                0x08001fc4       0x60 ./Drivers/STM32F4xx_HAL_Driver/Src/stm32f4xx_hal_flash.o
                0x08001fc4                FLASH_WaitForLastOperation
 .text.HAL_FLASH_Program
                0x08002024       0x7c ./Drivers/STM32F4xx_HAL_Driver/Src/stm32f4xx_hal_flash.o
                0x08002024                HAL_FLASH_Program
 .text.FLASH_MassErase
                0x080020a0       0x24 ./Drivers/STM32F4xx_HAL_Driver/Src/stm32f4xx_hal_flash_ex.o
 .text.FLASH_Erase_Sector
                0x080020c4       0x4c ./Drivers/STM32F4xx_HAL_Driver/Src/stm32f4xx_hal_flash_ex.o
                0x080020c4                FLASH_Erase_Sector
 .text.FLASH_FlushCaches
                0x08002110       0x60 ./Drivers/STM32F4xx_HAL_Driver/Src/stm32f4xx_hal_flash_ex.o
                0x08002110                FLASH_FlushCaches
 .text.HAL_FLASHEx_Erase
                0x08002170       0x94 ./Drivers/STM32F4xx_HAL_Driver/Src/stm32f4xx_hal_flash_ex.o
                0x08002170                HAL_FLASHEx_Erase
 .text.HAL_GPIO_Init
                0x08002204      0x1ec ./Drivers/STM32F4xx_HAL_Driver/Src/stm32f4xx_hal_gpio.o
                0x08002204                HAL_GPIO_Init
 .text.HAL_GPIO_WritePin
                0x080023f0        0xc ./Drivers/STM32F4xx_HAL_Driver/Src/stm32f4xx_hal_gpio.o
                0x080023f0                HAL_GPIO_WritePin
 .text.HAL_GPIO_TogglePin
                0x080023fc       0x12 ./Drivers/STM32F4xx_HAL_Driver/Src/stm32f4xx_hal_gpio.o
                0x080023fc                HAL_GPIO_TogglePin
 *fill*         0x0800240e        0x2 
 .text.HAL_RCC_OscConfig
                0x08002410      0x3f8 ./Drivers/STM32F4xx_HAL_Driver/Src/stm32f4xx_hal_rcc.o
                0x08002410                HAL_RCC_OscConfig
 .text.HAL_RCC_GetSysClockFreq
                0x08002808       0xa8 ./Drivers/STM32F4xx_HAL_Driver/Src/stm32f4xx_hal_rcc.o
                0x08002808                HAL_RCC_GetSysClockFreq
 .text.HAL_RCC_ClockConfig
                0x080028b0      0x160 ./Drivers/STM32F4xx_HAL_Driver/Src/stm32f4xx_hal_rcc.o
                0x080028b0                HAL_RCC_ClockConfig
 .text.HAL_RCC_GetHCLKFreq
                0x08002a10        0xc ./Drivers/STM32F4xx_HAL_Driver/Src/stm32f4xx_hal_rcc.o
                0x08002a10                HAL_RCC_GetHCLKFreq
 .text.HAL_RCC_GetPCLK1Freq
                0x08002a1c       0x20 ./Drivers/STM32F4xx_HAL_Driver/Src/stm32f4xx_hal_rcc.o
                0x08002a1c                HAL_RCC_GetPCLK1Freq
 .text.HAL_RCC_GetPCLK2Freq
                0x08002a3c       0x20 ./Drivers/STM32F4xx_HAL_Driver/Src/stm32f4xx_hal_rcc.o
                0x08002a3c                HAL_RCC_GetPCLK2Freq
 .text.HAL_RCC_GetClockConfig
                0x08002a5c       0x3c ./Drivers/STM32F4xx_HAL_Driver/Src/stm32f4xx_hal_rcc.o
                0x08002a5c                HAL_RCC_GetClockConfig
 .text.SPI_WaitFlagStateUntilTimeout
                0x08002a98       0xc8 ./Drivers/STM32F4xx_HAL_Driver/Src/stm32f4xx_hal_spi.o
 .text.SPI_EndRxTxTransaction
                0x08002b60       0x80 ./Drivers/STM32F4xx_HAL_Driver/Src/stm32f4xx_hal_spi.o
 .text.SPI_EndRxTransaction
                0x08002be0       0x8c ./Drivers/STM32F4xx_HAL_Driver/Src/stm32f4xx_hal_spi.o
 .text.HAL_SPI_Init
                0x08002c6c       0xbe ./Drivers/STM32F4xx_HAL_Driver/Src/stm32f4xx_hal_spi.o
                0x08002c6c                HAL_SPI_Init
 .text.HAL_SPI_TransmitReceive
                0x08002d2a      0x244 ./Drivers/STM32F4xx_HAL_Driver/Src/stm32f4xx_hal_spi.o
                0x08002d2a                HAL_SPI_TransmitReceive
 .text.HAL_SPI_Receive
                0x08002f6e      0x17e ./Drivers/STM32F4xx_HAL_Driver/Src/stm32f4xx_hal_spi.o
                0x08002f6e                HAL_SPI_Receive
 .text.HAL_TIM_Base_MspInit
                0x080030ec        0x2 ./Drivers/STM32F4xx_HAL_Driver/Src/stm32f4xx_hal_tim.o
                0x080030ec                HAL_TIM_Base_MspInit
 *fill*         0x080030ee        0x2 
 .text.HAL_TIM_Base_Start_IT
                0x080030f0       0x88 ./Drivers/STM32F4xx_HAL_Driver/Src/stm32f4xx_hal_tim.o
                0x080030f0                HAL_TIM_Base_Start_IT
 .text.HAL_TIM_OC_DelayElapsedCallback
                0x08003178        0x2 ./Drivers/STM32F4xx_HAL_Driver/Src/stm32f4xx_hal_tim.o
                0x08003178                HAL_TIM_OC_DelayElapsedCallback
 .text.HAL_TIM_IC_CaptureCallback
                0x0800317a        0x2 ./Drivers/STM32F4xx_HAL_Driver/Src/stm32f4xx_hal_tim.o
                0x0800317a                HAL_TIM_IC_CaptureCallback
 .text.HAL_TIM_PWM_PulseFinishedCallback
                0x0800317c        0x2 ./Drivers/STM32F4xx_HAL_Driver/Src/stm32f4xx_hal_tim.o
                0x0800317c                HAL_TIM_PWM_PulseFinishedCallback
 .text.HAL_TIM_TriggerCallback
                0x0800317e        0x2 ./Drivers/STM32F4xx_HAL_Driver/Src/stm32f4xx_hal_tim.o
                0x0800317e                HAL_TIM_TriggerCallback
 .text.HAL_TIM_IRQHandler
                0x08003180      0x15e ./Drivers/STM32F4xx_HAL_Driver/Src/stm32f4xx_hal_tim.o
                0x08003180                HAL_TIM_IRQHandler
 *fill*         0x080032de        0x2 
 .text.TIM_Base_SetConfig
                0x080032e0       0xd8 ./Drivers/STM32F4xx_HAL_Driver/Src/stm32f4xx_hal_tim.o
                0x080032e0                TIM_Base_SetConfig
 .text.HAL_TIM_Base_Init
                0x080033b8       0x58 ./Drivers/STM32F4xx_HAL_Driver/Src/stm32f4xx_hal_tim.o
                0x080033b8                HAL_TIM_Base_Init
 .text.HAL_TIMEx_CommutCallback
                0x08003410        0x2 ./Drivers/STM32F4xx_HAL_Driver/Src/stm32f4xx_hal_tim_ex.o
                0x08003410                HAL_TIMEx_CommutCallback
 .text.HAL_TIMEx_BreakCallback
                0x08003412        0x2 ./Drivers/STM32F4xx_HAL_Driver/Src/stm32f4xx_hal_tim_ex.o
                0x08003412                HAL_TIMEx_BreakCallback
 .text.UART_EndRxTransfer
                0x08003414       0x5c ./Drivers/STM32F4xx_HAL_Driver/Src/stm32f4xx_hal_uart.o
 .text.UART_Transmit_IT
                0x08003470       0x60 ./Drivers/STM32F4xx_HAL_Driver/Src/stm32f4xx_hal_uart.o
 .text.UART_SetConfig
                0x080034d0      0x110 ./Drivers/STM32F4xx_HAL_Driver/Src/stm32f4xx_hal_uart.o
 .text.HAL_UART_Init
                0x080035e0       0x60 ./Drivers/STM32F4xx_HAL_Driver/Src/stm32f4xx_hal_uart.o
                0x080035e0                HAL_UART_Init
 .text.HAL_UART_TxCpltCallback
                0x08003640        0x2 ./Drivers/STM32F4xx_HAL_Driver/Src/stm32f4xx_hal_uart.o
                0x08003640                HAL_UART_TxCpltCallback
 .text.UART_EndTransmit_IT
                0x08003642       0x1a ./Drivers/STM32F4xx_HAL_Driver/Src/stm32f4xx_hal_uart.o
 .text.HAL_UART_RxCpltCallback
                0x0800365c        0x2 ./Drivers/STM32F4xx_HAL_Driver/Src/stm32f4xx_hal_uart.o
                0x0800365c                HAL_UART_RxCpltCallback
 .text.HAL_UART_ErrorCallback
                0x0800365e        0x2 ./Drivers/STM32F4xx_HAL_Driver/Src/stm32f4xx_hal_uart.o
                0x0800365e                HAL_UART_ErrorCallback
 .text.UART_DMAAbortOnError
                0x08003660       0x10 ./Drivers/STM32F4xx_HAL_Driver/Src/stm32f4xx_hal_uart.o
 .text.HAL_UARTEx_RxEventCallback
                0x08003670        0x2 ./Drivers/STM32F4xx_HAL_Driver/Src/stm32f4xx_hal_uart.o
                0x08003670                HAL_UARTEx_RxEventCallback
 .text.UART_Receive_IT
                0x08003672       0xe6 ./Drivers/STM32F4xx_HAL_Driver/Src/stm32f4xx_hal_uart.o
 .text.HAL_UART_IRQHandler
                0x08003758      0x284 ./Drivers/STM32F4xx_HAL_Driver/Src/stm32f4xx_hal_uart.o
                0x08003758                HAL_UART_IRQHandler
 .text.makeFreeRtosPriority
                0x080039dc        0xc ./Middlewares/Third_Party/FreeRTOS/Source/CMSIS_RTOS/cmsis_os.o
 .text.osKernelStart
                0x080039e8        0xa ./Middlewares/Third_Party/FreeRTOS/Source/CMSIS_RTOS/cmsis_os.o
                0x080039e8                osKernelStart
 .text.osThreadCreate
                0x080039f2       0x66 ./Middlewares/Third_Party/FreeRTOS/Source/CMSIS_RTOS/cmsis_os.o
                0x080039f2                osThreadCreate
 .text.osDelay  0x08003a58        0xe ./Middlewares/Third_Party/FreeRTOS/Source/CMSIS_RTOS/cmsis_os.o
                0x08003a58                osDelay
 .text.osMessageCreate
                0x08003a66       0x2a ./Middlewares/Third_Party/FreeRTOS/Source/CMSIS_RTOS/cmsis_os.o
                0x08003a66                osMessageCreate
 .text.vListInitialise
                0x08003a90       0x16 ./Middlewares/Third_Party/FreeRTOS/Source/list.o
                0x08003a90                vListInitialise
 .text.vListInitialiseItem
                0x08003aa6        0x6 ./Middlewares/Third_Party/FreeRTOS/Source/list.o
                0x08003aa6                vListInitialiseItem
 .text.vListInsertEnd
                0x08003aac       0x16 ./Middlewares/Third_Party/FreeRTOS/Source/list.o
                0x08003aac                vListInsertEnd
 .text.vListInsert
                0x08003ac2       0x32 ./Middlewares/Third_Party/FreeRTOS/Source/list.o
                0x08003ac2                vListInsert
 .text.uxListRemove
                0x08003af4       0x26 ./Middlewares/Third_Party/FreeRTOS/Source/list.o
                0x08003af4                uxListRemove
 .text.xQueueGenericReset
                0x08003b1a       0x84 ./Middlewares/Third_Party/FreeRTOS/Source/queue.o
                0x08003b1a                xQueueGenericReset
 .text.prvInitialiseNewQueue
                0x08003b9e       0x1c ./Middlewares/Third_Party/FreeRTOS/Source/queue.o
 .text.xQueueGenericCreateStatic
                0x08003bba       0x94 ./Middlewares/Third_Party/FreeRTOS/Source/queue.o
                0x08003bba                xQueueGenericCreateStatic
 .text.xQueueGenericCreate
                0x08003c4e       0x48 ./Middlewares/Third_Party/FreeRTOS/Source/queue.o
                0x08003c4e                xQueueGenericCreate
 *fill*         0x08003c96        0x2 
 .text.prvResetNextTaskUnblockTime
                0x08003c98       0x2c ./Middlewares/Third_Party/FreeRTOS/Source/tasks.o
 .text.prvInitialiseNewTask
                0x08003cc4       0xbc ./Middlewares/Third_Party/FreeRTOS/Source/tasks.o
 .text.prvInitialiseTaskLists
                0x08003d80       0x68 ./Middlewares/Third_Party/FreeRTOS/Source/tasks.o
 .text.prvAddNewTaskToReadyList
                0x08003de8       0xa8 ./Middlewares/Third_Party/FreeRTOS/Source/tasks.o
 .text.prvDeleteTCB
                0x08003e90       0x40 ./Middlewares/Third_Party/FreeRTOS/Source/tasks.o
 .text.prvCheckTasksWaitingTermination
                0x08003ed0       0x4c ./Middlewares/Third_Party/FreeRTOS/Source/tasks.o
 .text.prvIdleTask
                0x08003f1c       0x28 ./Middlewares/Third_Party/FreeRTOS/Source/tasks.o
 .text.prvAddCurrentTaskToDelayedList
                0x08003f44       0x98 ./Middlewares/Third_Party/FreeRTOS/Source/tasks.o
 .text.xTaskCreateStatic
                0x08003fdc       0x76 ./Middlewares/Third_Party/FreeRTOS/Source/tasks.o
                0x08003fdc                xTaskCreateStatic
 .text.xTaskCreate
                0x08004052       0x64 ./Middlewares/Third_Party/FreeRTOS/Source/tasks.o
                0x08004052                xTaskCreate
 *fill*         0x080040b6        0x2 
 .text.vTaskStartScheduler
                0x080040b8       0x84 ./Middlewares/Third_Party/FreeRTOS/Source/tasks.o
                0x080040b8                vTaskStartScheduler
 .text.vTaskSuspendAll
                0x0800413c       0x10 ./Middlewares/Third_Party/FreeRTOS/Source/tasks.o
                0x0800413c                vTaskSuspendAll
 .text.xTaskIncrementTick
                0x0800414c      0x118 ./Middlewares/Third_Party/FreeRTOS/Source/tasks.o
                0x0800414c                xTaskIncrementTick
 .text.xTaskResumeAll
                0x08004264       0xf8 ./Middlewares/Third_Party/FreeRTOS/Source/tasks.o
                0x08004264                xTaskResumeAll
 .text.vTaskDelay
                0x0800435c       0x4c ./Middlewares/Third_Party/FreeRTOS/Source/tasks.o
                0x0800435c                vTaskDelay
 .text.vTaskSwitchContext
                0x080043a8       0xa4 ./Middlewares/Third_Party/FreeRTOS/Source/tasks.o
                0x080043a8                vTaskSwitchContext
 .text.xTaskRemoveFromEventList
                0x0800444c       0x8c ./Middlewares/Third_Party/FreeRTOS/Source/tasks.o
                0x0800444c                xTaskRemoveFromEventList
 .text.prvTaskExitError
                0x080044d8       0x40 ./Middlewares/Third_Party/FreeRTOS/Source/portable/GCC/ARM_CM4F/port.o
 .text.prvPortStartFirstTask
                0x08004518       0x28 ./Middlewares/Third_Party/FreeRTOS/Source/portable/GCC/ARM_CM4F/port.o
 .text.vPortEnableVFP
                0x08004540       0x14 ./Middlewares/Third_Party/FreeRTOS/Source/portable/GCC/ARM_CM4F/port.o
 .text.pxPortInitialiseStack
                0x08004554       0x2c ./Middlewares/Third_Party/FreeRTOS/Source/portable/GCC/ARM_CM4F/port.o
                0x08004554                pxPortInitialiseStack
 .text.SVC_Handler
                0x08004580       0x24 ./Middlewares/Third_Party/FreeRTOS/Source/portable/GCC/ARM_CM4F/port.o
                0x08004580                SVC_Handler
 .text.vPortEnterCritical
                0x080045a4       0x44 ./Middlewares/Third_Party/FreeRTOS/Source/portable/GCC/ARM_CM4F/port.o
                0x080045a4                vPortEnterCritical
 .text.vPortExitCritical
                0x080045e8       0x2c ./Middlewares/Third_Party/FreeRTOS/Source/portable/GCC/ARM_CM4F/port.o
                0x080045e8                vPortExitCritical
 *fill*         0x08004614        0xc 
 .text.PendSV_Handler
                0x08004620       0x64 ./Middlewares/Third_Party/FreeRTOS/Source/portable/GCC/ARM_CM4F/port.o
                0x08004620                PendSV_Handler
 .text.SysTick_Handler
                0x08004684       0x2c ./Middlewares/Third_Party/FreeRTOS/Source/portable/GCC/ARM_CM4F/port.o
                0x08004684                SysTick_Handler
 .text.vPortSetupTimerInterrupt
                0x080046b0       0x28 ./Middlewares/Third_Party/FreeRTOS/Source/portable/GCC/ARM_CM4F/port.o
                0x080046b0                vPortSetupTimerInterrupt
 .text.xPortStartScheduler
                0x080046d8      0x118 ./Middlewares/Third_Party/FreeRTOS/Source/portable/GCC/ARM_CM4F/port.o
                0x080046d8                xPortStartScheduler
 .text.prvHeapInit
                0x080047f0       0x64 ./Middlewares/Third_Party/FreeRTOS/Source/portable/MemMang/heap_4.o
 .text.prvInsertBlockIntoFreeList
                0x08004854       0x64 ./Middlewares/Third_Party/FreeRTOS/Source/portable/MemMang/heap_4.o
 .text.pvPortMalloc
                0x080048b8      0x104 ./Middlewares/Third_Party/FreeRTOS/Source/portable/MemMang/heap_4.o
                0x080048b8                pvPortMalloc
 .text.vPortFree
                0x080049bc       0x7c ./Middlewares/Third_Party/FreeRTOS/Source/portable/MemMang/heap_4.o
                0x080049bc                vPortFree
 .text.memset   0x08004a38       0x10 C:/ST/STM32CubeIDE_1.17.0/STM32CubeIDE/plugins/com.st.stm32cube.ide.mcu.externaltools.gnu-tools-for-stm32.12.3.rel1.win32_1.1.0.202410251130/tools/bin/../lib/gcc/arm-none-eabi/12.3.1/../../../../arm-none-eabi/lib/thumb/v7e-m+fp/hard\libc_nano.a(libc_a-memset.o)
                0x08004a38                memset
 .text._reclaim_reent
                0x08004a48       0xac C:/ST/STM32CubeIDE_1.17.0/STM32CubeIDE/plugins/com.st.stm32cube.ide.mcu.externaltools.gnu-tools-for-stm32.12.3.rel1.win32_1.1.0.202410251130/tools/bin/../lib/gcc/arm-none-eabi/12.3.1/../../../../arm-none-eabi/lib/thumb/v7e-m+fp/hard\libc_nano.a(libc_a-reent.o)
                0x08004a48                _reclaim_reent
 .text.__libc_init_array
                0x08004af4       0x48 C:/ST/STM32CubeIDE_1.17.0/STM32CubeIDE/plugins/com.st.stm32cube.ide.mcu.externaltools.gnu-tools-for-stm32.12.3.rel1.win32_1.1.0.202410251130/tools/bin/../lib/gcc/arm-none-eabi/12.3.1/../../../../arm-none-eabi/lib/thumb/v7e-m+fp/hard\libc_nano.a(libc_a-init.o)
                0x08004af4                __libc_init_array
 .text.__retarget_lock_acquire_recursive
                0x08004b3c        0x2 C:/ST/STM32CubeIDE_1.17.0/STM32CubeIDE/plugins/com.st.stm32cube.ide.mcu.externaltools.gnu-tools-for-stm32.12.3.rel1.win32_1.1.0.202410251130/tools/bin/../lib/gcc/arm-none-eabi/12.3.1/../../../../arm-none-eabi/lib/thumb/v7e-m+fp/hard\libc_nano.a(libc_a-lock.o)
                0x08004b3c                __retarget_lock_acquire_recursive
 .text.__retarget_lock_release_recursive
                0x08004b3e        0x2 C:/ST/STM32CubeIDE_1.17.0/STM32CubeIDE/plugins/com.st.stm32cube.ide.mcu.externaltools.gnu-tools-for-stm32.12.3.rel1.win32_1.1.0.202410251130/tools/bin/../lib/gcc/arm-none-eabi/12.3.1/../../../../arm-none-eabi/lib/thumb/v7e-m+fp/hard\libc_nano.a(libc_a-lock.o)
                0x08004b3e                __retarget_lock_release_recursive
 .text.memcpy   0x08004b40       0x1c C:/ST/STM32CubeIDE_1.17.0/STM32CubeIDE/plugins/com.st.stm32cube.ide.mcu.externaltools.gnu-tools-for-stm32.12.3.rel1.win32_1.1.0.202410251130/tools/bin/../lib/gcc/arm-none-eabi/12.3.1/../../../../arm-none-eabi/lib/thumb/v7e-m+fp/hard\libc_nano.a(libc_a-memcpy-stub.o)
                0x08004b40                memcpy
 .text._free_r  0x08004b5c       0x94 C:/ST/STM32CubeIDE_1.17.0/STM32CubeIDE/plugins/com.st.stm32cube.ide.mcu.externaltools.gnu-tools-for-stm32.12.3.rel1.win32_1.1.0.202410251130/tools/bin/../lib/gcc/arm-none-eabi/12.3.1/../../../../arm-none-eabi/lib/thumb/v7e-m+fp/hard\libc_nano.a(libc_a-freer.o)
                0x08004b5c                _free_r
 .text.__malloc_lock
                0x08004bf0        0xc C:/ST/STM32CubeIDE_1.17.0/STM32CubeIDE/plugins/com.st.stm32cube.ide.mcu.externaltools.gnu-tools-for-stm32.12.3.rel1.win32_1.1.0.202410251130/tools/bin/../lib/gcc/arm-none-eabi/12.3.1/../../../../arm-none-eabi/lib/thumb/v7e-m+fp/hard\libc_nano.a(libc_a-mlock.o)
                0x08004bf0                __malloc_lock
 .text.__malloc_unlock
                0x08004bfc        0xc C:/ST/STM32CubeIDE_1.17.0/STM32CubeIDE/plugins/com.st.stm32cube.ide.mcu.externaltools.gnu-tools-for-stm32.12.3.rel1.win32_1.1.0.202410251130/tools/bin/../lib/gcc/arm-none-eabi/12.3.1/../../../../arm-none-eabi/lib/thumb/v7e-m+fp/hard\libc_nano.a(libc_a-mlock.o)
                0x08004bfc                __malloc_unlock
 *(.glue_7)
 .glue_7        0x08004c08        0x0 linker stubs
 *(.glue_7t)
 .glue_7t       0x08004c08        0x0 linker stubs
 *(.eh_frame)
 .eh_frame      0x08004c08        0x0 C:/ST/STM32CubeIDE_1.17.0/STM32CubeIDE/plugins/com.st.stm32cube.ide.mcu.externaltools.gnu-tools-for-stm32.12.3.rel1.win32_1.1.0.202410251130/tools/bin/../lib/gcc/arm-none-eabi/12.3.1/thumb/v7e-m+fp/hard/crtbegin.o
 *(.init)
 .init          0x08004c08        0x4 C:/ST/STM32CubeIDE_1.17.0/STM32CubeIDE/plugins/com.st.stm32cube.ide.mcu.externaltools.gnu-tools-for-stm32.12.3.rel1.win32_1.1.0.202410251130/tools/bin/../lib/gcc/arm-none-eabi/12.3.1/thumb/v7e-m+fp/hard/crti.o
                0x08004c08                _init
 .init          0x08004c0c        0x8 C:/ST/STM32CubeIDE_1.17.0/STM32CubeIDE/plugins/com.st.stm32cube.ide.mcu.externaltools.gnu-tools-for-stm32.12.3.rel1.win32_1.1.0.202410251130/tools/bin/../lib/gcc/arm-none-eabi/12.3.1/thumb/v7e-m+fp/hard/crtn.o
 *(.fini)
 .fini          0x08004c14        0x4 C:/ST/STM32CubeIDE_1.17.0/STM32CubeIDE/plugins/com.st.stm32cube.ide.mcu.externaltools.gnu-tools-for-stm32.12.3.rel1.win32_1.1.0.202410251130/tools/bin/../lib/gcc/arm-none-eabi/12.3.1/thumb/v7e-m+fp/hard/crti.o
                0x08004c14                _fini
 .fini          0x08004c18        0x8 C:/ST/STM32CubeIDE_1.17.0/STM32CubeIDE/plugins/com.st.stm32cube.ide.mcu.externaltools.gnu-tools-for-stm32.12.3.rel1.win32_1.1.0.202410251130/tools/bin/../lib/gcc/arm-none-eabi/12.3.1/thumb/v7e-m+fp/hard/crtn.o
                0x08004c20                        . = ALIGN (0x4)
                0x08004c20                        _etext = .

.vfp11_veneer   0x08004c20        0x0
 .vfp11_veneer  0x08004c20        0x0 linker stubs

.v4_bx          0x08004c20        0x0
 .v4_bx         0x08004c20        0x0 linker stubs

.iplt           0x08004c20        0x0
 .iplt          0x08004c20        0x0 C:/ST/STM32CubeIDE_1.17.0/STM32CubeIDE/plugins/com.st.stm32cube.ide.mcu.externaltools.gnu-tools-for-stm32.12.3.rel1.win32_1.1.0.202410251130/tools/bin/../lib/gcc/arm-none-eabi/12.3.1/thumb/v7e-m+fp/hard/crtbegin.o

.rodata         0x08004c20      0x108
                0x08004c20                        . = ALIGN (0x4)
 *(.rodata)
 .rodata        0x08004c20       0x18 ./Core/Src/bootloader.o
 .rodata        0x08004c38       0x80 ./Core/Src/freertos.o
 .rodata        0x08004cb8       0x18 ./Core/Src/main.o
 *(.rodata*)
 .rodata.str1.4
                0x08004cd0       0x2d ./Core/Src/freertos.o
 *fill*         0x08004cfd        0x3 
 .rodata.APBPrescTable
                0x08004d00        0x8 ./Core/Src/system_stm32f4xx.o
                0x08004d00                APBPrescTable
 .rodata.AHBPrescTable
                0x08004d08       0x10 ./Core/Src/system_stm32f4xx.o
                0x08004d08                AHBPrescTable
 .rodata.flagBitshiftOffset.0
                0x08004d18        0x8 ./Drivers/STM32F4xx_HAL_Driver/Src/stm32f4xx_hal_dma.o
 .rodata.vTaskStartScheduler.str1.4
                0x08004d20        0x5 ./Middlewares/Third_Party/FreeRTOS/Source/tasks.o
                0x08004d28                        . = ALIGN (0x4)
 *fill*         0x08004d25        0x3 

.ARM.extab      0x08004d28        0x0
                0x08004d28                        . = ALIGN (0x4)
 *(.ARM.extab* .gnu.linkonce.armextab.*)
                0x08004d28                        . = ALIGN (0x4)

.ARM            0x08004d28        0x8
                0x08004d28                        . = ALIGN (0x4)
                0x08004d28                        __exidx_start = .
 *(.ARM.exidx*)
 .ARM.exidx     0x08004d28        0x8 C:/ST/STM32CubeIDE_1.17.0/STM32CubeIDE/plugins/com.st.stm32cube.ide.mcu.externaltools.gnu-tools-for-stm32.12.3.rel1.win32_1.1.0.202410251130/tools/bin/../lib/gcc/arm-none-eabi/12.3.1/thumb/v7e-m+fp/hard\libgcc.a(_udivmoddi4.o)
                0x08004d30                        __exidx_end = .
                0x08004d30                        . = ALIGN (0x4)

.preinit_array  0x08004d30        0x0
                0x08004d30                        . = ALIGN (0x4)
                0x08004d30                        PROVIDE (__preinit_array_start = .)
 *(.preinit_array*)
                0x08004d30                        PROVIDE (__preinit_array_end = .)
                0x08004d30                        . = ALIGN (0x4)

.init_array     0x08004d30        0x4
                0x08004d30                        . = ALIGN (0x4)
                0x08004d30                        PROVIDE (__init_array_start = .)
 *(SORT_BY_NAME(.init_array.*))
 *(.init_array*)
 .init_array    0x08004d30        0x4 C:/ST/STM32CubeIDE_1.17.0/STM32CubeIDE/plugins/com.st.stm32cube.ide.mcu.externaltools.gnu-tools-for-stm32.12.3.rel1.win32_1.1.0.202410251130/tools/bin/../lib/gcc/arm-none-eabi/12.3.1/thumb/v7e-m+fp/hard/crtbegin.o
                0x08004d34                        PROVIDE (__init_array_end = .)
                0x08004d34                        . = ALIGN (0x4)

.fini_array     0x08004d34        0x4
                0x08004d34                        . = ALIGN (0x4)
                [!provide]                        PROVIDE (__fini_array_start = .)
 *(SORT_BY_NAME(.fini_array.*))
 *(.fini_array*)
 .fini_array    0x08004d34        0x4 C:/ST/STM32CubeIDE_1.17.0/STM32CubeIDE/plugins/com.st.stm32cube.ide.mcu.externaltools.gnu-tools-for-stm32.12.3.rel1.win32_1.1.0.202410251130/tools/bin/../lib/gcc/arm-none-eabi/12.3.1/thumb/v7e-m+fp/hard/crtbegin.o
                [!provide]                        PROVIDE (__fini_array_end = .)
                0x08004d38                        . = ALIGN (0x4)
                0x08004d38                        _sidata = LOADADDR (.data)

.rel.dyn        0x08004d38        0x0
 .rel.iplt      0x08004d38        0x0 C:/ST/STM32CubeIDE_1.17.0/STM32CubeIDE/plugins/com.st.stm32cube.ide.mcu.externaltools.gnu-tools-for-stm32.12.3.rel1.win32_1.1.0.202410251130/tools/bin/../lib/gcc/arm-none-eabi/12.3.1/thumb/v7e-m+fp/hard/crtbegin.o

.data           0x20000000       0x60 load address 0x08004d38
                0x20000000                        . = ALIGN (0x4)
                0x20000000                        _sdata = .
 *(.data)
 *(.data*)
 .data.SystemCoreClock
                0x20000000        0x4 ./Core/Src/system_stm32f4xx.o
                0x20000000                SystemCoreClock
 .data.uwTickFreq
                0x20000004        0x1 ./Drivers/STM32F4xx_HAL_Driver/Src/stm32f4xx_hal.o
                0x20000004                uwTickFreq
 *fill*         0x20000005        0x3 
 .data.uwTickPrio
                0x20000008        0x4 ./Drivers/STM32F4xx_HAL_Driver/Src/stm32f4xx_hal.o
                0x20000008                uwTickPrio
 .data.uxCriticalNesting
                0x2000000c        0x4 ./Middlewares/Third_Party/FreeRTOS/Source/portable/GCC/ARM_CM4F/port.o
 .data._impure_ptr
                0x20000010        0x4 C:/ST/STM32CubeIDE_1.17.0/STM32CubeIDE/plugins/com.st.stm32cube.ide.mcu.externaltools.gnu-tools-for-stm32.12.3.rel1.win32_1.1.0.202410251130/tools/bin/../lib/gcc/arm-none-eabi/12.3.1/../../../../arm-none-eabi/lib/thumb/v7e-m+fp/hard\libc_nano.a(libc_a-impure.o)
                0x20000010                _impure_ptr
 .data._impure_data
                0x20000014       0x4c C:/ST/STM32CubeIDE_1.17.0/STM32CubeIDE/plugins/com.st.stm32cube.ide.mcu.externaltools.gnu-tools-for-stm32.12.3.rel1.win32_1.1.0.202410251130/tools/bin/../lib/gcc/arm-none-eabi/12.3.1/../../../../arm-none-eabi/lib/thumb/v7e-m+fp/hard\libc_nano.a(libc_a-impure.o)
                0x20000014                _impure_data
 *(.RamFunc)
 *(.RamFunc*)
                0x20000060                        . = ALIGN (0x4)
                0x20000060                        _edata = .
                0x08004d98                        _siccmram = LOADADDR (.ccmram)

.igot.plt       0x20000060        0x0 load address 0x08004d98
 .igot.plt      0x20000060        0x0 C:/ST/STM32CubeIDE_1.17.0/STM32CubeIDE/plugins/com.st.stm32cube.ide.mcu.externaltools.gnu-tools-for-stm32.12.3.rel1.win32_1.1.0.202410251130/tools/bin/../lib/gcc/arm-none-eabi/12.3.1/thumb/v7e-m+fp/hard/crtbegin.o

.ccmram         0x10000000        0x0 load address 0x08004d98
                0x10000000                        . = ALIGN (0x4)
                0x10000000                        _sccmram = .
 *(.ccmram)
 *(.ccmram*)
                0x10000000                        . = ALIGN (0x4)
                0x10000000                        _eccmram = .
                0x10000000                        . = ALIGN (0x4)

.bss            0x20000060     0x6c04
                0x20000060                        _sbss = .
                0x20000060                        __bss_start__ = _sbss
 *(.bss)
 .bss           0x20000060       0x1c C:/ST/STM32CubeIDE_1.17.0/STM32CubeIDE/plugins/com.st.stm32cube.ide.mcu.externaltools.gnu-tools-for-stm32.12.3.rel1.win32_1.1.0.202410251130/tools/bin/../lib/gcc/arm-none-eabi/12.3.1/thumb/v7e-m+fp/hard/crtbegin.o
 *(.bss*)
 .bss.lastPercent.0
                0x2000007c        0x4 ./Core/Src/bootloader.o
 .bss.pSpiFlash
                0x20000080        0x4 ./Core/Src/bootloader.o
 .bss.FirmwareBuffer
                0x20000084      0x400 ./Core/Src/bootloader.o
 .bss.RecoveryReason
                0x20000484        0x1 ./Core/Src/bootloader.o
 *fill*         0x20000485        0x3 
 .bss.BootloaderData
                0x20000488       0x78 ./Core/Src/bootloader.o
                0x20000488                BootloaderData
 .bss.xIdleStack
                0x20000500      0x200 ./Core/Src/freertos.o
 .bss.xIdleTaskTCBBuffer
                0x20000700       0xa0 ./Core/Src/freertos.o
 .bss.rxDataUART2Handle
                0x200007a0        0x4 ./Core/Src/freertos.o
                0x200007a0                rxDataUART2Handle
 .bss.bootloaderTaskHandle
                0x200007a4        0x4 ./Core/Src/freertos.o
                0x200007a4                bootloaderTaskHandle
 .bss.ethTaskHandle
                0x200007a8        0x4 ./Core/Src/freertos.o
                0x200007a8                ethTaskHandle
 .bss.uartTaskHandle
                0x200007ac        0x4 ./Core/Src/freertos.o
                0x200007ac                uartTaskHandle
 .bss.mainTaskHandle
                0x200007b0        0x4 ./Core/Src/freertos.o
                0x200007b0                mainTaskHandle
 .bss.lastErrorCode
                0x200007b4        0x4 ./Core/Src/freertos.o
 .bss.w25qxx_dev
                0x200007b8       0x4c ./Core/Src/main.o
                0x200007b8                w25qxx_dev
 .bss.hspi3     0x20000804       0x58 ./Core/Src/spi.o
                0x20000804                hspi3
 .bss.htim14    0x2000085c       0x48 ./Core/Src/stm32f4xx_hal_timebase_tim.o
                0x2000085c                htim14
 .bss.hdma_usart2_rx
                0x200008a4       0x60 ./Core/Src/usart.o
                0x200008a4                hdma_usart2_rx
 .bss.hdma_usart2_tx
                0x20000904       0x60 ./Core/Src/usart.o
                0x20000904                hdma_usart2_tx
 .bss.huart2    0x20000964       0x48 ./Core/Src/usart.o
                0x20000964                huart2
 .bss.uwTick    0x200009ac        0x4 ./Drivers/STM32F4xx_HAL_Driver/Src/stm32f4xx_hal.o
                0x200009ac                uwTick
 .bss.pFlash    0x200009b0       0x20 ./Drivers/STM32F4xx_HAL_Driver/Src/stm32f4xx_hal_flash.o
                0x200009b0                pFlash
 .bss.uxSchedulerSuspended
                0x200009d0        0x4 ./Middlewares/Third_Party/FreeRTOS/Source/tasks.o
 .bss.xIdleTaskHandle
                0x200009d4        0x4 ./Middlewares/Third_Party/FreeRTOS/Source/tasks.o
 .bss.xNextTaskUnblockTime
                0x200009d8        0x4 ./Middlewares/Third_Party/FreeRTOS/Source/tasks.o
 .bss.uxTaskNumber
                0x200009dc        0x4 ./Middlewares/Third_Party/FreeRTOS/Source/tasks.o
 .bss.xNumOfOverflows
                0x200009e0        0x4 ./Middlewares/Third_Party/FreeRTOS/Source/tasks.o
 .bss.xYieldPending
                0x200009e4        0x4 ./Middlewares/Third_Party/FreeRTOS/Source/tasks.o
 .bss.xPendedTicks
                0x200009e8        0x4 ./Middlewares/Third_Party/FreeRTOS/Source/tasks.o
 .bss.xSchedulerRunning
                0x200009ec        0x4 ./Middlewares/Third_Party/FreeRTOS/Source/tasks.o
 .bss.uxTopReadyPriority
                0x200009f0        0x4 ./Middlewares/Third_Party/FreeRTOS/Source/tasks.o
 .bss.xTickCount
                0x200009f4        0x4 ./Middlewares/Third_Party/FreeRTOS/Source/tasks.o
 .bss.uxCurrentNumberOfTasks
                0x200009f8        0x4 ./Middlewares/Third_Party/FreeRTOS/Source/tasks.o
 .bss.xSuspendedTaskList
                0x200009fc       0x14 ./Middlewares/Third_Party/FreeRTOS/Source/tasks.o
 .bss.uxDeletedTasksWaitingCleanUp
                0x20000a10        0x4 ./Middlewares/Third_Party/FreeRTOS/Source/tasks.o
 .bss.xTasksWaitingTermination
                0x20000a14       0x14 ./Middlewares/Third_Party/FreeRTOS/Source/tasks.o
 .bss.xPendingReadyList
                0x20000a28       0x14 ./Middlewares/Third_Party/FreeRTOS/Source/tasks.o
 .bss.pxOverflowDelayedTaskList
                0x20000a3c        0x4 ./Middlewares/Third_Party/FreeRTOS/Source/tasks.o
 .bss.pxDelayedTaskList
                0x20000a40        0x4 ./Middlewares/Third_Party/FreeRTOS/Source/tasks.o
 .bss.xDelayedTaskList2
                0x20000a44       0x14 ./Middlewares/Third_Party/FreeRTOS/Source/tasks.o
 .bss.xDelayedTaskList1
                0x20000a58       0x14 ./Middlewares/Third_Party/FreeRTOS/Source/tasks.o
 .bss.pxReadyTasksLists
                0x20000a6c       0x8c ./Middlewares/Third_Party/FreeRTOS/Source/tasks.o
 .bss.pxCurrentTCB
                0x20000af8        0x4 ./Middlewares/Third_Party/FreeRTOS/Source/tasks.o
                0x20000af8                pxCurrentTCB
 .bss.ulMaxPRIGROUPValue
                0x20000afc        0x4 ./Middlewares/Third_Party/FreeRTOS/Source/portable/GCC/ARM_CM4F/port.o
 .bss.ucMaxSysCallPriority
                0x20000b00        0x1 ./Middlewares/Third_Party/FreeRTOS/Source/portable/GCC/ARM_CM4F/port.o
 *fill*         0x20000b01        0x3 
 .bss.xBlockAllocatedBit
                0x20000b04        0x4 ./Middlewares/Third_Party/FreeRTOS/Source/portable/MemMang/heap_4.o
 .bss.xNumberOfSuccessfulFrees
                0x20000b08        0x4 ./Middlewares/Third_Party/FreeRTOS/Source/portable/MemMang/heap_4.o
 .bss.xNumberOfSuccessfulAllocations
                0x20000b0c        0x4 ./Middlewares/Third_Party/FreeRTOS/Source/portable/MemMang/heap_4.o
 .bss.xMinimumEverFreeBytesRemaining
                0x20000b10        0x4 ./Middlewares/Third_Party/FreeRTOS/Source/portable/MemMang/heap_4.o
 .bss.xFreeBytesRemaining
                0x20000b14        0x4 ./Middlewares/Third_Party/FreeRTOS/Source/portable/MemMang/heap_4.o
 .bss.pxEnd     0x20000b18        0x4 ./Middlewares/Third_Party/FreeRTOS/Source/portable/MemMang/heap_4.o
 .bss.xStart    0x20000b1c        0x8 ./Middlewares/Third_Party/FreeRTOS/Source/portable/MemMang/heap_4.o
 .bss.ucHeap    0x20000b24     0x6000 ./Middlewares/Third_Party/FreeRTOS/Source/portable/MemMang/heap_4.o
 .bss.__sf      0x20006b24      0x138 C:/ST/STM32CubeIDE_1.17.0/STM32CubeIDE/plugins/com.st.stm32cube.ide.mcu.externaltools.gnu-tools-for-stm32.12.3.rel1.win32_1.1.0.202410251130/tools/bin/../lib/gcc/arm-none-eabi/12.3.1/../../../../arm-none-eabi/lib/thumb/v7e-m+fp/hard\libc_nano.a(libc_a-findfp.o)
                0x20006b24                __sf
 .bss.__lock___malloc_recursive_mutex
                0x20006c5c        0x1 C:/ST/STM32CubeIDE_1.17.0/STM32CubeIDE/plugins/com.st.stm32cube.ide.mcu.externaltools.gnu-tools-for-stm32.12.3.rel1.win32_1.1.0.202410251130/tools/bin/../lib/gcc/arm-none-eabi/12.3.1/../../../../arm-none-eabi/lib/thumb/v7e-m+fp/hard\libc_nano.a(libc_a-lock.o)
                0x20006c5c                __lock___malloc_recursive_mutex
 *fill*         0x20006c5d        0x3 
 .bss.__malloc_free_list
                0x20006c60        0x4 C:/ST/STM32CubeIDE_1.17.0/STM32CubeIDE/plugins/com.st.stm32cube.ide.mcu.externaltools.gnu-tools-for-stm32.12.3.rel1.win32_1.1.0.202410251130/tools/bin/../lib/gcc/arm-none-eabi/12.3.1/../../../../arm-none-eabi/lib/thumb/v7e-m+fp/hard\libc_nano.a(libc_a-mallocr.o)
                0x20006c60                __malloc_free_list
 *(COMMON)
                0x20006c64                        . = ALIGN (0x4)
                0x20006c64                        _ebss = .
                0x20006c64                        __bss_end__ = _ebss

._user_heap_stack
                0x20006c64      0x604
                0x20006c68                        . = ALIGN (0x8)
 *fill*         0x20006c64        0x4 
                [!provide]                        PROVIDE (end = .)
                0x20006c68                        PROVIDE (_end = .)
                0x20006e68                        . = (. + _Min_Heap_Size)
 *fill*         0x20006c68      0x200 
                0x20007268                        . = (. + _Min_Stack_Size)
 *fill*         0x20006e68      0x400 
                0x20007268                        . = ALIGN (0x8)

/DISCARD/
 libc.a(*)
 libm.a(*)
 libgcc.a(*)

.ARM.attributes
                0x00000000       0x30
 *(.ARM.attributes)
 .ARM.attributes
                0x00000000       0x22 C:/ST/STM32CubeIDE_1.17.0/STM32CubeIDE/plugins/com.st.stm32cube.ide.mcu.externaltools.gnu-tools-for-stm32.12.3.rel1.win32_1.1.0.202410251130/tools/bin/../lib/gcc/arm-none-eabi/12.3.1/thumb/v7e-m+fp/hard/crti.o
 .ARM.attributes
                0x00000022       0x34 C:/ST/STM32CubeIDE_1.17.0/STM32CubeIDE/plugins/com.st.stm32cube.ide.mcu.externaltools.gnu-tools-for-stm32.12.3.rel1.win32_1.1.0.202410251130/tools/bin/../lib/gcc/arm-none-eabi/12.3.1/thumb/v7e-m+fp/hard/crtbegin.o
 .ARM.attributes
                0x00000056       0x34 ./Core/Src/bootloader.o
 .ARM.attributes
                0x0000008a       0x34 ./Core/Src/crc.o
 .ARM.attributes
                0x000000be       0x34 ./Core/Src/dma.o
 .ARM.attributes
                0x000000f2       0x34 ./Core/Src/flash_spi.o
 .ARM.attributes
                0x00000126       0x34 ./Core/Src/freertos.o
 .ARM.attributes
                0x0000015a       0x34 ./Core/Src/gpio.o
 .ARM.attributes
                0x0000018e       0x34 ./Core/Src/main.o
 .ARM.attributes
                0x000001c2       0x34 ./Core/Src/spi.o
 .ARM.attributes
                0x000001f6       0x34 ./Core/Src/stm32f4xx_hal_msp.o
 .ARM.attributes
                0x0000022a       0x34 ./Core/Src/stm32f4xx_hal_timebase_tim.o
 .ARM.attributes
                0x0000025e       0x34 ./Core/Src/stm32f4xx_it.o
 .ARM.attributes
                0x00000292       0x34 ./Core/Src/system_stm32f4xx.o
 .ARM.attributes
                0x000002c6       0x34 ./Core/Src/usart.o
 .ARM.attributes
                0x000002fa       0x21 ./Core/Startup/startup_stm32f407vetx.o
 .ARM.attributes
                0x0000031b       0x34 ./Drivers/STM32F4xx_HAL_Driver/Src/stm32f4xx_hal.o
 .ARM.attributes
                0x0000034f       0x34 ./Drivers/STM32F4xx_HAL_Driver/Src/stm32f4xx_hal_cortex.o
 .ARM.attributes
                0x00000383       0x34 ./Drivers/STM32F4xx_HAL_Driver/Src/stm32f4xx_hal_dma.o
 .ARM.attributes
                0x000003b7       0x34 ./Drivers/STM32F4xx_HAL_Driver/Src/stm32f4xx_hal_flash.o
 .ARM.attributes
                0x000003eb       0x34 ./Drivers/STM32F4xx_HAL_Driver/Src/stm32f4xx_hal_flash_ex.o
 .ARM.attributes
                0x0000041f       0x34 ./Drivers/STM32F4xx_HAL_Driver/Src/stm32f4xx_hal_gpio.o
 .ARM.attributes
                0x00000453       0x34 ./Drivers/STM32F4xx_HAL_Driver/Src/stm32f4xx_hal_rcc.o
 .ARM.attributes
                0x00000487       0x34 ./Drivers/STM32F4xx_HAL_Driver/Src/stm32f4xx_hal_spi.o
 .ARM.attributes
                0x000004bb       0x34 ./Drivers/STM32F4xx_HAL_Driver/Src/stm32f4xx_hal_tim.o
 .ARM.attributes
                0x000004ef       0x34 ./Drivers/STM32F4xx_HAL_Driver/Src/stm32f4xx_hal_tim_ex.o
 .ARM.attributes
                0x00000523       0x34 ./Drivers/STM32F4xx_HAL_Driver/Src/stm32f4xx_hal_uart.o
 .ARM.attributes
                0x00000557       0x34 ./Middlewares/Third_Party/FreeRTOS/Source/CMSIS_RTOS/cmsis_os.o
 .ARM.attributes
                0x0000058b       0x34 ./Middlewares/Third_Party/FreeRTOS/Source/list.o
 .ARM.attributes
                0x000005bf       0x34 ./Middlewares/Third_Party/FreeRTOS/Source/queue.o
 .ARM.attributes
                0x000005f3       0x34 ./Middlewares/Third_Party/FreeRTOS/Source/tasks.o
 .ARM.attributes
                0x00000627       0x34 ./Middlewares/Third_Party/FreeRTOS/Source/portable/GCC/ARM_CM4F/port.o
 .ARM.attributes
                0x0000065b       0x34 ./Middlewares/Third_Party/FreeRTOS/Source/portable/MemMang/heap_4.o
 .ARM.attributes
                0x0000068f       0x34 C:/ST/STM32CubeIDE_1.17.0/STM32CubeIDE/plugins/com.st.stm32cube.ide.mcu.externaltools.gnu-tools-for-stm32.12.3.rel1.win32_1.1.0.202410251130/tools/bin/../lib/gcc/arm-none-eabi/12.3.1/../../../../arm-none-eabi/lib/thumb/v7e-m+fp/hard\libc_nano.a(libc_a-findfp.o)
 .ARM.attributes
                0x000006c3       0x34 C:/ST/STM32CubeIDE_1.17.0/STM32CubeIDE/plugins/com.st.stm32cube.ide.mcu.externaltools.gnu-tools-for-stm32.12.3.rel1.win32_1.1.0.202410251130/tools/bin/../lib/gcc/arm-none-eabi/12.3.1/../../../../arm-none-eabi/lib/thumb/v7e-m+fp/hard\libc_nano.a(libc_a-memset.o)
 .ARM.attributes
                0x000006f7       0x34 C:/ST/STM32CubeIDE_1.17.0/STM32CubeIDE/plugins/com.st.stm32cube.ide.mcu.externaltools.gnu-tools-for-stm32.12.3.rel1.win32_1.1.0.202410251130/tools/bin/../lib/gcc/arm-none-eabi/12.3.1/../../../../arm-none-eabi/lib/thumb/v7e-m+fp/hard\libc_nano.a(libc_a-reent.o)
 .ARM.attributes
                0x0000072b       0x34 C:/ST/STM32CubeIDE_1.17.0/STM32CubeIDE/plugins/com.st.stm32cube.ide.mcu.externaltools.gnu-tools-for-stm32.12.3.rel1.win32_1.1.0.202410251130/tools/bin/../lib/gcc/arm-none-eabi/12.3.1/../../../../arm-none-eabi/lib/thumb/v7e-m+fp/hard\libc_nano.a(libc_a-impure.o)
 .ARM.attributes
                0x0000075f       0x34 C:/ST/STM32CubeIDE_1.17.0/STM32CubeIDE/plugins/com.st.stm32cube.ide.mcu.externaltools.gnu-tools-for-stm32.12.3.rel1.win32_1.1.0.202410251130/tools/bin/../lib/gcc/arm-none-eabi/12.3.1/../../../../arm-none-eabi/lib/thumb/v7e-m+fp/hard\libc_nano.a(libc_a-init.o)
 .ARM.attributes
                0x00000793       0x34 C:/ST/STM32CubeIDE_1.17.0/STM32CubeIDE/plugins/com.st.stm32cube.ide.mcu.externaltools.gnu-tools-for-stm32.12.3.rel1.win32_1.1.0.202410251130/tools/bin/../lib/gcc/arm-none-eabi/12.3.1/../../../../arm-none-eabi/lib/thumb/v7e-m+fp/hard\libc_nano.a(libc_a-lock.o)
 .ARM.attributes
                0x000007c7       0x34 C:/ST/STM32CubeIDE_1.17.0/STM32CubeIDE/plugins/com.st.stm32cube.ide.mcu.externaltools.gnu-tools-for-stm32.12.3.rel1.win32_1.1.0.202410251130/tools/bin/../lib/gcc/arm-none-eabi/12.3.1/../../../../arm-none-eabi/lib/thumb/v7e-m+fp/hard\libc_nano.a(libc_a-memcpy-stub.o)
 .ARM.attributes
                0x000007fb       0x34 C:/ST/STM32CubeIDE_1.17.0/STM32CubeIDE/plugins/com.st.stm32cube.ide.mcu.externaltools.gnu-tools-for-stm32.12.3.rel1.win32_1.1.0.202410251130/tools/bin/../lib/gcc/arm-none-eabi/12.3.1/../../../../arm-none-eabi/lib/thumb/v7e-m+fp/hard\libc_nano.a(libc_a-freer.o)
 .ARM.attributes
                0x0000082f       0x34 C:/ST/STM32CubeIDE_1.17.0/STM32CubeIDE/plugins/com.st.stm32cube.ide.mcu.externaltools.gnu-tools-for-stm32.12.3.rel1.win32_1.1.0.202410251130/tools/bin/../lib/gcc/arm-none-eabi/12.3.1/../../../../arm-none-eabi/lib/thumb/v7e-m+fp/hard\libc_nano.a(libc_a-mallocr.o)
 .ARM.attributes
                0x00000863       0x34 C:/ST/STM32CubeIDE_1.17.0/STM32CubeIDE/plugins/com.st.stm32cube.ide.mcu.externaltools.gnu-tools-for-stm32.12.3.rel1.win32_1.1.0.202410251130/tools/bin/../lib/gcc/arm-none-eabi/12.3.1/../../../../arm-none-eabi/lib/thumb/v7e-m+fp/hard\libc_nano.a(libc_a-mlock.o)
 .ARM.attributes
                0x00000897       0x22 C:/ST/STM32CubeIDE_1.17.0/STM32CubeIDE/plugins/com.st.stm32cube.ide.mcu.externaltools.gnu-tools-for-stm32.12.3.rel1.win32_1.1.0.202410251130/tools/bin/../lib/gcc/arm-none-eabi/12.3.1/thumb/v7e-m+fp/hard\libgcc.a(_aeabi_uldivmod.o)
 .ARM.attributes
                0x000008b9       0x34 C:/ST/STM32CubeIDE_1.17.0/STM32CubeIDE/plugins/com.st.stm32cube.ide.mcu.externaltools.gnu-tools-for-stm32.12.3.rel1.win32_1.1.0.202410251130/tools/bin/../lib/gcc/arm-none-eabi/12.3.1/thumb/v7e-m+fp/hard\libgcc.a(_udivmoddi4.o)
 .ARM.attributes
                0x000008ed       0x22 C:/ST/STM32CubeIDE_1.17.0/STM32CubeIDE/plugins/com.st.stm32cube.ide.mcu.externaltools.gnu-tools-for-stm32.12.3.rel1.win32_1.1.0.202410251130/tools/bin/../lib/gcc/arm-none-eabi/12.3.1/thumb/v7e-m+fp/hard\libgcc.a(_dvmd_tls.o)
 .ARM.attributes
                0x0000090f       0x22 C:/ST/STM32CubeIDE_1.17.0/STM32CubeIDE/plugins/com.st.stm32cube.ide.mcu.externaltools.gnu-tools-for-stm32.12.3.rel1.win32_1.1.0.202410251130/tools/bin/../lib/gcc/arm-none-eabi/12.3.1/thumb/v7e-m+fp/hard/crtn.o
OUTPUT(STM32F4_Bootloader.elf elf32-littlearm)
LOAD linker stubs
LOAD C:/ST/STM32CubeIDE_1.17.0/STM32CubeIDE/plugins/com.st.stm32cube.ide.mcu.externaltools.gnu-tools-for-stm32.12.3.rel1.win32_1.1.0.202410251130/tools/bin/../lib/gcc/arm-none-eabi/12.3.1/../../../../arm-none-eabi/lib/thumb/v7e-m+fp/hard\libc.a
LOAD C:/ST/STM32CubeIDE_1.17.0/STM32CubeIDE/plugins/com.st.stm32cube.ide.mcu.externaltools.gnu-tools-for-stm32.12.3.rel1.win32_1.1.0.202410251130/tools/bin/../lib/gcc/arm-none-eabi/12.3.1/../../../../arm-none-eabi/lib/thumb/v7e-m+fp/hard\libm.a
LOAD C:/ST/STM32CubeIDE_1.17.0/STM32CubeIDE/plugins/com.st.stm32cube.ide.mcu.externaltools.gnu-tools-for-stm32.12.3.rel1.win32_1.1.0.202410251130/tools/bin/../lib/gcc/arm-none-eabi/12.3.1/thumb/v7e-m+fp/hard\libgcc.a

.debug_info     0x00000000    0x24834
 .debug_info    0x00000000     0x2185 ./Core/Src/bootloader.o
 .debug_info    0x00002185      0xdfc ./Core/Src/crc.o
 .debug_info    0x00002f81      0x516 ./Core/Src/dma.o
 .debug_info    0x00003497     0x2c12 ./Core/Src/flash_spi.o
 .debug_info    0x000060a9     0x1561 ./Core/Src/freertos.o
 .debug_info    0x0000760a      0x4bf ./Core/Src/gpio.o
 .debug_info    0x00007ac9     0x130d ./Core/Src/main.o
 .debug_info    0x00008dd6      0x9ac ./Core/Src/spi.o
 .debug_info    0x00009782      0x4dc ./Core/Src/stm32f4xx_hal_msp.o
 .debug_info    0x00009c5e      0xc94 ./Core/Src/stm32f4xx_hal_timebase_tim.o
 .debug_info    0x0000a8f2      0x9dd ./Core/Src/stm32f4xx_it.o
 .debug_info    0x0000b2cf      0x52b ./Core/Src/system_stm32f4xx.o
 .debug_info    0x0000b7fa      0xceb ./Core/Src/usart.o
 .debug_info    0x0000c4e5      0x9e6 ./Drivers/STM32F4xx_HAL_Driver/Src/stm32f4xx_hal.o
 .debug_info    0x0000cecb      0xf8c ./Drivers/STM32F4xx_HAL_Driver/Src/stm32f4xx_hal_cortex.o
 .debug_info    0x0000de57      0xadd ./Drivers/STM32F4xx_HAL_Driver/Src/stm32f4xx_hal_dma.o
 .debug_info    0x0000e934      0x710 ./Drivers/STM32F4xx_HAL_Driver/Src/stm32f4xx_hal_flash.o
 .debug_info    0x0000f044      0x806 ./Drivers/STM32F4xx_HAL_Driver/Src/stm32f4xx_hal_flash_ex.o
 .debug_info    0x0000f84a      0x708 ./Drivers/STM32F4xx_HAL_Driver/Src/stm32f4xx_hal_gpio.o
 .debug_info    0x0000ff52      0xa73 ./Drivers/STM32F4xx_HAL_Driver/Src/stm32f4xx_hal_rcc.o
 .debug_info    0x000109c5     0x1d9d ./Drivers/STM32F4xx_HAL_Driver/Src/stm32f4xx_hal_spi.o
 .debug_info    0x00012762     0x3be4 ./Drivers/STM32F4xx_HAL_Driver/Src/stm32f4xx_hal_tim.o
 .debug_info    0x00016346     0x1acc ./Drivers/STM32F4xx_HAL_Driver/Src/stm32f4xx_hal_tim_ex.o
 .debug_info    0x00017e12     0x3fd3 ./Drivers/STM32F4xx_HAL_Driver/Src/stm32f4xx_hal_uart.o
 .debug_info    0x0001bde5     0x2a78 ./Middlewares/Third_Party/FreeRTOS/Source/CMSIS_RTOS/cmsis_os.o
 .debug_info    0x0001e85d      0x2c3 ./Middlewares/Third_Party/FreeRTOS/Source/list.o
 .debug_info    0x0001eb20     0x2272 ./Middlewares/Third_Party/FreeRTOS/Source/queue.o
 .debug_info    0x00020d92     0x2fad ./Middlewares/Third_Party/FreeRTOS/Source/tasks.o
 .debug_info    0x00023d3f      0x55e ./Middlewares/Third_Party/FreeRTOS/Source/portable/GCC/ARM_CM4F/port.o
 .debug_info    0x0002429d      0x597 ./Middlewares/Third_Party/FreeRTOS/Source/portable/MemMang/heap_4.o

.debug_abbrev   0x00000000     0x4b99
 .debug_abbrev  0x00000000      0x478 ./Core/Src/bootloader.o
 .debug_abbrev  0x00000478      0x1fd ./Core/Src/crc.o
 .debug_abbrev  0x00000675      0x12d ./Core/Src/dma.o
 .debug_abbrev  0x000007a2      0x332 ./Core/Src/flash_spi.o
 .debug_abbrev  0x00000ad4      0x2de ./Core/Src/freertos.o
 .debug_abbrev  0x00000db2      0x166 ./Core/Src/gpio.o
 .debug_abbrev  0x00000f18      0x2c5 ./Core/Src/main.o
 .debug_abbrev  0x000011dd      0x213 ./Core/Src/spi.o
 .debug_abbrev  0x000013f0      0x122 ./Core/Src/stm32f4xx_hal_msp.o
 .debug_abbrev  0x00001512      0x234 ./Core/Src/stm32f4xx_hal_timebase_tim.o
 .debug_abbrev  0x00001746      0x193 ./Core/Src/stm32f4xx_it.o
 .debug_abbrev  0x000018d9      0x120 ./Core/Src/system_stm32f4xx.o
 .debug_abbrev  0x000019f9      0x23b ./Core/Src/usart.o
 .debug_abbrev  0x00001c34      0x242 ./Drivers/STM32F4xx_HAL_Driver/Src/stm32f4xx_hal.o
 .debug_abbrev  0x00001e76      0x39e ./Drivers/STM32F4xx_HAL_Driver/Src/stm32f4xx_hal_cortex.o
 .debug_abbrev  0x00002214      0x2c2 ./Drivers/STM32F4xx_HAL_Driver/Src/stm32f4xx_hal_dma.o
 .debug_abbrev  0x000024d6      0x291 ./Drivers/STM32F4xx_HAL_Driver/Src/stm32f4xx_hal_flash.o
 .debug_abbrev  0x00002767      0x26a ./Drivers/STM32F4xx_HAL_Driver/Src/stm32f4xx_hal_flash_ex.o
 .debug_abbrev  0x000029d1      0x204 ./Drivers/STM32F4xx_HAL_Driver/Src/stm32f4xx_hal_gpio.o
 .debug_abbrev  0x00002bd5      0x2c8 ./Drivers/STM32F4xx_HAL_Driver/Src/stm32f4xx_hal_rcc.o
 .debug_abbrev  0x00002e9d      0x28d ./Drivers/STM32F4xx_HAL_Driver/Src/stm32f4xx_hal_spi.o
 .debug_abbrev  0x0000312a      0x273 ./Drivers/STM32F4xx_HAL_Driver/Src/stm32f4xx_hal_tim.o
 .debug_abbrev  0x0000339d      0x271 ./Drivers/STM32F4xx_HAL_Driver/Src/stm32f4xx_hal_tim_ex.o
 .debug_abbrev  0x0000360e      0x331 ./Drivers/STM32F4xx_HAL_Driver/Src/stm32f4xx_hal_uart.o
 .debug_abbrev  0x0000393f      0x462 ./Middlewares/Third_Party/FreeRTOS/Source/CMSIS_RTOS/cmsis_os.o
 .debug_abbrev  0x00003da1      0x10c ./Middlewares/Third_Party/FreeRTOS/Source/list.o
 .debug_abbrev  0x00003ead      0x3ec ./Middlewares/Third_Party/FreeRTOS/Source/queue.o
 .debug_abbrev  0x00004299      0x406 ./Middlewares/Third_Party/FreeRTOS/Source/tasks.o
 .debug_abbrev  0x0000469f      0x295 ./Middlewares/Third_Party/FreeRTOS/Source/portable/GCC/ARM_CM4F/port.o
 .debug_abbrev  0x00004934      0x265 ./Middlewares/Third_Party/FreeRTOS/Source/portable/MemMang/heap_4.o

.debug_loclists
                0x00000000     0xe41d
 .debug_loclists
                0x00000000      0x6b5 ./Core/Src/bootloader.o
 .debug_loclists
                0x000006b5      0x2d9 ./Core/Src/crc.o
 .debug_loclists
                0x0000098e      0xc5f ./Core/Src/flash_spi.o
 .debug_loclists
                0x000015ed       0x84 ./Core/Src/freertos.o
 .debug_loclists
                0x00001671       0x34 ./Core/Src/main.o
 .debug_loclists
                0x000016a5       0x5c ./Core/Src/spi.o
 .debug_loclists
                0x00001701       0x9b ./Core/Src/stm32f4xx_hal_timebase_tim.o
 .debug_loclists
                0x0000179c       0xdb ./Core/Src/system_stm32f4xx.o
 .debug_loclists
                0x00001877       0x50 ./Core/Src/usart.o
 .debug_loclists
                0x000018c7       0xc9 ./Drivers/STM32F4xx_HAL_Driver/Src/stm32f4xx_hal.o
 .debug_loclists
                0x00001990      0x439 ./Drivers/STM32F4xx_HAL_Driver/Src/stm32f4xx_hal_cortex.o
 .debug_loclists
                0x00001dc9      0x763 ./Drivers/STM32F4xx_HAL_Driver/Src/stm32f4xx_hal_dma.o
 .debug_loclists
                0x0000252c      0x262 ./Drivers/STM32F4xx_HAL_Driver/Src/stm32f4xx_hal_flash.o
 .debug_loclists
                0x0000278e      0x35e ./Drivers/STM32F4xx_HAL_Driver/Src/stm32f4xx_hal_flash_ex.o
 .debug_loclists
                0x00002aec      0x356 ./Drivers/STM32F4xx_HAL_Driver/Src/stm32f4xx_hal_gpio.o
 .debug_loclists
                0x00002e42      0x3a9 ./Drivers/STM32F4xx_HAL_Driver/Src/stm32f4xx_hal_rcc.o
 .debug_loclists
                0x000031eb     0x14cb ./Drivers/STM32F4xx_HAL_Driver/Src/stm32f4xx_hal_spi.o
 .debug_loclists
                0x000046b6     0x3331 ./Drivers/STM32F4xx_HAL_Driver/Src/stm32f4xx_hal_tim.o
 .debug_loclists
                0x000079e7     0x129e ./Drivers/STM32F4xx_HAL_Driver/Src/stm32f4xx_hal_tim_ex.o
 .debug_loclists
                0x00008c85     0x29f1 ./Drivers/STM32F4xx_HAL_Driver/Src/stm32f4xx_hal_uart.o
 .debug_loclists
                0x0000b676      0xb4d ./Middlewares/Third_Party/FreeRTOS/Source/CMSIS_RTOS/cmsis_os.o
 .debug_loclists
                0x0000c1c3       0x6f ./Middlewares/Third_Party/FreeRTOS/Source/list.o
 .debug_loclists
                0x0000c232      0xd38 ./Middlewares/Third_Party/FreeRTOS/Source/queue.o
 .debug_loclists
                0x0000cf6a     0x114d ./Middlewares/Third_Party/FreeRTOS/Source/tasks.o
 .debug_loclists
                0x0000e0b7       0xbb ./Middlewares/Third_Party/FreeRTOS/Source/portable/GCC/ARM_CM4F/port.o
 .debug_loclists
                0x0000e172      0x2ab ./Middlewares/Third_Party/FreeRTOS/Source/portable/MemMang/heap_4.o

.debug_aranges  0x00000000     0x17b8
 .debug_aranges
                0x00000000       0xe8 ./Core/Src/bootloader.o
 .debug_aranges
                0x000000e8       0x40 ./Core/Src/crc.o
 .debug_aranges
                0x00000128       0x20 ./Core/Src/dma.o
 .debug_aranges
                0x00000148      0x140 ./Core/Src/flash_spi.o
 .debug_aranges
                0x00000288       0x50 ./Core/Src/freertos.o
 .debug_aranges
                0x000002d8       0x20 ./Core/Src/gpio.o
 .debug_aranges
                0x000002f8       0x40 ./Core/Src/main.o
 .debug_aranges
                0x00000338       0x30 ./Core/Src/spi.o
 .debug_aranges
                0x00000368       0x20 ./Core/Src/stm32f4xx_hal_msp.o
 .debug_aranges
                0x00000388       0x30 ./Core/Src/stm32f4xx_hal_timebase_tim.o
 .debug_aranges
                0x000003b8       0x68 ./Core/Src/stm32f4xx_it.o
 .debug_aranges
                0x00000420       0x28 ./Core/Src/system_stm32f4xx.o
 .debug_aranges
                0x00000448       0x30 ./Core/Src/usart.o
 .debug_aranges
                0x00000478       0xf0 ./Drivers/STM32F4xx_HAL_Driver/Src/stm32f4xx_hal.o
 .debug_aranges
                0x00000568       0xe8 ./Drivers/STM32F4xx_HAL_Driver/Src/stm32f4xx_hal_cortex.o
 .debug_aranges
                0x00000650       0x90 ./Drivers/STM32F4xx_HAL_Driver/Src/stm32f4xx_hal_dma.o
 .debug_aranges
                0x000006e0       0xa0 ./Drivers/STM32F4xx_HAL_Driver/Src/stm32f4xx_hal_flash.o
 .debug_aranges
                0x00000780       0x98 ./Drivers/STM32F4xx_HAL_Driver/Src/stm32f4xx_hal_flash_ex.o
 .debug_aranges
                0x00000818       0x58 ./Drivers/STM32F4xx_HAL_Driver/Src/stm32f4xx_hal_gpio.o
 .debug_aranges
                0x00000870       0x88 ./Drivers/STM32F4xx_HAL_Driver/Src/stm32f4xx_hal_rcc.o
 .debug_aranges
                0x000008f8      0x1d0 ./Drivers/STM32F4xx_HAL_Driver/Src/stm32f4xx_hal_spi.o
 .debug_aranges
                0x00000ac8      0x3d0 ./Drivers/STM32F4xx_HAL_Driver/Src/stm32f4xx_hal_tim.o
 .debug_aranges
                0x00000e98      0x168 ./Drivers/STM32F4xx_HAL_Driver/Src/stm32f4xx_hal_tim_ex.o
 .debug_aranges
                0x00001000      0x208 ./Drivers/STM32F4xx_HAL_Driver/Src/stm32f4xx_hal_uart.o
 .debug_aranges
                0x00001208      0x1d8 ./Middlewares/Third_Party/FreeRTOS/Source/CMSIS_RTOS/cmsis_os.o
 .debug_aranges
                0x000013e0       0x40 ./Middlewares/Third_Party/FreeRTOS/Source/list.o
 .debug_aranges
                0x00001420      0x108 ./Middlewares/Third_Party/FreeRTOS/Source/queue.o
 .debug_aranges
                0x00001528      0x1b8 ./Middlewares/Third_Party/FreeRTOS/Source/tasks.o
 .debug_aranges
                0x000016e0       0x80 ./Middlewares/Third_Party/FreeRTOS/Source/portable/GCC/ARM_CM4F/port.o
 .debug_aranges
                0x00001760       0x58 ./Middlewares/Third_Party/FreeRTOS/Source/portable/MemMang/heap_4.o

.debug_rnglists
                0x00000000     0x13ad
 .debug_rnglists
                0x00000000       0xf3 ./Core/Src/bootloader.o
 .debug_rnglists
                0x000000f3       0x5c ./Core/Src/crc.o
 .debug_rnglists
                0x0000014f       0x13 ./Core/Src/dma.o
 .debug_rnglists
                0x00000162      0x13e ./Core/Src/flash_spi.o
 .debug_rnglists
                0x000002a0       0x44 ./Core/Src/freertos.o
 .debug_rnglists
                0x000002e4       0x14 ./Core/Src/gpio.o
 .debug_rnglists
                0x000002f8       0x2d ./Core/Src/main.o
 .debug_rnglists
                0x00000325       0x1f ./Core/Src/spi.o
 .debug_rnglists
                0x00000344       0x13 ./Core/Src/stm32f4xx_hal_msp.o
 .debug_rnglists
                0x00000357       0x20 ./Core/Src/stm32f4xx_hal_timebase_tim.o
 .debug_rnglists
                0x00000377       0x49 ./Core/Src/stm32f4xx_it.o
 .debug_rnglists
                0x000003c0       0x1a ./Core/Src/system_stm32f4xx.o
 .debug_rnglists
                0x000003da       0x20 ./Core/Src/usart.o
 .debug_rnglists
                0x000003fa       0xaf ./Drivers/STM32F4xx_HAL_Driver/Src/stm32f4xx_hal.o
 .debug_rnglists
                0x000004a9       0xa9 ./Drivers/STM32F4xx_HAL_Driver/Src/stm32f4xx_hal_cortex.o
 .debug_rnglists
                0x00000552       0x6c ./Drivers/STM32F4xx_HAL_Driver/Src/stm32f4xx_hal_dma.o
 .debug_rnglists
                0x000005be       0x75 ./Drivers/STM32F4xx_HAL_Driver/Src/stm32f4xx_hal_flash.o
 .debug_rnglists
                0x00000633       0x6f ./Drivers/STM32F4xx_HAL_Driver/Src/stm32f4xx_hal_flash_ex.o
 .debug_rnglists
                0x000006a2       0x3f ./Drivers/STM32F4xx_HAL_Driver/Src/stm32f4xx_hal_gpio.o
 .debug_rnglists
                0x000006e1       0x75 ./Drivers/STM32F4xx_HAL_Driver/Src/stm32f4xx_hal_rcc.o
 .debug_rnglists
                0x00000756      0x16a ./Drivers/STM32F4xx_HAL_Driver/Src/stm32f4xx_hal_spi.o
 .debug_rnglists
                0x000008c0      0x302 ./Drivers/STM32F4xx_HAL_Driver/Src/stm32f4xx_hal_tim.o
 .debug_rnglists
                0x00000bc2      0x11b ./Drivers/STM32F4xx_HAL_Driver/Src/stm32f4xx_hal_tim_ex.o
 .debug_rnglists
                0x00000cdd      0x1a1 ./Drivers/STM32F4xx_HAL_Driver/Src/stm32f4xx_hal_uart.o
 .debug_rnglists
                0x00000e7e      0x15f ./Middlewares/Third_Party/FreeRTOS/Source/CMSIS_RTOS/cmsis_os.o
 .debug_rnglists
                0x00000fdd       0x2b ./Middlewares/Third_Party/FreeRTOS/Source/list.o
 .debug_rnglists
                0x00001008      0x134 ./Middlewares/Third_Party/FreeRTOS/Source/queue.o
 .debug_rnglists
                0x0000113c      0x1c9 ./Middlewares/Third_Party/FreeRTOS/Source/tasks.o
 .debug_rnglists
                0x00001305       0x69 ./Middlewares/Third_Party/FreeRTOS/Source/portable/GCC/ARM_CM4F/port.o
 .debug_rnglists
                0x0000136e       0x3f ./Middlewares/Third_Party/FreeRTOS/Source/portable/MemMang/heap_4.o

.debug_macro    0x00000000    0x24d94
 .debug_macro   0x00000000      0x3d6 ./Core/Src/bootloader.o
 .debug_macro   0x000003d6      0xab4 ./Core/Src/bootloader.o
 .debug_macro   0x00000e8a      0x2a1 ./Core/Src/bootloader.o
 .debug_macro   0x0000112b       0x2e ./Core/Src/bootloader.o
 .debug_macro   0x00001159       0x2f ./Core/Src/bootloader.o
 .debug_macro   0x00001188       0x22 ./Core/Src/bootloader.o
 .debug_macro   0x000011aa       0x8e ./Core/Src/bootloader.o
 .debug_macro   0x00001238       0x51 ./Core/Src/bootloader.o
 .debug_macro   0x00001289      0x103 ./Core/Src/bootloader.o
 .debug_macro   0x0000138c       0x6a ./Core/Src/bootloader.o
 .debug_macro   0x000013f6      0x1df ./Core/Src/bootloader.o
 .debug_macro   0x000015d5       0x1c ./Core/Src/bootloader.o
 .debug_macro   0x000015f1       0x22 ./Core/Src/bootloader.o
 .debug_macro   0x00001613       0xfb ./Core/Src/bootloader.o
 .debug_macro   0x0000170e     0x1011 ./Core/Src/bootloader.o
 .debug_macro   0x0000271f      0x11f ./Core/Src/bootloader.o
 .debug_macro   0x0000283e    0x15e97 ./Core/Src/bootloader.o
 .debug_macro   0x000186d5       0x6d ./Core/Src/bootloader.o
 .debug_macro   0x00018742     0x368c ./Core/Src/bootloader.o
 .debug_macro   0x0001bdce      0x189 ./Core/Src/bootloader.o
 .debug_macro   0x0001bf57       0x5c ./Core/Src/bootloader.o
 .debug_macro   0x0001bfb3      0x980 ./Core/Src/bootloader.o
 .debug_macro   0x0001c933      0x9e9 ./Core/Src/bootloader.o
 .debug_macro   0x0001d31c      0x115 ./Core/Src/bootloader.o
 .debug_macro   0x0001d431      0x13e ./Core/Src/bootloader.o
 .debug_macro   0x0001d56f       0xa5 ./Core/Src/bootloader.o
 .debug_macro   0x0001d614      0x174 ./Core/Src/bootloader.o
 .debug_macro   0x0001d788      0x287 ./Core/Src/bootloader.o
 .debug_macro   0x0001da0f       0x5f ./Core/Src/bootloader.o
 .debug_macro   0x0001da6e      0x236 ./Core/Src/bootloader.o
 .debug_macro   0x0001dca4      0x12c ./Core/Src/bootloader.o
 .debug_macro   0x0001ddd0      0x21e ./Core/Src/bootloader.o
 .debug_macro   0x0001dfee       0x2e ./Core/Src/bootloader.o
 .debug_macro   0x0001e01c      0x127 ./Core/Src/bootloader.o
 .debug_macro   0x0001e143       0x7e ./Core/Src/bootloader.o
 .debug_macro   0x0001e1c1       0x89 ./Core/Src/bootloader.o
 .debug_macro   0x0001e24a      0x225 ./Core/Src/bootloader.o
 .debug_macro   0x0001e46f      0x8ed ./Core/Src/bootloader.o
 .debug_macro   0x0001ed5c       0x4d ./Core/Src/bootloader.o
 .debug_macro   0x0001eda9      0x2aa ./Core/Src/bootloader.o
 .debug_macro   0x0001f053      0x12d ./Core/Src/bootloader.o
 .debug_macro   0x0001f180       0x8c ./Core/Src/bootloader.o
 .debug_macro   0x0001f20c       0x83 ./Core/Src/bootloader.o
 .debug_macro   0x0001f28f       0x61 ./Core/Src/bootloader.o
 .debug_macro   0x0001f2f0       0x2a ./Core/Src/bootloader.o
 .debug_macro   0x0001f31a       0x43 ./Core/Src/bootloader.o
 .debug_macro   0x0001f35d       0x34 ./Core/Src/bootloader.o
 .debug_macro   0x0001f391       0x16 ./Core/Src/bootloader.o
 .debug_macro   0x0001f3a7       0x43 ./Core/Src/bootloader.o
 .debug_macro   0x0001f3ea       0x34 ./Core/Src/bootloader.o
 .debug_macro   0x0001f41e       0x10 ./Core/Src/bootloader.o
 .debug_macro   0x0001f42e       0x58 ./Core/Src/bootloader.o
 .debug_macro   0x0001f486       0x8e ./Core/Src/bootloader.o
 .debug_macro   0x0001f514       0x1c ./Core/Src/bootloader.o
 .debug_macro   0x0001f530      0x177 ./Core/Src/bootloader.o
 .debug_macro   0x0001f6a7      0x369 ./Core/Src/bootloader.o
 .debug_macro   0x0001fa10       0x10 ./Core/Src/bootloader.o
 .debug_macro   0x0001fa20       0x35 ./Core/Src/bootloader.o
 .debug_macro   0x0001fa55       0x20 ./Core/Src/bootloader.o
 .debug_macro   0x0001fa75       0x52 ./Core/Src/bootloader.o
 .debug_macro   0x0001fac7       0xf1 ./Core/Src/bootloader.o
 .debug_macro   0x0001fbb8      0x15a ./Core/Src/bootloader.o
 .debug_macro   0x0001fd12       0xde ./Core/Src/bootloader.o
 .debug_macro   0x0001fdf0       0x1c ./Core/Src/bootloader.o
 .debug_macro   0x0001fe0c       0x26 ./Core/Src/bootloader.o
 .debug_macro   0x0001fe32       0x16 ./Core/Src/bootloader.o
 .debug_macro   0x0001fe48      0x4fe ./Core/Src/bootloader.o
 .debug_macro   0x00020346       0xb5 ./Core/Src/bootloader.o
 .debug_macro   0x000203fb       0xaa ./Core/Src/bootloader.o
 .debug_macro   0x000204a5       0x91 ./Core/Src/bootloader.o
 .debug_macro   0x00020536       0x8d ./Core/Src/bootloader.o
 .debug_macro   0x000205c3       0x7e ./Core/Src/bootloader.o
 .debug_macro   0x00020641       0x19 ./Core/Src/bootloader.o
 .debug_macro   0x0002065a       0xf2 ./Core/Src/bootloader.o
 .debug_macro   0x0002074c      0x1eb ./Core/Src/crc.o
 .debug_macro   0x00020937      0x2e5 ./Core/Src/dma.o
 .debug_macro   0x00020c1c      0x380 ./Core/Src/flash_spi.o
 .debug_macro   0x00020f9c       0xf1 ./Core/Src/flash_spi.o
 .debug_macro   0x0002108d       0x10 ./Core/Src/flash_spi.o
 .debug_macro   0x0002109d       0x86 ./Core/Src/flash_spi.o
 .debug_macro   0x00021123      0x3b0 ./Core/Src/freertos.o
 .debug_macro   0x000214d3      0x2e5 ./Core/Src/gpio.o
 .debug_macro   0x000217b8      0x3c8 ./Core/Src/main.o
 .debug_macro   0x00021b80      0x2e5 ./Core/Src/spi.o
 .debug_macro   0x00021e65      0x2db ./Core/Src/stm32f4xx_hal_msp.o
 .debug_macro   0x00022140      0x1d8 ./Core/Src/stm32f4xx_hal_timebase_tim.o
 .debug_macro   0x00022318      0x2e5 ./Core/Src/stm32f4xx_it.o
 .debug_macro   0x000225fd      0x1d8 ./Core/Src/system_stm32f4xx.o
 .debug_macro   0x000227d5      0x2e5 ./Core/Src/usart.o
 .debug_macro   0x00022aba      0x238 ./Drivers/STM32F4xx_HAL_Driver/Src/stm32f4xx_hal.o
 .debug_macro   0x00022cf2      0x1d8 ./Drivers/STM32F4xx_HAL_Driver/Src/stm32f4xx_hal_cortex.o
 .debug_macro   0x00022eca      0x1de ./Drivers/STM32F4xx_HAL_Driver/Src/stm32f4xx_hal_dma.o
 .debug_macro   0x000230a8      0x1de ./Drivers/STM32F4xx_HAL_Driver/Src/stm32f4xx_hal_flash.o
 .debug_macro   0x00023286      0x1de ./Drivers/STM32F4xx_HAL_Driver/Src/stm32f4xx_hal_flash_ex.o
 .debug_macro   0x00023464      0x1de ./Drivers/STM32F4xx_HAL_Driver/Src/stm32f4xx_hal_gpio.o
 .debug_macro   0x00023642      0x1fc ./Drivers/STM32F4xx_HAL_Driver/Src/stm32f4xx_hal_rcc.o
 .debug_macro   0x0002383e      0x1e7 ./Drivers/STM32F4xx_HAL_Driver/Src/stm32f4xx_hal_spi.o
 .debug_macro   0x00023a25      0x1d9 ./Drivers/STM32F4xx_HAL_Driver/Src/stm32f4xx_hal_tim.o
 .debug_macro   0x00023bfe      0x1d8 ./Drivers/STM32F4xx_HAL_Driver/Src/stm32f4xx_hal_tim_ex.o
 .debug_macro   0x00023dd6      0x1d9 ./Drivers/STM32F4xx_HAL_Driver/Src/stm32f4xx_hal_uart.o
 .debug_macro   0x00023faf      0x210 ./Middlewares/Third_Party/FreeRTOS/Source/CMSIS_RTOS/cmsis_os.o
 .debug_macro   0x000241bf       0xe9 ./Middlewares/Third_Party/FreeRTOS/Source/CMSIS_RTOS/cmsis_os.o
 .debug_macro   0x000242a8      0x199 ./Middlewares/Third_Party/FreeRTOS/Source/list.o
 .debug_macro   0x00024441      0x228 ./Middlewares/Third_Party/FreeRTOS/Source/queue.o
 .debug_macro   0x00024669       0x16 ./Middlewares/Third_Party/FreeRTOS/Source/queue.o
 .debug_macro   0x0002467f       0x87 ./Middlewares/Third_Party/FreeRTOS/Source/queue.o
 .debug_macro   0x00024706      0x28b ./Middlewares/Third_Party/FreeRTOS/Source/tasks.o
 .debug_macro   0x00024991       0x10 ./Middlewares/Third_Party/FreeRTOS/Source/tasks.o
 .debug_macro   0x000249a1      0x233 ./Middlewares/Third_Party/FreeRTOS/Source/portable/GCC/ARM_CM4F/port.o
 .debug_macro   0x00024bd4      0x1c0 ./Middlewares/Third_Party/FreeRTOS/Source/portable/MemMang/heap_4.o

.debug_line     0x00000000    0x26152
 .debug_line    0x00000000     0x154b ./Core/Src/bootloader.o
 .debug_line    0x0000154b      0x9c0 ./Core/Src/crc.o
 .debug_line    0x00001f0b      0x8ea ./Core/Src/dma.o
 .debug_line    0x000027f5     0x1a0a ./Core/Src/flash_spi.o
 .debug_line    0x000041ff      0xc42 ./Core/Src/freertos.o
 .debug_line    0x00004e41      0x968 ./Core/Src/gpio.o
 .debug_line    0x000057a9      0xc18 ./Core/Src/main.o
 .debug_line    0x000063c1      0x9e6 ./Core/Src/spi.o
 .debug_line    0x00006da7      0x8f2 ./Core/Src/stm32f4xx_hal_msp.o
 .debug_line    0x00007699      0x845 ./Core/Src/stm32f4xx_hal_timebase_tim.o
 .debug_line    0x00007ede      0xa0d ./Core/Src/stm32f4xx_it.o
 .debug_line    0x000088eb      0x81d ./Core/Src/system_stm32f4xx.o
 .debug_line    0x00009108      0xa96 ./Core/Src/usart.o
 .debug_line    0x00009b9e      0xac1 ./Drivers/STM32F4xx_HAL_Driver/Src/stm32f4xx_hal.o
 .debug_line    0x0000a65f      0xdc4 ./Drivers/STM32F4xx_HAL_Driver/Src/stm32f4xx_hal_cortex.o
 .debug_line    0x0000b423     0x13dc ./Drivers/STM32F4xx_HAL_Driver/Src/stm32f4xx_hal_dma.o
 .debug_line    0x0000c7ff      0xcd8 ./Drivers/STM32F4xx_HAL_Driver/Src/stm32f4xx_hal_flash.o
 .debug_line    0x0000d4d7      0xc58 ./Drivers/STM32F4xx_HAL_Driver/Src/stm32f4xx_hal_flash_ex.o
 .debug_line    0x0000e12f      0xc67 ./Drivers/STM32F4xx_HAL_Driver/Src/stm32f4xx_hal_gpio.o
 .debug_line    0x0000ed96     0x1052 ./Drivers/STM32F4xx_HAL_Driver/Src/stm32f4xx_hal_rcc.o
 .debug_line    0x0000fde8     0x2b1d ./Drivers/STM32F4xx_HAL_Driver/Src/stm32f4xx_hal_spi.o
 .debug_line    0x00012905     0x4ff2 ./Drivers/STM32F4xx_HAL_Driver/Src/stm32f4xx_hal_tim.o
 .debug_line    0x000178f7     0x228b ./Drivers/STM32F4xx_HAL_Driver/Src/stm32f4xx_hal_tim_ex.o
 .debug_line    0x00019b82     0x4803 ./Drivers/STM32F4xx_HAL_Driver/Src/stm32f4xx_hal_uart.o
 .debug_line    0x0001e385     0x165e ./Middlewares/Third_Party/FreeRTOS/Source/CMSIS_RTOS/cmsis_os.o
 .debug_line    0x0001f9e3      0x844 ./Middlewares/Third_Party/FreeRTOS/Source/list.o
 .debug_line    0x00020227     0x1fb5 ./Middlewares/Third_Party/FreeRTOS/Source/queue.o
 .debug_line    0x000221dc     0x2873 ./Middlewares/Third_Party/FreeRTOS/Source/tasks.o
 .debug_line    0x00024a4f      0xb67 ./Middlewares/Third_Party/FreeRTOS/Source/portable/GCC/ARM_CM4F/port.o
 .debug_line    0x000255b6      0xb9c ./Middlewares/Third_Party/FreeRTOS/Source/portable/MemMang/heap_4.o

.debug_str      0x00000000    0xd7581
 .debug_str     0x00000000    0xcf6d2 ./Core/Src/bootloader.o
                              0xcfa99 (size before relaxing)
 .debug_str     0x000cf6d2      0x1dd ./Core/Src/crc.o
                              0xc5cd9 (size before relaxing)
 .debug_str     0x000cf8af      0x521 ./Core/Src/dma.o
                              0xc8f5c (size before relaxing)
 .debug_str     0x000cfdd0      0x70b ./Core/Src/flash_spi.o
                              0xcf327 (size before relaxing)
 .debug_str     0x000d04db      0x794 ./Core/Src/freertos.o
                              0xcf67d (size before relaxing)
 .debug_str     0x000d0c6f       0x51 ./Core/Src/gpio.o
                              0xc8b0a (size before relaxing)
 .debug_str     0x000d0cc0      0x444 ./Core/Src/main.o
                              0xcf698 (size before relaxing)
 .debug_str     0x000d1104       0x5b ./Core/Src/spi.o
                              0xc8f96 (size before relaxing)
 .debug_str     0x000d115f       0x2c ./Core/Src/stm32f4xx_hal_msp.o
                              0xc8f4c (size before relaxing)
 .debug_str     0x000d118b      0x108 ./Core/Src/stm32f4xx_hal_timebase_tim.o
                              0xc5ebb (size before relaxing)
 .debug_str     0x000d1293      0x2dd ./Core/Src/stm32f4xx_it.o
                              0xc91ac (size before relaxing)
 .debug_str     0x000d1570       0x87 ./Core/Src/system_stm32f4xx.o
                              0xc53c3 (size before relaxing)
 .debug_str     0x000d15f7       0x81 ./Core/Src/usart.o
                              0xc9535 (size before relaxing)