../Drivers/CMSIS/Include/core_cm4.h:1938:34:__NVIC_SystemReset	0	static,ignoring_inline_asm
../Core/Src/bootloader.c:340:13:Bootloader_EnterRecoveryMode	0	static
../Core/Src/bootloader.c:507:16:Bootloader_ValidateApplication	0	static
../Core/Src/bootloader.c:196:13:Bootloader_InitStatus	8	static
../Core/Src/bootloader.c:548:16:Bootloader_VerifyApplication	8	static
../Core/Src/bootloader.c:914:16:ValidateMetadataCRC	8	static
../Core/Src/bootloader.c:593:16:Bootloader_CheckAndInitFlash	64	static
../Core/Src/bootloader.c:725:13:Bootloader_UpdateProgress	8	static
../Core/Src/bootloader.c:135:6:Bootloader_ForceRecovery	8	static
../Core/Src/bootloader.c:144:6:Bootloader_JumpToApplication	8	static,ignoring_inline_asm
../Core/Src/bootloader.c:621:9:Bootloader_CheckBackupFirmware	24	static
../Core/Src/bootloader.c:794:19:FLASH_Utils_Unlock	8	static
../Core/Src/bootloader.c:803:19:FLASH_Utils_Lock	8	static
../Core/Src/bootloader.c:812:10:FLASH_Utils_GetSector	0	static
../Core/Src/bootloader.c:849:19:FLASH_Utils_EraseSector	32	static
../Core/Src/bootloader.c:572:13:Bootloader_ResetApplication	16	static
../Core/Src/bootloader.c:872:19:FLASH_Utils_Write	24	static
../Core/Src/bootloader.c:668:26:Bootloader_CopyFirmwareFromSPI	32	static
../Core/Src/bootloader.c:255:19:Bootloader_SaveStatus	128	static
../Core/Src/bootloader.c:354:12:Bootloader_ProcessState	16	static
../Core/Src/bootloader.c:125:6:Bootloader_Run	8	static
../Core/Src/bootloader.c:901:19:FLASH_Utils_Read	8	static
../Core/Src/bootloader.c:296:19:Bootloader_LoadStatus	16	static
../Core/Src/bootloader.c:53:6:Bootloader_Init	8	static
../Core/Src/bootloader.c:931:14:FLASH_Utils_IsAppUpToDate	128	static
../Core/Src/bootloader.c:180:9:Bootloader_IsApplicationValid	8	static
