../Drivers/CMSIS/Include/core_cm4.h:1938:34:__NVIC_SystemReset	0	static,ignoring_inline_asm
../Core/Src/bootloader.c:354:13:Bootloader_EnterRecoveryMode	0	static
../Core/Src/bootloader.c:458:16:Bootloader_ValidateApplication	8	static
../Core/Src/bootloader.c:202:13:Bootloader_InitStatus	8	static
../Core/Src/bootloader.c:557:16:Bootloader_CheckAndInitFlash	64	static
../Core/Src/bootloader.c:656:13:Bootloader_UpdateProgress	8	static
../Core/Src/bootloader.c:513:16:Bootloader_VerifyApplication	8	static
../Core/Src/bootloader.c:157:6:Bootloader_ForceRecovery	8	static
../Core/Src/bootloader.c:166:6:Bootloader_JumpToApplication	8	static,ignoring_inline_asm
../Core/Src/bootloader.c:856:19:FLASH_Utils_Unlock	8	static
../Core/Src/bootloader.c:865:19:FLASH_Utils_Lock	8	static
../Core/Src/bootloader.c:874:10:FLASH_Utils_GetSector	0	static
../Core/Src/bootloader.c:911:19:FLASH_Utils_EraseSector	32	static
../Core/Src/bootloader.c:536:13:Bootloader_ResetApplication	16	static
../Core/Src/bootloader.c:934:19:FLASH_Utils_Write	24	static
../Core/Src/bootloader.c:270:19:Bootloader_SaveStatus	144	static
../Core/Src/bootloader.c:962:19:FLASH_Utils_Read	8	static
../Core/Src/bootloader.c:310:19:Bootloader_LoadStatus	16	static
../Core/Src/bootloader.c:51:6:Bootloader_Init	8	static
../Core/Src/bootloader.c:587:26:Bootloader_CopyFirmwareFromSPI	1056	static
../Core/Src/bootloader.c:993:9:SPI_Flash_ValidateFirmware	168	static
../Core/Src/bootloader.c:717:5:Bootloader_Install_Firmware	16	static
../Core/Src/bootloader.c:365:5:Bootloader_ProcessState	16	static
