../Core/Src/flash_spi.c:43:13:W25QXX_ResetInfo	8	static
../Core/Src/flash_spi.c:31:6:W25QXX_InitDevice	8	static
../Core/Src/flash_spi.c:54:6:W25QXX_SetUsedInOS	0	static
../Core/Src/flash_spi.c:65:6:W25QXX_Delay	8	static
../Core/Src/flash_spi.c:82:9:W25QXX_SPI	32	static
../Core/Src/flash_spi.c:96:10:W25QXX_ReadID	24	static
../Core/Src/flash_spi.c:120:6:W25QXX_ReadUniqID	16	static
../Core/Src/flash_spi.c:139:6:W25QXX_WriteEnable	8	static
../Core/Src/flash_spi.c:152:6:W25QXX_WriteDisable	8	static
../Core/Src/flash_spi.c:165:6:W25QXX_WaitForWriteEnd	8	static
../Core/Src/flash_spi.c:190:9:W25QXX_Init	16	static
../Core/Src/flash_spi.c:418:6:W25QXX_EraseChip	16	static
../Core/Src/flash_spi.c:444:6:W25QXX_EraseSector	16	static
../Core/Src/flash_spi.c:481:6:W25QXX_EraseBlock	16	static
../Core/Src/flash_spi.c:519:10:W25QXX_PageToSector	0	static
../Core/Src/flash_spi.c:530:10:W25QXX_PageToBlock	0	static
../Core/Src/flash_spi.c:541:10:W25QXX_SectorToBlock	0	static
../Core/Src/flash_spi.c:552:10:W25QXX_SectorToPage	0	static
../Core/Src/flash_spi.c:563:10:W25QXX_BlockToPage	0	static
../Core/Src/flash_spi.c:575:9:W25QXX_IsEmptyPage	280	static
../Core/Src/flash_spi.c:626:9:W25QXX_IsEmptySector	288	static
../Core/Src/flash_spi.c:702:9:W25QXX_IsEmptyBlock	288	static
../Core/Src/flash_spi.c:778:6:W25QXX_WriteByte	16	static
../Core/Src/flash_spi.c:858:6:W25QXX_WritePage	24	static
../Core/Src/flash_spi.c:816:6:W25QXX_WriteBytes	32	static
../Core/Src/flash_spi.c:907:6:W25QXX_WriteSector	32	static
../Core/Src/flash_spi.c:945:6:W25QXX_WriteBlock	32	static
../Core/Src/flash_spi.c:980:6:W25QXX_ReadByte	16	static
../Core/Src/flash_spi.c:1013:6:W25QXX_ReadBytes	24	static
../Core/Src/flash_spi.c:1049:6:W25QXX_ReadPage	24	static
../Core/Src/flash_spi.c:1093:6:W25QXX_ReadSector	32	static
../Core/Src/flash_spi.c:1131:6:W25QXX_ReadBlock	32	static
../Core/Src/flash_spi.c:1166:6:W25QXX_ReadSettings	16	static
../Core/Src/flash_spi.c:1177:6:W25QXX_WriteSettings	16	static
