../Core/Src/flash_spi.c:43:13:W25QXX_ResetInfo	8	static
../Core/Src/flash_spi.c:31:6:W25QXX_InitDevice	8	static
../Core/Src/flash_spi.c:54:6:W25QXX_SetUsedInOS	0	static
../Core/Src/flash_spi.c:65:6:W25QXX_Delay	8	static
../Core/Src/flash_spi.c:82:9:W25QXX_SPI	32	static
../Core/Src/flash_spi.c:96:10:W25QXX_ReadID	24	static
../Core/Src/flash_spi.c:120:6:W25QXX_ReadUniqID	16	static
../Core/Src/flash_spi.c:139:6:W25QXX_WriteEnable	8	static
../Core/Src/flash_spi.c:152:6:W25QXX_WriteDisable	8	static
../Core/Src/flash_spi.c:165:6:W25QXX_WaitForWriteEnd	8	static
../Core/Src/flash_spi.c:190:9:W25QXX_Init	16	static
../Core/Src/flash_spi.c:392:6:W25QXX_EraseChip	16	static
../Core/Src/flash_spi.c:418:6:W25QXX_EraseSector	16	static
../Core/Src/flash_spi.c:455:6:W25QXX_EraseBlock	16	static
../Core/Src/flash_spi.c:493:10:W25QXX_PageToSector	0	static
../Core/Src/flash_spi.c:504:10:W25QXX_PageToBlock	0	static
../Core/Src/flash_spi.c:515:10:W25QXX_SectorToBlock	0	static
../Core/Src/flash_spi.c:526:10:W25QXX_SectorToPage	0	static
../Core/Src/flash_spi.c:537:10:W25QXX_BlockToPage	0	static
../Core/Src/flash_spi.c:549:9:W25QXX_IsEmptyPage	280	static
../Core/Src/flash_spi.c:600:9:W25QXX_IsEmptySector	288	static
../Core/Src/flash_spi.c:676:9:W25QXX_IsEmptyBlock	288	static
../Core/Src/flash_spi.c:752:6:W25QXX_WriteByte	16	static
../Core/Src/flash_spi.c:832:6:W25QXX_WritePage	24	static
../Core/Src/flash_spi.c:790:6:W25QXX_WriteBytes	32	static
../Core/Src/flash_spi.c:881:6:W25QXX_WriteSector	32	static
../Core/Src/flash_spi.c:919:6:W25QXX_WriteBlock	32	static
../Core/Src/flash_spi.c:954:6:W25QXX_ReadByte	16	static
../Core/Src/flash_spi.c:987:6:W25QXX_ReadBytes	24	static
../Core/Src/flash_spi.c:1023:6:W25QXX_ReadPage	24	static
../Core/Src/flash_spi.c:1067:6:W25QXX_ReadSector	32	static
../Core/Src/flash_spi.c:1105:6:W25QXX_ReadBlock	32	static
../Core/Src/flash_spi.c:1140:6:W25QXX_ReadSettings	16	static
../Core/Src/flash_spi.c:1151:6:W25QXX_WriteSettings	16	static
../Core/Src/flash_spi.c:1177:9:W25QXX_CheckDataAtAddress	40	static
../Core/Src/flash_spi.c:1200:6:W25QXX_ClearLastStatus	0	static
../Core/Src/flash_spi.c:1210:19:W25QXX_GetLastStatus	0	static
