../Core/Src/logger.cpp:4:16:uint8_t isInInterrupt()	4	static
../Core/Src/logger.cpp:9:12:int getFreeMessageSlot()	16	static
../Core/Src/logger.cpp:20:6:void freeSlotAtomic(uint8_t)	24	static,ignoring_inline_asm
../Core/Src/logger.cpp:32:5:int getFreeSlotAtomic()	24	static,ignoring_inline_asm
../Core/Src/logger.cpp:47:6:void Logger_Init(UART_HandleTypeDef*)	48	static
../Core/Src/logger.cpp:64:6:void Logger_Process()	32	static
../Core/Src/logger.cpp:111:6:void Logger_TxCpltCallback()	8	static
../Core/Src/logger.cpp:121:6:)	32	static
../Core/Src/logger.cpp:166:6:)	32	static
../Core/Src/logger.cpp:203:6:void Logger_Stop()	40	static
../Core/Src/logger.cpp:222:6:void Logger_GetStats(LoggerStats_t*)	32	static,ignoring_inline_asm
