../Drivers/CMSIS/Include/core_cm4.h:1938:34:void __NVIC_SystemReset()	4	static,ignoring_inline_asm
../Core/Src/main.cpp:127:5:int main()	168	static,ignoring_inline_asm
../Core/Src/main.cpp:344:6:void SystemClock_Config()	88	static
../Core/Src/main.cpp:386:1:int __io_putchar(int)	16	static
../Core/Src/main.cpp:392:9:uint8_t ReadStraps()	16	static
../Core/Src/main.cpp:423:6:void finishedBlink()	16	static
../Core/Src/main.cpp:450:6:void timoutBlink()	16	static
../Core/Src/main.cpp:464:6:void HAL_UART_TxCpltCallback(UART_HandleTypeDef*)	16	static
../Core/Src/main.cpp:470:6:void HAL_TIM_OC_DelayElapsedCallback(TIM_HandleTypeDef*)	16	static
../Core/Src/main.cpp:589:6:void HAL_GPIO_EXTI_Callback(uint16_t)	16	static
../Core/Src/main.cpp:601:6:void HAL_UARTEx_RxEventCallback(UART_HandleTypeDef*, uint16_t)	56	static
../Core/Src/main.cpp:671:6:void HAL_TIM_PeriodElapsedCallback(TIM_HandleTypeDef*)	16	static
../Core/Src/main.cpp:703:6:void Error_Handler()	8	static,ignoring_inline_asm
../Core/Src/main.cpp:713:1:void __static_initialization_and_destruction_0(int, int)	32	static
../Core/Src/main.cpp:713:1:cpp)	8	static
../Core/Src/main.cpp:713:1:cpp)	8	static
