../Drivers/CMSIS/Include/core_cm4.h:1938:34:void __NVIC_SystemReset()	4	static,ignoring_inline_asm
../Core/Src/main.cpp:126:5:int main()	168	static,ignoring_inline_asm
../Core/Src/main.cpp:370:6:void SystemClock_Config()	88	static
../Core/Src/main.cpp:412:1:int __io_putchar(int)	16	static
../Core/Src/main.cpp:418:9:uint8_t ReadStraps()	16	static
../Core/Src/main.cpp:449:6:void finishedBlink()	16	static
../Core/Src/main.cpp:476:6:void timoutBlink()	16	static
../Core/Src/main.cpp:490:6:void HAL_UART_TxCpltCallback(UART_HandleTypeDef*)	16	static
../Core/Src/main.cpp:496:6:void HAL_TIM_OC_DelayElapsedCallback(TIM_HandleTypeDef*)	24	static
../Core/Src/main.cpp:519:6:void HAL_GPIO_EXTI_Callback(uint16_t)	16	static
../Core/Src/main.cpp:531:6:void HAL_UARTEx_RxEventCallback(UART_HandleTypeDef*, uint16_t)	48	static
../Core/Src/main.cpp:568:6:void HAL_TIM_PeriodElapsedCallback(TIM_HandleTypeDef*)	16	static
../Core/Src/main.cpp:600:6:void Error_Handler()	8	static,ignoring_inline_asm
../Core/Src/main.cpp:610:1:void __static_initialization_and_destruction_0(int, int)	32	static
../Core/Src/main.cpp:610:1:cpp)	8	static
../Core/Src/main.cpp:610:1:cpp)	8	static
